../isotp-c/isotp.c:12:5:isotp_user_send_can	56	static
../isotp-c/isotp.c:24:10:isotp_user_get_ms	8	static
../isotp-c/isotp.c:29:16:isotp_ms_to_st_min	24	static
../isotp-c/isotp.c:41:16:isotp_st_min_to_ms	24	static
../isotp-c/isotp.c:55:12:isotp_send_flow_control	32	static
../isotp-c/isotp.c:79:12:isotp_send_single_frame	32	static
../isotp-c/isotp.c:105:12:isotp_send_first_frame	32	static
../isotp-c/isotp.c:129:12:isotp_send_consecutive_frame	32	static
../isotp-c/isotp.c:166:12:isotp_receive_single_frame	24	static
../isotp-c/isotp.c:180:12:isotp_receive_first_frame	32	static
../isotp-c/isotp.c:212:12:isotp_receive_consecutive_frame	32	static
../isotp-c/isotp.c:241:12:isotp_receive_flow_control_frame	24	static
../isotp-c/isotp.c:255:5:isotp_send	24	static
../isotp-c/isotp.c:259:5:isotp_send_with_id	160	static
../isotp-c/isotp.c:306:6:isotp_on_can_message	40	static
../isotp-c/isotp.c:454:5:isotp_receive	32	static
../isotp-c/isotp.c:474:6:isotp_init_link	24	static
../isotp-c/isotp.c:487:6:isotp_poll	32	static
