Archive member included to satisfy reference by file (symbol)

C:/ST/STM32CubeIDE_1.16.1/STM32CubeIDE/plugins/com.st.stm32cube.ide.mcu.externaltools.gnu-tools-for-stm32.12.3.rel1.win32_1.0.200.202406191623/tools/bin/../lib/gcc/arm-none-eabi/12.3.1/../../../../arm-none-eabi/lib/thumb/v7-m/nofp\libc_nano.a(libc_a-exit.o)
                              C:/ST/STM32CubeIDE_1.16.1/STM32CubeIDE/plugins/com.st.stm32cube.ide.mcu.externaltools.gnu-tools-for-stm32.12.3.rel1.win32_1.0.200.202406191623/tools/bin/../lib/gcc/arm-none-eabi/12.3.1/../../../../arm-none-eabi/lib/thumb/v7-m/nofp/crt0.o (exit)
C:/ST/STM32CubeIDE_1.16.1/STM32CubeIDE/plugins/com.st.stm32cube.ide.mcu.externaltools.gnu-tools-for-stm32.12.3.rel1.win32_1.0.200.202406191623/tools/bin/../lib/gcc/arm-none-eabi/12.3.1/../../../../arm-none-eabi/lib/thumb/v7-m/nofp\libc_nano.a(libc_a-findfp.o)
                              C:/ST/STM32CubeIDE_1.16.1/STM32CubeIDE/plugins/com.st.stm32cube.ide.mcu.externaltools.gnu-tools-for-stm32.12.3.rel1.win32_1.0.200.202406191623/tools/bin/../lib/gcc/arm-none-eabi/12.3.1/../../../../arm-none-eabi/lib/thumb/v7-m/nofp\libc_nano.a(libc_a-exit.o) (__stdio_exit_handler)
C:/ST/STM32CubeIDE_1.16.1/STM32CubeIDE/plugins/com.st.stm32cube.ide.mcu.externaltools.gnu-tools-for-stm32.12.3.rel1.win32_1.0.200.202406191623/tools/bin/../lib/gcc/arm-none-eabi/12.3.1/../../../../arm-none-eabi/lib/thumb/v7-m/nofp\libc_nano.a(libc_a-fwalk.o)
                              C:/ST/STM32CubeIDE_1.16.1/STM32CubeIDE/plugins/com.st.stm32cube.ide.mcu.externaltools.gnu-tools-for-stm32.12.3.rel1.win32_1.0.200.202406191623/tools/bin/../lib/gcc/arm-none-eabi/12.3.1/../../../../arm-none-eabi/lib/thumb/v7-m/nofp\libc_nano.a(libc_a-findfp.o) (_fwalk_sglue)
C:/ST/STM32CubeIDE_1.16.1/STM32CubeIDE/plugins/com.st.stm32cube.ide.mcu.externaltools.gnu-tools-for-stm32.12.3.rel1.win32_1.0.200.202406191623/tools/bin/../lib/gcc/arm-none-eabi/12.3.1/../../../../arm-none-eabi/lib/thumb/v7-m/nofp\libc_nano.a(libc_a-stdio.o)
                              C:/ST/STM32CubeIDE_1.16.1/STM32CubeIDE/plugins/com.st.stm32cube.ide.mcu.externaltools.gnu-tools-for-stm32.12.3.rel1.win32_1.0.200.202406191623/tools/bin/../lib/gcc/arm-none-eabi/12.3.1/../../../../arm-none-eabi/lib/thumb/v7-m/nofp\libc_nano.a(libc_a-findfp.o) (__sread)
C:/ST/STM32CubeIDE_1.16.1/STM32CubeIDE/plugins/com.st.stm32cube.ide.mcu.externaltools.gnu-tools-for-stm32.12.3.rel1.win32_1.0.200.202406191623/tools/bin/../lib/gcc/arm-none-eabi/12.3.1/../../../../arm-none-eabi/lib/thumb/v7-m/nofp\libc_nano.a(libc_a-memset.o)
                              C:/ST/STM32CubeIDE_1.16.1/STM32CubeIDE/plugins/com.st.stm32cube.ide.mcu.externaltools.gnu-tools-for-stm32.12.3.rel1.win32_1.0.200.202406191623/tools/bin/../lib/gcc/arm-none-eabi/12.3.1/../../../../arm-none-eabi/lib/thumb/v7-m/nofp/crt0.o (memset)
C:/ST/STM32CubeIDE_1.16.1/STM32CubeIDE/plugins/com.st.stm32cube.ide.mcu.externaltools.gnu-tools-for-stm32.12.3.rel1.win32_1.0.200.202406191623/tools/bin/../lib/gcc/arm-none-eabi/12.3.1/../../../../arm-none-eabi/lib/thumb/v7-m/nofp\libc_nano.a(libc_a-closer.o)
                              C:/ST/STM32CubeIDE_1.16.1/STM32CubeIDE/plugins/com.st.stm32cube.ide.mcu.externaltools.gnu-tools-for-stm32.12.3.rel1.win32_1.0.200.202406191623/tools/bin/../lib/gcc/arm-none-eabi/12.3.1/../../../../arm-none-eabi/lib/thumb/v7-m/nofp\libc_nano.a(libc_a-stdio.o) (_close_r)
C:/ST/STM32CubeIDE_1.16.1/STM32CubeIDE/plugins/com.st.stm32cube.ide.mcu.externaltools.gnu-tools-for-stm32.12.3.rel1.win32_1.0.200.202406191623/tools/bin/../lib/gcc/arm-none-eabi/12.3.1/../../../../arm-none-eabi/lib/thumb/v7-m/nofp\libc_nano.a(libc_a-reent.o)
                              C:/ST/STM32CubeIDE_1.16.1/STM32CubeIDE/plugins/com.st.stm32cube.ide.mcu.externaltools.gnu-tools-for-stm32.12.3.rel1.win32_1.0.200.202406191623/tools/bin/../lib/gcc/arm-none-eabi/12.3.1/../../../../arm-none-eabi/lib/thumb/v7-m/nofp\libc_nano.a(libc_a-closer.o) (errno)
C:/ST/STM32CubeIDE_1.16.1/STM32CubeIDE/plugins/com.st.stm32cube.ide.mcu.externaltools.gnu-tools-for-stm32.12.3.rel1.win32_1.0.200.202406191623/tools/bin/../lib/gcc/arm-none-eabi/12.3.1/../../../../arm-none-eabi/lib/thumb/v7-m/nofp\libc_nano.a(libc_a-impure.o)
                              C:/ST/STM32CubeIDE_1.16.1/STM32CubeIDE/plugins/com.st.stm32cube.ide.mcu.externaltools.gnu-tools-for-stm32.12.3.rel1.win32_1.0.200.202406191623/tools/bin/../lib/gcc/arm-none-eabi/12.3.1/../../../../arm-none-eabi/lib/thumb/v7-m/nofp\libc_nano.a(libc_a-reent.o) (_impure_ptr)
C:/ST/STM32CubeIDE_1.16.1/STM32CubeIDE/plugins/com.st.stm32cube.ide.mcu.externaltools.gnu-tools-for-stm32.12.3.rel1.win32_1.0.200.202406191623/tools/bin/../lib/gcc/arm-none-eabi/12.3.1/../../../../arm-none-eabi/lib/thumb/v7-m/nofp\libc_nano.a(libc_a-lseekr.o)
[...]
Memory Configuration

Name             Origin             Length             Attributes
RAM              0x20000000         0x00005000         xrw
FLASH            0x08000000         0x00010000         xr
*default*        0x00000000         0xffffffff

Linker script and memory map

LOAD C:/ST/STM32CubeIDE_1.16.1/STM32CubeIDE/plugins/com.st.stm32cube.ide.mcu.externaltools.gnu-tools-for-stm32.12.3.rel1.win32_1.0.200.202406191623/tools/bin/../lib/gcc/arm-none-eabi/12.3.1/thumb/v7-m/nofp/crti.o
LOAD C:/ST/STM32CubeIDE_1.16.1/STM32CubeIDE/plugins/com.st.stm32cube.ide.mcu.externaltools.gnu-tools-for-stm32.12.3.rel1.win32_1.0.200.202406191623/tools/bin/../lib/gcc/arm-none-eabi/12.3.1/thumb/v7-m/nofp/crtbegin.o
LOAD C:/ST/STM32CubeIDE_1.16.1/STM32CubeIDE/plugins/com.st.stm32cube.ide.mcu.externaltools.gnu-tools-for-stm32.12.3.rel1.win32_1.0.200.202406191623/tools/bin/../lib/gcc/arm-none-eabi/12.3.1/../../../../arm-none-eabi/lib/thumb/v7-m/nofp/crt0.o
LOAD ./Core/Src/CAN_Handler.o
LOAD ./Core/Src/MOTOR.o
LOAD ./Core/Src/SERVO.o
LOAD ./Core/Src/SIGNAL.o
LOAD ./Core/Src/can.o
LOAD ./Core/Src/gpio.o
LOAD ./Core/Src/main.o
LOAD ./Core/Src/stm32f1xx_hal_msp.o
LOAD ./Core/Src/stm32f1xx_it.o
LOAD ./Core/Src/syscalls.o
LOAD ./Core/Src/sysmem.o
LOAD ./Core/Src/system_stm32f1xx.o
LOAD ./Core/Src/tim.o
LOAD ./Core/Src/usart.o
LOAD ./Core/Startup/startup_stm32f103c8tx.o
LOAD ./Drivers/STM32F1xx_HAL_Driver/Src/stm32f1xx_hal.o
LOAD ./Drivers/STM32F1xx_HAL_Driver/Src/stm32f1xx_hal_can.o
LOAD ./Drivers/STM32F1xx_HAL_Driver/Src/stm32f1xx_hal_cortex.o
LOAD ./Drivers/STM32F1xx_HAL_Driver/Src/stm32f1xx_hal_dma.o
LOAD ./Drivers/STM32F1xx_HAL_Driver/Src/stm32f1xx_hal_exti.o
LOAD ./Drivers/STM32F1xx_HAL_Driver/Src/stm32f1xx_hal_flash.o
LOAD ./Drivers/STM32F1xx_HAL_Driver/Src/stm32f1xx_hal_flash_ex.o
LOAD ./Drivers/STM32F1xx_HAL_Driver/Src/stm32f1xx_hal_gpio.o
LOAD ./Drivers/STM32F1xx_HAL_Driver/Src/stm32f1xx_hal_gpio_ex.o
LOAD ./Drivers/STM32F1xx_HAL_Driver/Src/stm32f1xx_hal_pwr.o
LOAD ./Drivers/STM32F1xx_HAL_Driver/Src/stm32f1xx_hal_rcc.o
LOAD ./Drivers/STM32F1xx_HAL_Driver/Src/stm32f1xx_hal_rcc_ex.o
LOAD ./Drivers/STM32F1xx_HAL_Driver/Src/stm32f1xx_hal_tim.o
LOAD ./Drivers/STM32F1xx_HAL_Driver/Src/stm32f1xx_hal_tim_ex.o
LOAD ./Drivers/STM32F1xx_HAL_Driver/Src/stm32f1xx_hal_uart.o
START GROUP
LOAD C:/ST/STM32CubeIDE_1.16.1/STM32CubeIDE/plugins/com.st.stm32cube.ide.mcu.externaltools.gnu-tools-for-stm32.12.3.rel1.win32_1.0.200.202406191623/tools/bin/../lib/gcc/arm-none-eabi/12.3.1/../../../../arm-none-eabi/lib/thumb/v7-m/nofp\libc_nano.a
LOAD C:/ST/STM32CubeIDE_1.16.1/STM32CubeIDE/plugins/com.st.stm32cube.ide.mcu.externaltools.gnu-tools-for-stm32.12.3.rel1.win32_1.0.200.202406191623/tools/bin/../lib/gcc/arm-none-eabi/12.3.1/../../../../arm-none-eabi/lib/thumb/v7-m/nofp\libm.a
END GROUP
START GROUP
LOAD C:/ST/STM32CubeIDE_1.16.1/STM32CubeIDE/plugins/com.st.stm32cube.ide.mcu.externaltools.gnu-tools-for-stm32.12.3.rel1.win32_1.0.200.202406191623/tools/bin/../lib/gcc/arm-none-eabi/12.3.1/thumb/v7-m/nofp\libgcc.a
LOAD C:/ST/STM32CubeIDE_1.16.1/STM32CubeIDE/plugins/com.st.stm32cube.ide.mcu.externaltools.gnu-tools-for-stm32.12.3.rel1.win32_1.0.200.202406191623/tools/bin/../lib/gcc/arm-none-eabi/12.3.1/../../../../arm-none-eabi/lib/thumb/v7-m/nofp\libc_nano.a
END GROUP
START GROUP
LOAD C:/ST/STM32CubeIDE_1.16.1/STM32CubeIDE/plugins/com.st.stm32cube.ide.mcu.externaltools.gnu-tools-for-stm32.12.3.rel1.win32_1.0.200.202406191623/tools/bin/../lib/gcc/arm-none-eabi/12.3.1/thumb/v7-m/nofp\libgcc.a
LOAD C:/ST/STM32CubeIDE_1.16.1/STM32CubeIDE/plugins/com.st.stm32cube.ide.mcu.externaltools.gnu-tools-for-stm32.12.3.rel1.win32_1.0.200.202406191623/tools/bin/../lib/gcc/arm-none-eabi/12.3.1/../../../../arm-none-eabi/lib/thumb/v7-m/nofp\libc_nano.a
LOAD C:/ST/STM32CubeIDE_1.16.1/STM32CubeIDE/plugins/com.st.stm32cube.ide.mcu.externaltools.gnu-tools-for-stm32.12.3.rel1.win32_1.0.200.202406191623/tools/bin/../lib/gcc/arm-none-eabi/12.3.1/../../../../arm-none-eabi/lib/thumb/v7-m/nofp\libnosys.a
END GROUP
START GROUP
LOAD C:/ST/STM32CubeIDE_1.16.1/STM32CubeIDE/plugins/com.st.stm32cube.ide.mcu.externaltools.gnu-tools-for-stm32.12.3.rel1.win32_1.0.200.202406191623/tools/bin/../lib/gcc/arm-none-eabi/12.3.1/thumb/v7-m/nofp\libgcc.a
LOAD C:/ST/STM32CubeIDE_1.16.1/STM32CubeIDE/plugins/com.st.stm32cube.ide.mcu.externaltools.gnu-tools-for-stm32.12.3.rel1.win32_1.0.200.202406191623/tools/bin/../lib/gcc/arm-none-eabi/12.3.1/../../../../arm-none-eabi/lib/thumb/v7-m/nofp\libc_nano.a
LOAD C:/ST/STM32CubeIDE_1.16.1/STM32CubeIDE/plugins/com.st.stm32cube.ide.mcu.externaltools.gnu-tools-for-stm32.12.3.rel1.win32_1.0.200.202406191623/tools/bin/../lib/gcc/arm-none-eabi/12.3.1/../../../../arm-none-eabi/lib/thumb/v7-m/nofp\libnosys.a
END GROUP
LOAD C:/ST/STM32CubeIDE_1.16.1/STM32CubeIDE/plugins/com.st.stm32cube.ide.mcu.externaltools.gnu-tools-for-stm32.12.3.rel1.win32_1.0.200.202406191623/tools/bin/../lib/gcc/arm-none-eabi/12.3.1/thumb/v7-m/nofp/crtend.o
LOAD C:/ST/STM32CubeIDE_1.16.1/STM32CubeIDE/plugins/com.st.stm32cube.ide.mcu.externaltools.gnu-tools-for-stm32.12.3.rel1.win32_1.0.200.202406191623/tools/bin/../lib/gcc/arm-none-eabi/12.3.1/thumb/v7-m/nofp/crtn.o
                0x20005000                        _estack = (ORIGIN (RAM) + LENGTH (RAM))
                0x00000200                        _Min_Heap_Size = 0x200
                0x00000400                        _Min_Stack_Size = 0x400

.isr_vector     0x08000000      0x10c
                0x08000000                        . = ALIGN (0x4)
 *(.isr_vector)
 .isr_vector    0x08000000      0x10c ./Core/Startup/startup_stm32f103c8tx.o
                0x08000000                g_pfnVectors
                0x0800010c                        . = ALIGN (0x4)

.text           0x08000110     0x4730
                0x08000110                        . = ALIGN (0x4)
 *(.text)
 .text          0x08000110       0x40 C:/ST/STM32CubeIDE_1.16.1/STM32CubeIDE/plugins/com.st.stm32cube.ide.mcu.externaltools.gnu-tools-for-stm32.12.3.rel1.win32_1.0.200.202406191623/tools/bin/../lib/gcc/arm-none-eabi/12.3.1/thumb/v7-m/nofp/crtbegin.o
 .text          0x08000150      0x254 C:/ST/STM32CubeIDE_1.16.1/STM32CubeIDE/plugins/com.st.stm32cube.ide.mcu.externaltools.gnu-tools-for-stm32.12.3.rel1.win32_1.0.200.202406191623/tools/bin/../lib/gcc/arm-none-eabi/12.3.1/thumb/v7-m/nofp\libgcc.a(_arm_muldf3.o)
                0x08000150                __muldf3
                0x08000150                __aeabi_dmul
 .text          0x080003a4      0x378 C:/ST/STM32CubeIDE_1.16.1/STM32CubeIDE/plugins/com.st.stm32cube.ide.mcu.externaltools.gnu-tools-for-stm32.12.3.rel1.win32_1.0.200.202406191623/tools/bin/../lib/gcc/arm-none-eabi/12.3.1/thumb/v7-m/nofp\libgcc.a(_arm_addsubdf3.o)
                0x080003a4                __aeabi_drsub
                0x080003ac                __aeabi_dsub
                0x080003ac                __subdf3
                0x080003b0                __aeabi_dadd
                0x080003b0                __adddf3
                0x08000628                __floatunsidf
                0x08000628                __aeabi_ui2d
                0x08000648                __floatsidf
                0x08000648                __aeabi_i2d
                0x0800066c                __aeabi_f2d
                0x0800066c                __extendsfdf2
                0x080006b0                __floatundidf
                0x080006b0                __aeabi_ul2d
                0x080006c0                __floatdidf
                0x080006c0                __aeabi_l2d
 .text          0x0800071c       0x50 C:/ST/STM32CubeIDE_1.16.1/STM32CubeIDE/plugins/com.st.stm32cube.ide.mcu.externaltools.gnu-tools-for-stm32.12.3.rel1.win32_1.0.200.202406191623/tools/bin/../lib/gcc/arm-none-eabi/12.3.1/thumb/v7-m/nofp\libgcc.a(_arm_fixdfsi.o)
                0x0800071c                __aeabi_d2iz
                0x0800071c                __fixdfsi
 .text          0x0800076c      0x21c C:/ST/STM32CubeIDE_1.16.1/STM32CubeIDE/plugins/com.st.stm32cube.ide.mcu.externaltools.gnu-tools-for-stm32.12.3.rel1.win32_1.0.200.202406191623/tools/bin/../lib/gcc/arm-none-eabi/12.3.1/thumb/v7-m/nofp\libgcc.a(_arm_addsubsf3.o)
                0x0800076c                __aeabi_frsub
                0x08000774                __subsf3
                0x08000774                __aeabi_fsub
                0x08000778                __aeabi_fadd
                0x08000778                __addsf3
                0x080008d8                __aeabi_ui2f
                0x080008d8                __floatunsisf
                0x080008e0                __aeabi_i2f
                0x080008e0                __floatsisf
                0x080008fc                __aeabi_ul2f
                0x080008fc                __floatundisf
                0x0800090c                __aeabi_l2f
                0x0800090c                __floatdisf
 .text          0x08000988      0x2a0 C:/ST/STM32CubeIDE_1.16.1/STM32CubeIDE/plugins/com.st.stm32cube.ide.mcu.externaltools.gnu-tools-for-stm32.12.3.rel1.win32_1.0.200.202406191623/tools/bin/../lib/gcc/arm-none-eabi/12.3.1/thumb/v7-m/nofp\libgcc.a(_arm_muldivsf3.o)
                0x08000988                __mulsf3
                0x08000988                __aeabi_fmul
                0x08000af0                __aeabi_fdiv
                0x08000af0                __divsf3
 .text          0x08000c28       0x40 C:/ST/STM32CubeIDE_1.16.1/STM32CubeIDE/plugins/com.st.stm32cube.ide.mcu.externaltools.gnu-tools-for-stm32.12.3.rel1.win32_1.0.200.202406191623/tools/bin/../lib/gcc/arm-none-eabi/12.3.1/thumb/v7-m/nofp\libgcc.a(_arm_fixunssfsi.o)
                0x08000c28                __fixunssfsi
                0x08000c28                __aeabi_f2uiz
 *(.text*)
 .text.CAN_ComInit_Std
                0x08000c68       0x34 ./Core/Src/CAN_Handler.o
                0x08000c68                CAN_ComInit_Std
 .text.CAN_FilterInit_SingleFF0
                0x08000c9c       0x5e ./Core/Src/CAN_Handler.o
                0x08000c9c                CAN_FilterInit_SingleFF0
 *fill*         0x08000cfa        0x2 
 .text.CAN_Transmit
                0x08000cfc       0x28 ./Core/Src/CAN_Handler.o
                0x08000cfc                CAN_Transmit
 .text.Start_Motor
                0x08000d24       0x38 ./Core/Src/MOTOR.o
                0x08000d24                Start_Motor
 .text.run      0x08000d5c       0x64 ./Core/Src/MOTOR.o
                0x08000d5c                run
 .text.genPwm   0x08000dc0       0x9c ./Core/Src/MOTOR.o
                0x08000dc0                genPwm
 .text.Start_Servo
                0x08000e5c       0x20 ./Core/Src/SERVO.o
                0x08000e5c                Start_Servo
 *fill*         0x08000e7c        0x4 
 .text.Angle    0x08000e80       0x54 ./Core/Src/SERVO.o
                0x08000e80                Angle
 .text.To_Default
                0x08000ed4       0x24 ./Core/Src/SERVO.o
                0x08000ed4                To_Default
 .text.Turn_Left
                0x08000ef8       0x24 ./Core/Src/SERVO.o
                0x08000ef8                Turn_Left
 .text.Turn_Right
                0x08000f1c       0x24 ./Core/Src/SERVO.o
                0x08000f1c                Turn_Right
 .text.MX_CAN_Init
                0x08000f40       0x6c ./Core/Src/can.o
                0x08000f40                MX_CAN_Init
 .text.HAL_CAN_MspInit
                0x08000fac       0xd0 ./Core/Src/can.o
                0x08000fac                HAL_CAN_MspInit
 .text.MX_GPIO_Init
                0x0800107c       0x98 ./Core/Src/gpio.o
                0x0800107c                MX_GPIO_Init
 .text.HAL_CAN_RxFifo0MsgPendingCallback
                0x08001114       0x48 ./Core/Src/main.o
                0x08001114                HAL_CAN_RxFifo0MsgPendingCallback
 .text.main     0x0800115c      0x184 ./Core/Src/main.o
                0x0800115c                main
 .text.SystemClock_Config
                0x080012e0       0x8a ./Core/Src/main.o
                0x080012e0                SystemClock_Config
 .text.Error_Handler
                0x0800136a        0xc ./Core/Src/main.o
                0x0800136a                Error_Handler
 *fill*         0x08001376        0x2 
 .text.HAL_MspInit
                0x08001378       0x64 ./Core/Src/stm32f1xx_hal_msp.o
                0x08001378                HAL_MspInit
 .text.NMI_Handler
                0x080013dc        0x8 ./Core/Src/stm32f1xx_it.o
                0x080013dc                NMI_Handler
 .text.HardFault_Handler
                0x080013e4        0x8 ./Core/Src/stm32f1xx_it.o
                0x080013e4                HardFault_Handler
 .text.MemManage_Handler
                0x080013ec        0x8 ./Core/Src/stm32f1xx_it.o
                0x080013ec                MemManage_Handler
 .text.BusFault_Handler
                0x080013f4        0x8 ./Core/Src/stm32f1xx_it.o
                0x080013f4                BusFault_Handler
 .text.UsageFault_Handler
                0x080013fc        0x8 ./Core/Src/stm32f1xx_it.o
                0x080013fc                UsageFault_Handler
 .text.SVC_Handler
                0x08001404        0xc ./Core/Src/stm32f1xx_it.o
                0x08001404                SVC_Handler
 .text.DebugMon_Handler
                0x08001410        0xc ./Core/Src/stm32f1xx_it.o
                0x08001410                DebugMon_Handler
 .text.PendSV_Handler
                0x0800141c        0xc ./Core/Src/stm32f1xx_it.o
                0x0800141c                PendSV_Handler
 .text.SysTick_Handler
                0x08001428        0xc ./Core/Src/stm32f1xx_it.o
                0x08001428                SysTick_Handler
 .text.USB_LP_CAN1_RX0_IRQHandler
                0x08001434       0x14 ./Core/Src/stm32f1xx_it.o
                0x08001434                USB_LP_CAN1_RX0_IRQHandler
 .text.TIM2_IRQHandler
                0x08001448       0x14 ./Core/Src/stm32f1xx_it.o
                0x08001448                TIM2_IRQHandler
 .text.TIM3_IRQHandler
                0x0800145c       0x14 ./Core/Src/stm32f1xx_it.o
                0x0800145c                TIM3_IRQHandler
 .text.SystemInit
                0x08001470        0xc ./Core/Src/system_stm32f1xx.o
                0x08001470                SystemInit
 .text.MX_TIM1_Init
                0x0800147c      0x158 ./Core/Src/tim.o
                0x0800147c                MX_TIM1_Init
 .text.MX_TIM2_Init
                0x080015d4       0xa8 ./Core/Src/tim.o
                0x080015d4                MX_TIM2_Init
 .text.MX_TIM3_Init
                0x0800167c       0x9c ./Core/Src/tim.o
                0x0800167c                MX_TIM3_Init
 .text.MX_TIM4_Init
                0x08001718       0xec ./Core/Src/tim.o
                0x08001718                MX_TIM4_Init
 .text.HAL_TIM_Base_MspInit
                0x08001804       0x9c ./Core/Src/tim.o
                0x08001804                HAL_TIM_Base_MspInit
 .text.HAL_TIM_Encoder_MspInit
                0x080018a0       0x88 ./Core/Src/tim.o
                0x080018a0                HAL_TIM_Encoder_MspInit
 .text.HAL_TIM_MspPostInit
                0x08001928       0xac ./Core/Src/tim.o
                0x08001928                HAL_TIM_MspPostInit
 .text.MX_USART1_UART_Init
                0x080019d4       0x54 ./Core/Src/usart.o
                0x080019d4                MX_USART1_UART_Init
 .text.HAL_UART_MspInit
                0x08001a28       0x98 ./Core/Src/usart.o
                0x08001a28                HAL_UART_MspInit
 .text.Reset_Handler
                0x08001ac0       0x48 ./Core/Startup/startup_stm32f103c8tx.o
                0x08001ac0                Reset_Handler
 .text.Default_Handler
                0x08001b08        0x2 ./Core/Startup/startup_stm32f103c8tx.o
                0x08001b08                RTC_Alarm_IRQHandler
                0x08001b08                EXTI2_IRQHandler
                0x08001b08                TIM1_CC_IRQHandler
                0x08001b08                PVD_IRQHandler
                0x08001b08                EXTI3_IRQHandler
                0x08001b08                EXTI0_IRQHandler
                0x08001b08                I2C2_EV_IRQHandler
                0x08001b08                ADC1_2_IRQHandler
                0x08001b08                SPI1_IRQHandler
                0x08001b08                TAMPER_IRQHandler
                0x08001b08                DMA1_Channel4_IRQHandler
                0x08001b08                USART3_IRQHandler
                0x08001b08                RTC_IRQHandler
                0x08001b08                DMA1_Channel7_IRQHandler
                0x08001b08                CAN1_RX1_IRQHandler
                0x08001b08                TIM4_IRQHandler
                0x08001b08                I2C1_EV_IRQHandler
                0x08001b08                DMA1_Channel6_IRQHandler
                0x08001b08                RCC_IRQHandler
                0x08001b08                TIM1_TRG_COM_IRQHandler
                0x08001b08                DMA1_Channel1_IRQHandler
                0x08001b08                Default_Handler
                0x08001b08                EXTI15_10_IRQHandler
                0x08001b08                EXTI9_5_IRQHandler
                0x08001b08                SPI2_IRQHandler
                0x08001b08                DMA1_Channel5_IRQHandler
                0x08001b08                EXTI4_IRQHandler
                0x08001b08                USB_HP_CAN1_TX_IRQHandler
                0x08001b08                DMA1_Channel3_IRQHandler
                0x08001b08                TIM1_UP_IRQHandler
                0x08001b08                WWDG_IRQHandler
                0x08001b08                TIM1_BRK_IRQHandler
                0x08001b08                EXTI1_IRQHandler
                0x08001b08                USART2_IRQHandler
                0x08001b08                I2C2_ER_IRQHandler
                0x08001b08                DMA1_Channel2_IRQHandler
                0x08001b08                CAN1_SCE_IRQHandler
                0x08001b08                FLASH_IRQHandler
                0x08001b08                USART1_IRQHandler
                0x08001b08                I2C1_ER_IRQHandler
                0x08001b08                USBWakeUp_IRQHandler
 *fill*         0x08001b0a        0x2 
 .text.HAL_Init
                0x08001b0c       0x2c ./Drivers/STM32F1xx_HAL_Driver/Src/stm32f1xx_hal.o
                0x08001b0c                HAL_Init
 .text.HAL_InitTick
                0x08001b38       0x60 ./Drivers/STM32F1xx_HAL_Driver/Src/stm32f1xx_hal.o
                0x08001b38                HAL_InitTick
 .text.HAL_IncTick
                0x08001b98       0x24 ./Drivers/STM32F1xx_HAL_Driver/Src/stm32f1xx_hal.o
                0x08001b98                HAL_IncTick
 .text.HAL_GetTick
                0x08001bbc       0x14 ./Drivers/STM32F1xx_HAL_Driver/Src/stm32f1xx_hal.o
                0x08001bbc                HAL_GetTick
 .text.HAL_Delay
                0x08001bd0       0x48 ./Drivers/STM32F1xx_HAL_Driver/Src/stm32f1xx_hal.o
                0x08001bd0                HAL_Delay
 .text.HAL_CAN_Init
                0x08001c18      0x1f6 ./Drivers/STM32F1xx_HAL_Driver/Src/stm32f1xx_hal_can.o
                0x08001c18                HAL_CAN_Init
 .text.HAL_CAN_ConfigFilter
                0x08001e0e      0x192 ./Drivers/STM32F1xx_HAL_Driver/Src/stm32f1xx_hal_can.o
                0x08001e0e                HAL_CAN_ConfigFilter
 .text.HAL_CAN_Start
                0x08001fa0       0x88 ./Drivers/STM32F1xx_HAL_Driver/Src/stm32f1xx_hal_can.o
                0x08001fa0                HAL_CAN_Start
 .text.HAL_CAN_AddTxMessage
                0x08002028      0x19e ./Drivers/STM32F1xx_HAL_Driver/Src/stm32f1xx_hal_can.o
                0x08002028                HAL_CAN_AddTxMessage
 .text.HAL_CAN_GetRxMessage
                0x080021c6      0x242 ./Drivers/STM32F1xx_HAL_Driver/Src/stm32f1xx_hal_can.o
                0x080021c6                HAL_CAN_GetRxMessage
 .text.HAL_CAN_ActivateNotification
                0x08002408       0x4a ./Drivers/STM32F1xx_HAL_Driver/Src/stm32f1xx_hal_can.o
                0x08002408                HAL_CAN_ActivateNotification
 .text.HAL_CAN_IRQHandler
                0x08002452      0x36e ./Drivers/STM32F1xx_HAL_Driver/Src/stm32f1xx_hal_can.o
                0x08002452                HAL_CAN_IRQHandler
 .text.HAL_CAN_TxMailbox0CompleteCallback
                0x080027c0       0x12 ./Drivers/STM32F1xx_HAL_Driver/Src/stm32f1xx_hal_can.o
                0x080027c0                HAL_CAN_TxMailbox0CompleteCallback
 .text.HAL_CAN_TxMailbox1CompleteCallback
                0x080027d2       0x12 ./Drivers/STM32F1xx_HAL_Driver/Src/stm32f1xx_hal_can.o
                0x080027d2                HAL_CAN_TxMailbox1CompleteCallback
 .text.HAL_CAN_TxMailbox2CompleteCallback
                0x080027e4       0x12 ./Drivers/STM32F1xx_HAL_Driver/Src/stm32f1xx_hal_can.o
                0x080027e4                HAL_CAN_TxMailbox2CompleteCallback
 .text.HAL_CAN_TxMailbox0AbortCallback
                0x080027f6       0x12 ./Drivers/STM32F1xx_HAL_Driver/Src/stm32f1xx_hal_can.o
                0x080027f6                HAL_CAN_TxMailbox0AbortCallback
 .text.HAL_CAN_TxMailbox1AbortCallback
                0x08002808       0x12 ./Drivers/STM32F1xx_HAL_Driver/Src/stm32f1xx_hal_can.o
                0x08002808                HAL_CAN_TxMailbox1AbortCallback
 .text.HAL_CAN_TxMailbox2AbortCallback
                0x0800281a       0x12 ./Drivers/STM32F1xx_HAL_Driver/Src/stm32f1xx_hal_can.o
                0x0800281a                HAL_CAN_TxMailbox2AbortCallback
 .text.HAL_CAN_RxFifo0FullCallback
                0x0800282c       0x12 ./Drivers/STM32F1xx_HAL_Driver/Src/stm32f1xx_hal_can.o
                0x0800282c                HAL_CAN_RxFifo0FullCallback
 .text.HAL_CAN_RxFifo1MsgPendingCallback
                0x0800283e       0x12 ./Drivers/STM32F1xx_HAL_Driver/Src/stm32f1xx_hal_can.o
                0x0800283e                HAL_CAN_RxFifo1MsgPendingCallback
 .text.HAL_CAN_RxFifo1FullCallback
                0x08002850       0x12 ./Drivers/STM32F1xx_HAL_Driver/Src/stm32f1xx_hal_can.o
                0x08002850                HAL_CAN_RxFifo1FullCallback
 .text.HAL_CAN_SleepCallback
                0x08002862       0x12 ./Drivers/STM32F1xx_HAL_Driver/Src/stm32f1xx_hal_can.o
                0x08002862                HAL_CAN_SleepCallback
 .text.HAL_CAN_WakeUpFromRxMsgCallback
                0x08002874       0x12 ./Drivers/STM32F1xx_HAL_Driver/Src/stm32f1xx_hal_can.o
                0x08002874                HAL_CAN_WakeUpFromRxMsgCallback
 .text.HAL_CAN_ErrorCallback
                0x08002886       0x12 ./Drivers/STM32F1xx_HAL_Driver/Src/stm32f1xx_hal_can.o
                0x08002886                HAL_CAN_ErrorCallback
 .text.__NVIC_SetPriorityGrouping
                0x08002898       0x48 ./Drivers/STM32F1xx_HAL_Driver/Src/stm32f1xx_hal_cortex.o
 .text.__NVIC_GetPriorityGrouping
                0x080028e0       0x1c ./Drivers/STM32F1xx_HAL_Driver/Src/stm32f1xx_hal_cortex.o
 .text.__NVIC_EnableIRQ
                0x080028fc       0x38 ./Drivers/STM32F1xx_HAL_Driver/Src/stm32f1xx_hal_cortex.o
 .text.__NVIC_SetPriority
                0x08002934       0x54 ./Drivers/STM32F1xx_HAL_Driver/Src/stm32f1xx_hal_cortex.o
 .text.NVIC_EncodePriority
                0x08002988       0x64 ./Drivers/STM32F1xx_HAL_Driver/Src/stm32f1xx_hal_cortex.o
 .text.SysTick_Config
                0x080029ec       0x44 ./Drivers/STM32F1xx_HAL_Driver/Src/stm32f1xx_hal_cortex.o
 .text.HAL_NVIC_SetPriorityGrouping
                0x08002a30       0x16 ./Drivers/STM32F1xx_HAL_Driver/Src/stm32f1xx_hal_cortex.o
                0x08002a30                HAL_NVIC_SetPriorityGrouping
 .text.HAL_NVIC_SetPriority
                0x08002a46       0x38 ./Drivers/STM32F1xx_HAL_Driver/Src/stm32f1xx_hal_cortex.o
                0x08002a46                HAL_NVIC_SetPriority
 .text.HAL_NVIC_EnableIRQ
                0x08002a7e       0x1c ./Drivers/STM32F1xx_HAL_Driver/Src/stm32f1xx_hal_cortex.o
                0x08002a7e                HAL_NVIC_EnableIRQ
 .text.HAL_SYSTICK_Config
                0x08002a9a       0x18 ./Drivers/STM32F1xx_HAL_Driver/Src/stm32f1xx_hal_cortex.o
                0x08002a9a                HAL_SYSTICK_Config
 *fill*         0x08002ab2        0x2 
 .text.HAL_GPIO_Init
                0x08002ab4      0x308 ./Drivers/STM32F1xx_HAL_Driver/Src/stm32f1xx_hal_gpio.o
                0x08002ab4                HAL_GPIO_Init
 .text.HAL_GPIO_WritePin
                0x08002dbc       0x30 ./Drivers/STM32F1xx_HAL_Driver/Src/stm32f1xx_hal_gpio.o
                0x08002dbc                HAL_GPIO_WritePin
 .text.HAL_RCC_OscConfig
                0x08002dec      0x504 ./Drivers/STM32F1xx_HAL_Driver/Src/stm32f1xx_hal_rcc.o
                0x08002dec                HAL_RCC_OscConfig
 .text.HAL_RCC_ClockConfig
                0x080032f0      0x1d4 ./Drivers/STM32F1xx_HAL_Driver/Src/stm32f1xx_hal_rcc.o
                0x080032f0                HAL_RCC_ClockConfig
 .text.HAL_RCC_GetSysClockFreq
                0x080034c4       0xa8 ./Drivers/STM32F1xx_HAL_Driver/Src/stm32f1xx_hal_rcc.o
                0x080034c4                HAL_RCC_GetSysClockFreq
 .text.HAL_RCC_GetHCLKFreq
                0x0800356c       0x14 ./Drivers/STM32F1xx_HAL_Driver/Src/stm32f1xx_hal_rcc.o
                0x0800356c                HAL_RCC_GetHCLKFreq
 .text.HAL_RCC_GetPCLK1Freq
                0x08003580       0x28 ./Drivers/STM32F1xx_HAL_Driver/Src/stm32f1xx_hal_rcc.o
                0x08003580                HAL_RCC_GetPCLK1Freq
 .text.HAL_RCC_GetPCLK2Freq
                0x080035a8       0x28 ./Drivers/STM32F1xx_HAL_Driver/Src/stm32f1xx_hal_rcc.o
                0x080035a8                HAL_RCC_GetPCLK2Freq
 .text.RCC_Delay
                0x080035d0       0x3c ./Drivers/STM32F1xx_HAL_Driver/Src/stm32f1xx_hal_rcc.o
 .text.HAL_TIM_Base_Init
                0x0800360c       0x9e ./Drivers/STM32F1xx_HAL_Driver/Src/stm32f1xx_hal_tim.o
                0x0800360c                HAL_TIM_Base_Init
 .text.HAL_TIM_PWM_Init
                0x080036aa       0x9e ./Drivers/STM32F1xx_HAL_Driver/Src/stm32f1xx_hal_tim.o
                0x080036aa                HAL_TIM_PWM_Init
 .text.HAL_TIM_PWM_MspInit
                0x08003748       0x12 ./Drivers/STM32F1xx_HAL_Driver/Src/stm32f1xx_hal_tim.o
                0x08003748                HAL_TIM_PWM_MspInit
 *fill*         0x0800375a        0x2 
 .text.HAL_TIM_PWM_Start
                0x0800375c      0x144 ./Drivers/STM32F1xx_HAL_Driver/Src/stm32f1xx_hal_tim.o
                0x0800375c                HAL_TIM_PWM_Start
 .text.HAL_TIM_Encoder_Init
                0x080038a0      0x144 ./Drivers/STM32F1xx_HAL_Driver/Src/stm32f1xx_hal_tim.o
                0x080038a0                HAL_TIM_Encoder_Init
 .text.HAL_TIM_IRQHandler
                0x080039e4      0x1e0 ./Drivers/STM32F1xx_HAL_Driver/Src/stm32f1xx_hal_tim.o
                0x080039e4                HAL_TIM_IRQHandler
 .text.HAL_TIM_PWM_ConfigChannel
                0x08003bc4      0x184 ./Drivers/STM32F1xx_HAL_Driver/Src/stm32f1xx_hal_tim.o
                0x08003bc4                HAL_TIM_PWM_ConfigChannel
 .text.HAL_TIM_ConfigClockSource
                0x08003d48      0x18e ./Drivers/STM32F1xx_HAL_Driver/Src/stm32f1xx_hal_tim.o
                0x08003d48                HAL_TIM_ConfigClockSource
 .text.HAL_TIM_PeriodElapsedCallback
                0x08003ed6       0x12 ./Drivers/STM32F1xx_HAL_Driver/Src/stm32f1xx_hal_tim.o
                0x08003ed6                HAL_TIM_PeriodElapsedCallback
 .text.HAL_TIM_OC_DelayElapsedCallback
                0x08003ee8       0x12 ./Drivers/STM32F1xx_HAL_Driver/Src/stm32f1xx_hal_tim.o
                0x08003ee8                HAL_TIM_OC_DelayElapsedCallback
 .text.HAL_TIM_IC_CaptureCallback
                0x08003efa       0x12 ./Drivers/STM32F1xx_HAL_Driver/Src/stm32f1xx_hal_tim.o
                0x08003efa                HAL_TIM_IC_CaptureCallback
 .text.HAL_TIM_PWM_PulseFinishedCallback
                0x08003f0c       0x12 ./Drivers/STM32F1xx_HAL_Driver/Src/stm32f1xx_hal_tim.o
                0x08003f0c                HAL_TIM_PWM_PulseFinishedCallback
 .text.HAL_TIM_TriggerCallback
                0x08003f1e       0x12 ./Drivers/STM32F1xx_HAL_Driver/Src/stm32f1xx_hal_tim.o
                0x08003f1e                HAL_TIM_TriggerCallback
 .text.TIM_Base_SetConfig
                0x08003f30       0xdc ./Drivers/STM32F1xx_HAL_Driver/Src/stm32f1xx_hal_tim.o
                0x08003f30                TIM_Base_SetConfig
 .text.TIM_OC1_SetConfig
                0x0800400c       0xcc ./Drivers/STM32F1xx_HAL_Driver/Src/stm32f1xx_hal_tim.o
 .text.TIM_OC2_SetConfig
                0x080040d8       0xd4 ./Drivers/STM32F1xx_HAL_Driver/Src/stm32f1xx_hal_tim.o
                0x080040d8                TIM_OC2_SetConfig
 .text.TIM_OC3_SetConfig
                0x080041ac       0xd4 ./Drivers/STM32F1xx_HAL_Driver/Src/stm32f1xx_hal_tim.o
 .text.TIM_OC4_SetConfig
                0x08004280       0x9c ./Drivers/STM32F1xx_HAL_Driver/Src/stm32f1xx_hal_tim.o
 .text.TIM_TI1_ConfigInputStage
                0x0800431c       0x5c ./Drivers/STM32F1xx_HAL_Driver/Src/stm32f1xx_hal_tim.o
 .text.TIM_TI2_ConfigInputStage
                0x08004378       0x5e ./Drivers/STM32F1xx_HAL_Driver/Src/stm32f1xx_hal_tim.o
 .text.TIM_ITRx_SetConfig
                0x080043d6       0x34 ./Drivers/STM32F1xx_HAL_Driver/Src/stm32f1xx_hal_tim.o
 .text.TIM_ETR_SetConfig
                0x0800440a       0x3e ./Drivers/STM32F1xx_HAL_Driver/Src/stm32f1xx_hal_tim.o
                0x0800440a                TIM_ETR_SetConfig
 .text.TIM_CCxChannelCmd
                0x08004448       0x48 ./Drivers/STM32F1xx_HAL_Driver/Src/stm32f1xx_hal_tim.o
                0x08004448                TIM_CCxChannelCmd
 .text.HAL_TIMEx_MasterConfigSynchronization
                0x08004490       0xbc ./Drivers/STM32F1xx_HAL_Driver/Src/stm32f1xx_hal_tim_ex.o
                0x08004490                HAL_TIMEx_MasterConfigSynchronization
 .text.HAL_TIMEx_ConfigBreakDeadTime
                0x0800454c       0xa2 ./Drivers/STM32F1xx_HAL_Driver/Src/stm32f1xx_hal_tim_ex.o
                0x0800454c                HAL_TIMEx_ConfigBreakDeadTime
 .text.HAL_TIMEx_CommutCallback
                0x080045ee       0x12 ./Drivers/STM32F1xx_HAL_Driver/Src/stm32f1xx_hal_tim_ex.o
                0x080045ee                HAL_TIMEx_CommutCallback
 .text.HAL_TIMEx_BreakCallback
                0x08004600       0x12 ./Drivers/STM32F1xx_HAL_Driver/Src/stm32f1xx_hal_tim_ex.o
                0x08004600                HAL_TIMEx_BreakCallback
 .text.HAL_UART_Init
                0x08004612       0xa0 ./Drivers/STM32F1xx_HAL_Driver/Src/stm32f1xx_hal_uart.o
                0x08004612                HAL_UART_Init
 *fill*         0x080046b2        0x2 
 .text.UART_SetConfig
                0x080046b4      0x11c ./Drivers/STM32F1xx_HAL_Driver/Src/stm32f1xx_hal_uart.o
 .text.memset   0x080047d0       0x10 C:/ST/STM32CubeIDE_1.16.1/STM32CubeIDE/plugins/com.st.stm32cube.ide.mcu.externaltools.gnu-tools-for-stm32.12.3.rel1.win32_1.0.200.202406191623/tools/bin/../lib/gcc/arm-none-eabi/12.3.1/../../../../arm-none-eabi/lib/thumb/v7-m/nofp\libc_nano.a(libc_a-memset.o)
                0x080047d0                memset
 .text.__libc_init_array
                0x080047e0       0x48 C:/ST/STM32CubeIDE_1.16.1/STM32CubeIDE/plugins/com.st.stm32cube.ide.mcu.externaltools.gnu-tools-for-stm32.12.3.rel1.win32_1.0.200.202406191623/tools/bin/../lib/gcc/arm-none-eabi/12.3.1/../../../../arm-none-eabi/lib/thumb/v7-m/nofp\libc_nano.a(libc_a-init.o)
                0x080047e0                __libc_init_array
 *(.glue_7)
 .glue_7        0x08004828        0x0 linker stubs
 *(.glue_7t)
 .glue_7t       0x08004828        0x0 linker stubs
 *(.eh_frame)
 .eh_frame      0x08004828        0x0 C:/ST/STM32CubeIDE_1.16.1/STM32CubeIDE/plugins/com.st.stm32cube.ide.mcu.externaltools.gnu-tools-for-stm32.12.3.rel1.win32_1.0.200.202406191623/tools/bin/../lib/gcc/arm-none-eabi/12.3.1/thumb/v7-m/nofp/crtbegin.o
 *(.init)
 .init          0x08004828        0x4 C:/ST/STM32CubeIDE_1.16.1/STM32CubeIDE/plugins/com.st.stm32cube.ide.mcu.externaltools.gnu-tools-for-stm32.12.3.rel1.win32_1.0.200.202406191623/tools/bin/../lib/gcc/arm-none-eabi/12.3.1/thumb/v7-m/nofp/crti.o
                0x08004828                _init
 .init          0x0800482c        0x8 C:/ST/STM32CubeIDE_1.16.1/STM32CubeIDE/plugins/com.st.stm32cube.ide.mcu.externaltools.gnu-tools-for-stm32.12.3.rel1.win32_1.0.200.202406191623/tools/bin/../lib/gcc/arm-none-eabi/12.3.1/thumb/v7-m/nofp/crtn.o
 *(.fini)
 .fini          0x08004834        0x4 C:/ST/STM32CubeIDE_1.16.1/STM32CubeIDE/plugins/com.st.stm32cube.ide.mcu.externaltools.gnu-tools-for-stm32.12.3.rel1.win32_1.0.200.202406191623/tools/bin/../lib/gcc/arm-none-eabi/12.3.1/thumb/v7-m/nofp/crti.o
                0x08004834                _fini
 .fini          0x08004838        0x8 C:/ST/STM32CubeIDE_1.16.1/STM32CubeIDE/plugins/com.st.stm32cube.ide.mcu.externaltools.gnu-tools-for-stm32.12.3.rel1.win32_1.0.200.202406191623/tools/bin/../lib/gcc/arm-none-eabi/12.3.1/thumb/v7-m/nofp/crtn.o
                0x08004840                        . = ALIGN (0x4)
                0x08004840                        _etext = .

.vfp11_veneer   0x08004840        0x0
 .vfp11_veneer  0x08004840        0x0 linker stubs

.v4_bx          0x08004840        0x0
 .v4_bx         0x08004840        0x0 linker stubs

.iplt           0x08004840        0x0
 .iplt          0x08004840        0x0 C:/ST/STM32CubeIDE_1.16.1/STM32CubeIDE/plugins/com.st.stm32cube.ide.mcu.externaltools.gnu-tools-for-stm32.12.3.rel1.win32_1.0.200.202406191623/tools/bin/../lib/gcc/arm-none-eabi/12.3.1/thumb/v7-m/nofp/crtbegin.o

.rodata         0x08004840       0x2c
                0x08004840                        . = ALIGN (0x4)
 *(.rodata)
 *(.rodata*)
 .rodata.AHBPrescTable
                0x08004840       0x10 ./Core/Src/system_stm32f1xx.o
                0x08004840                AHBPrescTable
 .rodata.APBPrescTable
                0x08004850        0x8 ./Core/Src/system_stm32f1xx.o
                0x08004850                APBPrescTable
 .rodata.aPLLMULFactorTable.1
                0x08004858       0x10 ./Drivers/STM32F1xx_HAL_Driver/Src/stm32f1xx_hal_rcc.o
 .rodata.aPredivFactorTable.0
                0x08004868        0x2 ./Drivers/STM32F1xx_HAL_Driver/Src/stm32f1xx_hal_rcc.o
                0x0800486c                        . = ALIGN (0x4)
 *fill*         0x0800486a        0x2 

.ARM.extab      0x0800486c        0x0
                0x0800486c                        . = ALIGN (0x4)
 *(.ARM.extab* .gnu.linkonce.armextab.*)
                0x0800486c                        . = ALIGN (0x4)

.ARM            0x0800486c        0x0
                0x0800486c                        . = ALIGN (0x4)
                0x0800486c                        __exidx_start = .
 *(.ARM.exidx*)
                0x0800486c                        __exidx_end = .
                0x0800486c                        . = ALIGN (0x4)

.preinit_array  0x0800486c        0x0
                0x0800486c                        . = ALIGN (0x4)
                0x0800486c                        PROVIDE (__preinit_array_start = .)
 *(.preinit_array*)
                0x0800486c                        PROVIDE (__preinit_array_end = .)
                0x0800486c                        . = ALIGN (0x4)

.init_array     0x0800486c        0x4
                0x0800486c                        . = ALIGN (0x4)
                0x0800486c                        PROVIDE (__init_array_start = .)
 *(SORT_BY_NAME(.init_array.*))
 *(.init_array*)
 .init_array    0x0800486c        0x4 C:/ST/STM32CubeIDE_1.16.1/STM32CubeIDE/plugins/com.st.stm32cube.ide.mcu.externaltools.gnu-tools-for-stm32.12.3.rel1.win32_1.0.200.202406191623/tools/bin/../lib/gcc/arm-none-eabi/12.3.1/thumb/v7-m/nofp/crtbegin.o
                0x08004870                        PROVIDE (__init_array_end = .)
                0x08004870                        . = ALIGN (0x4)

.fini_array     0x08004870        0x4
                0x08004870                        . = ALIGN (0x4)
                [!provide]                        PROVIDE (__fini_array_start = .)
 *(SORT_BY_NAME(.fini_array.*))
 *(.fini_array*)
 .fini_array    0x08004870        0x4 C:/ST/STM32CubeIDE_1.16.1/STM32CubeIDE/plugins/com.st.stm32cube.ide.mcu.externaltools.gnu-tools-for-stm32.12.3.rel1.win32_1.0.200.202406191623/tools/bin/../lib/gcc/arm-none-eabi/12.3.1/thumb/v7-m/nofp/crtbegin.o
                [!provide]                        PROVIDE (__fini_array_end = .)
                0x08004874                        . = ALIGN (0x4)
                0x08004874                        _sidata = LOADADDR (.data)

.rel.dyn        0x08004874        0x0
 .rel.iplt      0x08004874        0x0 C:/ST/STM32CubeIDE_1.16.1/STM32CubeIDE/plugins/com.st.stm32cube.ide.mcu.externaltools.gnu-tools-for-stm32.12.3.rel1.win32_1.0.200.202406191623/tools/bin/../lib/gcc/arm-none-eabi/12.3.1/thumb/v7-m/nofp/crtbegin.o

.data           0x20000000       0x30 load address 0x08004874
                0x20000000                        . = ALIGN (0x4)
                0x20000000                        _sdata = .
 *(.data)
 *(.data*)
 .data.LEFT     0x20000000        0x8 ./Core/Src/SIGNAL.o
                0x20000000                LEFT
 .data.RIGHT    0x20000008        0x8 ./Core/Src/SIGNAL.o
                0x20000008                RIGHT
 .data.FORWARD  0x20000010        0x8 ./Core/Src/SIGNAL.o
                0x20000010                FORWARD
 .data.BACKWARD
                0x20000018        0x8 ./Core/Src/SIGNAL.o
                0x20000018                BACKWARD
 .data.mess     0x20000020        0x1 ./Core/Src/main.o
                0x20000020                mess
 .data.mess2    0x20000021        0x1 ./Core/Src/main.o
                0x20000021                mess2
 *fill*         0x20000022        0x2 
 .data.SystemCoreClock
                0x20000024        0x4 ./Core/Src/system_stm32f1xx.o
                0x20000024                SystemCoreClock
 .data.uwTickPrio
                0x20000028        0x4 ./Drivers/STM32F1xx_HAL_Driver/Src/stm32f1xx_hal.o
                0x20000028                uwTickPrio
 .data.uwTickFreq
                0x2000002c        0x1 ./Drivers/STM32F1xx_HAL_Driver/Src/stm32f1xx_hal.o
                0x2000002c                uwTickFreq
 *(.RamFunc)
 *(.RamFunc*)
                0x20000030                        . = ALIGN (0x4)
 *fill*         0x2000002d        0x3 
                0x20000030                        _edata = .

.igot.plt       0x20000030        0x0 load address 0x080048a4
 .igot.plt      0x20000030        0x0 C:/ST/STM32CubeIDE_1.16.1/STM32CubeIDE/plugins/com.st.stm32cube.ide.mcu.externaltools.gnu-tools-for-stm32.12.3.rel1.win32_1.0.200.202406191623/tools/bin/../lib/gcc/arm-none-eabi/12.3.1/thumb/v7-m/nofp/crtbegin.o
                0x20000030                        . = ALIGN (0x4)

.bss            0x20000030      0x21c load address 0x080048a4
                0x20000030                        _sbss = .
                0x20000030                        __bss_start__ = _sbss
 *(.bss)
 .bss           0x20000030       0x1c C:/ST/STM32CubeIDE_1.16.1/STM32CubeIDE/plugins/com.st.stm32cube.ide.mcu.externaltools.gnu-tools-for-stm32.12.3.rel1.win32_1.0.200.202406191623/tools/bin/../lib/gcc/arm-none-eabi/12.3.1/thumb/v7-m/nofp/crtbegin.o
 *(.bss*)
 .bss.TxHeader  0x2000004c       0x18 ./Core/Src/CAN_Handler.o
                0x2000004c                TxHeader
 .bss.Mailbox   0x20000064        0x4 ./Core/Src/CAN_Handler.o
                0x20000064                Mailbox
 .bss.RxHeader  0x20000068       0x1c ./Core/Src/CAN_Handler.o
                0x20000068                RxHeader
 .bss.canfilterconfig
                0x20000084       0x28 ./Core/Src/CAN_Handler.o
                0x20000084                canfilterconfig
 .bss.RxData    0x200000ac        0x8 ./Core/Src/CAN_Handler.o
                0x200000ac                RxData
 .bss.hcan      0x200000b4       0x28 ./Core/Src/can.o
                0x200000b4                hcan
 .bss.receive   0x200000dc        0x1 ./Core/Src/main.o
                0x200000dc                receive
 *fill*         0x200000dd        0x3 
 .bss.htim1     0x200000e0       0x48 ./Core/Src/tim.o
                0x200000e0                htim1
 .bss.htim2     0x20000128       0x48 ./Core/Src/tim.o
                0x20000128                htim2
 .bss.htim3     0x20000170       0x48 ./Core/Src/tim.o
                0x20000170                htim3
 .bss.htim4     0x200001b8       0x48 ./Core/Src/tim.o
                0x200001b8                htim4
 .bss.huart1    0x20000200       0x48 ./Core/Src/usart.o
                0x20000200                huart1
 .bss.uwTick    0x20000248        0x4 ./Drivers/STM32F1xx_HAL_Driver/Src/stm32f1xx_hal.o
                0x20000248                uwTick
 *(COMMON)
                0x2000024c                        . = ALIGN (0x4)
                0x2000024c                        _ebss = .
                0x2000024c                        __bss_end__ = _ebss

._user_heap_stack
                0x2000024c      0x604 load address 0x080048a4
                0x20000250                        . = ALIGN (0x8)
 *fill*         0x2000024c        0x4 
                [!provide]                        PROVIDE (end = .)
                0x20000250                        PROVIDE (_end = .)
                0x20000450                        . = (. + _Min_Heap_Size)
 *fill*         0x20000250      0x200 
                0x20000850                        . = (. + _Min_Stack_Size)
 *fill*         0x20000450      0x400 
                0x20000850                        . = ALIGN (0x8)

/DISCARD/
 libc.a(*)
 libm.a(*)
 libgcc.a(*)

.ARM.attributes
                0x00000000       0x29
 *(.ARM.attributes)
 .ARM.attributes
                0x00000000       0x1d C:/ST/STM32CubeIDE_1.16.1/STM32CubeIDE/plugins/com.st.stm32cube.ide.mcu.externaltools.gnu-tools-for-stm32.12.3.rel1.win32_1.0.200.202406191623/tools/bin/../lib/gcc/arm-none-eabi/12.3.1/thumb/v7-m/nofp/crti.o
 .ARM.attributes
                0x0000001d       0x2d C:/ST/STM32CubeIDE_1.16.1/STM32CubeIDE/plugins/com.st.stm32cube.ide.mcu.externaltools.gnu-tools-for-stm32.12.3.rel1.win32_1.0.200.202406191623/tools/bin/../lib/gcc/arm-none-eabi/12.3.1/thumb/v7-m/nofp/crtbegin.o
 .ARM.attributes
                0x0000004a       0x2d ./Core/Src/CAN_Handler.o
 .ARM.attributes
                0x00000077       0x2d ./Core/Src/MOTOR.o
 .ARM.attributes
                0x000000a4       0x2d ./Core/Src/SERVO.o
 .ARM.attributes
                0x000000d1       0x2d ./Core/Src/SIGNAL.o
 .ARM.attributes
                0x000000fe       0x2d ./Core/Src/can.o
 .ARM.attributes
                0x0000012b       0x2d ./Core/Src/gpio.o
 .ARM.attributes
                0x00000158       0x2d ./Core/Src/main.o
 .ARM.attributes
                0x00000185       0x2d ./Core/Src/stm32f1xx_hal_msp.o
 .ARM.attributes
                0x000001b2       0x2d ./Core/Src/stm32f1xx_it.o
 .ARM.attributes
                0x000001df       0x2d ./Core/Src/system_stm32f1xx.o
 .ARM.attributes
                0x0000020c       0x2d ./Core/Src/tim.o
 .ARM.attributes
                0x00000239       0x2d ./Core/Src/usart.o
 .ARM.attributes
                0x00000266       0x21 ./Core/Startup/startup_stm32f103c8tx.o
 .ARM.attributes
                0x00000287       0x2d ./Drivers/STM32F1xx_HAL_Driver/Src/stm32f1xx_hal.o
 .ARM.attributes
                0x000002b4       0x2d ./Drivers/STM32F1xx_HAL_Driver/Src/stm32f1xx_hal_can.o
 .ARM.attributes
                0x000002e1       0x2d ./Drivers/STM32F1xx_HAL_Driver/Src/stm32f1xx_hal_cortex.o
 .ARM.attributes
                0x0000030e       0x2d ./Drivers/STM32F1xx_HAL_Driver/Src/stm32f1xx_hal_gpio.o
 .ARM.attributes
                0x0000033b       0x2d ./Drivers/STM32F1xx_HAL_Driver/Src/stm32f1xx_hal_rcc.o
 .ARM.attributes
                0x00000368       0x2d ./Drivers/STM32F1xx_HAL_Driver/Src/stm32f1xx_hal_tim.o
 .ARM.attributes
                0x00000395       0x2d ./Drivers/STM32F1xx_HAL_Driver/Src/stm32f1xx_hal_tim_ex.o
 .ARM.attributes
                0x000003c2       0x2d ./Drivers/STM32F1xx_HAL_Driver/Src/stm32f1xx_hal_uart.o
 .ARM.attributes
                0x000003ef       0x2d C:/ST/STM32CubeIDE_1.16.1/STM32CubeIDE/plugins/com.st.stm32cube.ide.mcu.externaltools.gnu-tools-for-stm32.12.3.rel1.win32_1.0.200.202406191623/tools/bin/../lib/gcc/arm-none-eabi/12.3.1/../../../../arm-none-eabi/lib/thumb/v7-m/nofp\libc_nano.a(libc_a-memset.o)
 .ARM.attributes
                0x0000041c       0x2d C:/ST/STM32CubeIDE_1.16.1/STM32CubeIDE/plugins/com.st.stm32cube.ide.mcu.externaltools.gnu-tools-for-stm32.12.3.rel1.win32_1.0.200.202406191623/tools/bin/../lib/gcc/arm-none-eabi/12.3.1/../../../../arm-none-eabi/lib/thumb/v7-m/nofp\libc_nano.a(libc_a-init.o)
 .ARM.attributes
                0x00000449       0x1d C:/ST/STM32CubeIDE_1.16.1/STM32CubeIDE/plugins/com.st.stm32cube.ide.mcu.externaltools.gnu-tools-for-stm32.12.3.rel1.win32_1.0.200.202406191623/tools/bin/../lib/gcc/arm-none-eabi/12.3.1/thumb/v7-m/nofp\libgcc.a(_arm_muldf3.o)
 .ARM.attributes
                0x00000466       0x1d C:/ST/STM32CubeIDE_1.16.1/STM32CubeIDE/plugins/com.st.stm32cube.ide.mcu.externaltools.gnu-tools-for-stm32.12.3.rel1.win32_1.0.200.202406191623/tools/bin/../lib/gcc/arm-none-eabi/12.3.1/thumb/v7-m/nofp\libgcc.a(_arm_addsubdf3.o)
 .ARM.attributes
                0x00000483       0x1d C:/ST/STM32CubeIDE_1.16.1/STM32CubeIDE/plugins/com.st.stm32cube.ide.mcu.externaltools.gnu-tools-for-stm32.12.3.rel1.win32_1.0.200.202406191623/tools/bin/../lib/gcc/arm-none-eabi/12.3.1/thumb/v7-m/nofp\libgcc.a(_arm_fixdfsi.o)
 .ARM.attributes
                0x000004a0       0x1d C:/ST/STM32CubeIDE_1.16.1/STM32CubeIDE/plugins/com.st.stm32cube.ide.mcu.externaltools.gnu-tools-for-stm32.12.3.rel1.win32_1.0.200.202406191623/tools/bin/../lib/gcc/arm-none-eabi/12.3.1/thumb/v7-m/nofp\libgcc.a(_arm_addsubsf3.o)
 .ARM.attributes
                0x000004bd       0x1d C:/ST/STM32CubeIDE_1.16.1/STM32CubeIDE/plugins/com.st.stm32cube.ide.mcu.externaltools.gnu-tools-for-stm32.12.3.rel1.win32_1.0.200.202406191623/tools/bin/../lib/gcc/arm-none-eabi/12.3.1/thumb/v7-m/nofp\libgcc.a(_arm_muldivsf3.o)
 .ARM.attributes
                0x000004da       0x1d C:/ST/STM32CubeIDE_1.16.1/STM32CubeIDE/plugins/com.st.stm32cube.ide.mcu.externaltools.gnu-tools-for-stm32.12.3.rel1.win32_1.0.200.202406191623/tools/bin/../lib/gcc/arm-none-eabi/12.3.1/thumb/v7-m/nofp\libgcc.a(_arm_fixunssfsi.o)
 .ARM.attributes
                0x000004f7       0x1d C:/ST/STM32CubeIDE_1.16.1/STM32CubeIDE/plugins/com.st.stm32cube.ide.mcu.externaltools.gnu-tools-for-stm32.12.3.rel1.win32_1.0.200.202406191623/tools/bin/../lib/gcc/arm-none-eabi/12.3.1/thumb/v7-m/nofp/crtn.o
OUTPUT(Lab06_ActuatorNode.elf elf32-littlearm)
LOAD linker stubs
LOAD C:/ST/STM32CubeIDE_1.16.1/STM32CubeIDE/plugins/com.st.stm32cube.ide.mcu.externaltools.gnu-tools-for-stm32.12.3.rel1.win32_1.0.200.202406191623/tools/bin/../lib/gcc/arm-none-eabi/12.3.1/../../../../arm-none-eabi/lib/thumb/v7-m/nofp\libc.a
LOAD C:/ST/STM32CubeIDE_1.16.1/STM32CubeIDE/plugins/com.st.stm32cube.ide.mcu.externaltools.gnu-tools-for-stm32.12.3.rel1.win32_1.0.200.202406191623/tools/bin/../lib/gcc/arm-none-eabi/12.3.1/../../../../arm-none-eabi/lib/thumb/v7-m/nofp\libm.a
LOAD C:/ST/STM32CubeIDE_1.16.1/STM32CubeIDE/plugins/com.st.stm32cube.ide.mcu.externaltools.gnu-tools-for-stm32.12.3.rel1.win32_1.0.200.202406191623/tools/bin/../lib/gcc/arm-none-eabi/12.3.1/thumb/v7-m/nofp\libgcc.a

.debug_info     0x00000000     0xee4e
 .debug_info    0x00000000      0x80c ./Core/Src/CAN_Handler.o
 .debug_info    0x0000080c      0x7d2 ./Core/Src/MOTOR.o
 .debug_info    0x00000fde      0x743 ./Core/Src/SERVO.o
 .debug_info    0x00001721      0x154 ./Core/Src/SIGNAL.o
 .debug_info    0x00001875      0x8f6 ./Core/Src/can.o
 .debug_info    0x0000216b      0x2b7 ./Core/Src/gpio.o
 .debug_info    0x00002422      0x9d5 ./Core/Src/main.o
 .debug_info    0x00002df7      0x1f1 ./Core/Src/stm32f1xx_hal_msp.o
 .debug_info    0x00002fe8      0xa88 ./Core/Src/stm32f1xx_it.o
 .debug_info    0x00003a70      0x222 ./Core/Src/system_stm32f1xx.o
 .debug_info    0x00003c92      0xef5 ./Core/Src/tim.o
 .debug_info    0x00004b87      0x798 ./Core/Src/usart.o
 .debug_info    0x0000531f       0x30 ./Core/Startup/startup_stm32f103c8tx.o
 .debug_info    0x0000534f      0x704 ./Drivers/STM32F1xx_HAL_Driver/Src/stm32f1xx_hal.o
 .debug_info    0x00005a53      0xf13 ./Drivers/STM32F1xx_HAL_Driver/Src/stm32f1xx_hal_can.o
 .debug_info    0x00006966      0xa87 ./Drivers/STM32F1xx_HAL_Driver/Src/stm32f1xx_hal_cortex.o
 .debug_info    0x000073ed      0x5ab ./Drivers/STM32F1xx_HAL_Driver/Src/stm32f1xx_hal_gpio.o
 .debug_info    0x00007998      0x7d5 ./Drivers/STM32F1xx_HAL_Driver/Src/stm32f1xx_hal_rcc.o
 .debug_info    0x0000816d     0x2959 ./Drivers/STM32F1xx_HAL_Driver/Src/stm32f1xx_hal_tim.o
 .debug_info    0x0000aac6     0x149b ./Drivers/STM32F1xx_HAL_Driver/Src/stm32f1xx_hal_tim_ex.o
 .debug_info    0x0000bf61     0x2eed ./Drivers/STM32F1xx_HAL_Driver/Src/stm32f1xx_hal_uart.o

.debug_abbrev   0x00000000     0x2868
 .debug_abbrev  0x00000000      0x1c3 ./Core/Src/CAN_Handler.o
 .debug_abbrev  0x000001c3      0x1e6 ./Core/Src/MOTOR.o
 .debug_abbrev  0x000003a9      0x1e4 ./Core/Src/SERVO.o
 .debug_abbrev  0x0000058d       0xbd ./Core/Src/SIGNAL.o
 .debug_abbrev  0x0000064a      0x231 ./Core/Src/can.o
 .debug_abbrev  0x0000087b      0x13f ./Core/Src/gpio.o
 .debug_abbrev  0x000009ba      0x295 ./Core/Src/main.o
 .debug_abbrev  0x00000c4f       0xdb ./Core/Src/stm32f1xx_hal_msp.o
 .debug_abbrev  0x00000d2a      0x1eb ./Core/Src/stm32f1xx_it.o
 .debug_abbrev  0x00000f15      0x13f ./Core/Src/system_stm32f1xx.o
 .debug_abbrev  0x00001054      0x287 ./Core/Src/tim.o
 .debug_abbrev  0x000012db      0x1e6 ./Core/Src/usart.o
 .debug_abbrev  0x000014c1       0x24 ./Core/Startup/startup_stm32f103c8tx.o
 .debug_abbrev  0x000014e5      0x201 ./Drivers/STM32F1xx_HAL_Driver/Src/stm32f1xx_hal.o
 .debug_abbrev  0x000016e6      0x21c ./Drivers/STM32F1xx_HAL_Driver/Src/stm32f1xx_hal_can.o
 .debug_abbrev  0x00001902      0x2f8 ./Drivers/STM32F1xx_HAL_Driver/Src/stm32f1xx_hal_cortex.o
 .debug_abbrev  0x00001bfa      0x1ca ./Drivers/STM32F1xx_HAL_Driver/Src/stm32f1xx_hal_gpio.o
 .debug_abbrev  0x00001dc4      0x2b3 ./Drivers/STM32F1xx_HAL_Driver/Src/stm32f1xx_hal_rcc.o
 .debug_abbrev  0x00002077      0x277 ./Drivers/STM32F1xx_HAL_Driver/Src/stm32f1xx_hal_tim.o
 .debug_abbrev  0x000022ee      0x282 ./Drivers/STM32F1xx_HAL_Driver/Src/stm32f1xx_hal_tim_ex.o
 .debug_abbrev  0x00002570      0x2f8 ./Drivers/STM32F1xx_HAL_Driver/Src/stm32f1xx_hal_uart.o

.debug_aranges  0x00000000      0xe20
 .debug_aranges
                0x00000000       0x30 ./Core/Src/CAN_Handler.o
 .debug_aranges
                0x00000030       0x38 ./Core/Src/MOTOR.o
 .debug_aranges
                0x00000068       0x48 ./Core/Src/SERVO.o
 .debug_aranges
                0x000000b0       0x28 ./Core/Src/SIGNAL.o
 .debug_aranges
                0x000000d8       0x30 ./Core/Src/can.o
 .debug_aranges
                0x00000108       0x20 ./Core/Src/gpio.o
 .debug_aranges
                0x00000128       0x40 ./Core/Src/main.o
 .debug_aranges
                0x00000168       0x20 ./Core/Src/stm32f1xx_hal_msp.o
 .debug_aranges
                0x00000188       0x78 ./Core/Src/stm32f1xx_it.o
 .debug_aranges
                0x00000200       0x28 ./Core/Src/system_stm32f1xx.o
 .debug_aranges
                0x00000228       0x60 ./Core/Src/tim.o
 .debug_aranges
                0x00000288       0x30 ./Core/Src/usart.o
 .debug_aranges
                0x000002b8       0x28 ./Core/Startup/startup_stm32f103c8tx.o
 .debug_aranges
                0x000002e0       0xe0 ./Drivers/STM32F1xx_HAL_Driver/Src/stm32f1xx_hal.o
 .debug_aranges
                0x000003c0      0x138 ./Drivers/STM32F1xx_HAL_Driver/Src/stm32f1xx_hal_can.o
 .debug_aranges
                0x000004f8      0x100 ./Drivers/STM32F1xx_HAL_Driver/Src/stm32f1xx_hal_cortex.o
 .debug_aranges
                0x000005f8       0x58 ./Drivers/STM32F1xx_HAL_Driver/Src/stm32f1xx_hal_gpio.o
 .debug_aranges
                0x00000650       0x90 ./Drivers/STM32F1xx_HAL_Driver/Src/stm32f1xx_hal_rcc.o
 .debug_aranges
                0x000006e0      0x3d0 ./Drivers/STM32F1xx_HAL_Driver/Src/stm32f1xx_hal_tim.o
 .debug_aranges
                0x00000ab0      0x168 ./Drivers/STM32F1xx_HAL_Driver/Src/stm32f1xx_hal_tim_ex.o
 .debug_aranges
                0x00000c18      0x208 ./Drivers/STM32F1xx_HAL_Driver/Src/stm32f1xx_hal_uart.o

.debug_rnglists
                0x00000000      0xae7
 .debug_rnglists
                0x00000000       0x1f ./Core/Src/CAN_Handler.o
 .debug_rnglists
                0x0000001f       0x26 ./Core/Src/MOTOR.o
 .debug_rnglists
                0x00000045       0x32 ./Core/Src/SERVO.o
 .debug_rnglists
                0x00000077       0x19 ./Core/Src/SIGNAL.o
 .debug_rnglists
                0x00000090       0x20 ./Core/Src/can.o
 .debug_rnglists
                0x000000b0       0x14 ./Core/Src/gpio.o
 .debug_rnglists
                0x000000c4       0x2d ./Core/Src/main.o
 .debug_rnglists
                0x000000f1       0x13 ./Core/Src/stm32f1xx_hal_msp.o
 .debug_rnglists
                0x00000104       0x55 ./Core/Src/stm32f1xx_it.o
 .debug_rnglists
                0x00000159       0x1a ./Core/Src/system_stm32f1xx.o
 .debug_rnglists
                0x00000173       0x4a ./Core/Src/tim.o
 .debug_rnglists
                0x000001bd       0x20 ./Core/Src/usart.o
 .debug_rnglists
                0x000001dd       0x19 ./Core/Startup/startup_stm32f103c8tx.o
 .debug_rnglists
                0x000001f6       0xa3 ./Drivers/STM32F1xx_HAL_Driver/Src/stm32f1xx_hal.o
 .debug_rnglists
                0x00000299       0xed ./Drivers/STM32F1xx_HAL_Driver/Src/stm32f1xx_hal_can.o
 .debug_rnglists
                0x00000386       0xbb ./Drivers/STM32F1xx_HAL_Driver/Src/stm32f1xx_hal_cortex.o
 .debug_rnglists
                0x00000441       0x3f ./Drivers/STM32F1xx_HAL_Driver/Src/stm32f1xx_hal_gpio.o
 .debug_rnglists
                0x00000480       0x6c ./Drivers/STM32F1xx_HAL_Driver/Src/stm32f1xx_hal_rcc.o
 .debug_rnglists
                0x000004ec      0x31a ./Drivers/STM32F1xx_HAL_Driver/Src/stm32f1xx_hal_tim.o
 .debug_rnglists
                0x00000806      0x125 ./Drivers/STM32F1xx_HAL_Driver/Src/stm32f1xx_hal_tim_ex.o
 .debug_rnglists
                0x0000092b      0x1bc ./Drivers/STM32F1xx_HAL_Driver/Src/stm32f1xx_hal_uart.o

.debug_macro    0x00000000    0x18a21
 .debug_macro   0x00000000      0x1d0 ./Core/Src/CAN_Handler.o
 .debug_macro   0x000001d0      0xaa8 ./Core/Src/CAN_Handler.o
 .debug_macro   0x00000c78      0x221 ./Core/Src/CAN_Handler.o
 .debug_macro   0x00000e99       0x2e ./Core/Src/CAN_Handler.o
 .debug_macro   0x00000ec7       0x22 ./Core/Src/CAN_Handler.o
 .debug_macro   0x00000ee9       0x22 ./Core/Src/CAN_Handler.o
 .debug_macro   0x00000f0b       0x8e ./Core/Src/CAN_Handler.o
 .debug_macro   0x00000f99       0x51 ./Core/Src/CAN_Handler.o
 .debug_macro   0x00000fea      0x103 ./Core/Src/CAN_Handler.o
 .debug_macro   0x000010ed       0x6a ./Core/Src/CAN_Handler.o
 .debug_macro   0x00001157      0x1df ./Core/Src/CAN_Handler.o
 .debug_macro   0x00001336       0x1c ./Core/Src/CAN_Handler.o
 .debug_macro   0x00001352       0x22 ./Core/Src/CAN_Handler.o
 .debug_macro   0x00001374       0xbd ./Core/Src/CAN_Handler.o
 .debug_macro   0x00001431      0xd23 ./Core/Src/CAN_Handler.o
 .debug_macro   0x00002154     0xe09e ./Core/Src/CAN_Handler.o
 .debug_macro   0x000101f2       0x6d ./Core/Src/CAN_Handler.o
 .debug_macro   0x0001025f     0x34a2 ./Core/Src/CAN_Handler.o
 .debug_macro   0x00013701      0x189 ./Core/Src/CAN_Handler.o
 .debug_macro   0x0001388a       0x5c ./Core/Src/CAN_Handler.o
 .debug_macro   0x000138e6      0x5bc ./Core/Src/CAN_Handler.o
 .debug_macro   0x00013ea2      0x289 ./Core/Src/CAN_Handler.o
 .debug_macro   0x0001412b      0x1cb ./Core/Src/CAN_Handler.o
 .debug_macro   0x000142f6      0x114 ./Core/Src/CAN_Handler.o
 .debug_macro   0x0001440a      0x1b2 ./Core/Src/CAN_Handler.o
 .debug_macro   0x000145bc       0x27 ./Core/Src/CAN_Handler.o
 .debug_macro   0x000145e3      0x136 ./Core/Src/CAN_Handler.o
 .debug_macro   0x00014719      0x1bc ./Core/Src/CAN_Handler.o
 .debug_macro   0x000148d5       0x34 ./Core/Src/CAN_Handler.o
 .debug_macro   0x00014909       0x3c ./Core/Src/CAN_Handler.o
 .debug_macro   0x00014945      0x408 ./Core/Src/CAN_Handler.o
 .debug_macro   0x00014d4d       0x57 ./Core/Src/CAN_Handler.o
 .debug_macro   0x00014da4       0x87 ./Core/Src/CAN_Handler.o
 .debug_macro   0x00014e2b      0x240 ./Core/Src/CAN_Handler.o
 .debug_macro   0x0001506b      0x140 ./Core/Src/CAN_Handler.o
 .debug_macro   0x000151ab      0x8ed ./Core/Src/CAN_Handler.o
 .debug_macro   0x00015a98      0x28e ./Core/Src/CAN_Handler.o
 .debug_macro   0x00015d26       0x83 ./Core/Src/CAN_Handler.o
 .debug_macro   0x00015da9       0x10 ./Core/Src/CAN_Handler.o
 .debug_macro   0x00015db9      0x1da ./Core/Src/MOTOR.o
 .debug_macro   0x00015f93       0x10 ./Core/Src/MOTOR.o
 .debug_macro   0x00015fa3      0x1d0 ./Core/Src/SERVO.o
 .debug_macro   0x00016173       0x10 ./Core/Src/SERVO.o
 .debug_macro   0x00016183      0x1c6 ./Core/Src/SIGNAL.o
 .debug_macro   0x00016349       0x22 ./Core/Src/SIGNAL.o
 .debug_macro   0x0001636b      0x1c1 ./Core/Src/can.o
 .debug_macro   0x0001652c      0x1c1 ./Core/Src/gpio.o
 .debug_macro   0x000166ed      0x303 ./Core/Src/main.o
 .debug_macro   0x000169f0       0x61 ./Core/Src/main.o
 .debug_macro   0x00016a51       0x24 ./Core/Src/main.o
 .debug_macro   0x00016a75       0x43 ./Core/Src/main.o
 .debug_macro   0x00016ab8       0x34 ./Core/Src/main.o
 .debug_macro   0x00016aec       0x16 ./Core/Src/main.o
 .debug_macro   0x00016b02       0x35 ./Core/Src/main.o
 .debug_macro   0x00016b37      0x369 ./Core/Src/main.o
 .debug_macro   0x00016ea0       0x10 ./Core/Src/main.o
 .debug_macro   0x00016eb0       0x16 ./Core/Src/main.o
 .debug_macro   0x00016ec6       0x43 ./Core/Src/main.o
 .debug_macro   0x00016f09       0x34 ./Core/Src/main.o
 .debug_macro   0x00016f3d       0x10 ./Core/Src/main.o
 .debug_macro   0x00016f4d       0x58 ./Core/Src/main.o
 .debug_macro   0x00016fa5       0x8e ./Core/Src/main.o
 .debug_macro   0x00017033       0x1c ./Core/Src/main.o
 .debug_macro   0x0001704f      0x177 ./Core/Src/main.o
 .debug_macro   0x000171c6       0x16 ./Core/Src/main.o
 .debug_macro   0x000171dc       0x16 ./Core/Src/main.o
 .debug_macro   0x000171f2      0x146 ./Core/Src/main.o
 .debug_macro   0x00017338       0x28 ./Core/Src/main.o
 .debug_macro   0x00017360      0x1b7 ./Core/Src/stm32f1xx_hal_msp.o
 .debug_macro   0x00017517      0x1c1 ./Core/Src/stm32f1xx_it.o
 .debug_macro   0x000176d8      0x1ad ./Core/Src/system_stm32f1xx.o
 .debug_macro   0x00017885      0x1c1 ./Core/Src/tim.o
 .debug_macro   0x00017a46      0x1c1 ./Core/Src/usart.o
 .debug_macro   0x00017c07      0x1d1 ./Drivers/STM32F1xx_HAL_Driver/Src/stm32f1xx_hal.o
 .debug_macro   0x00017dd8      0x1bc ./Drivers/STM32F1xx_HAL_Driver/Src/stm32f1xx_hal_can.o
 .debug_macro   0x00017f94      0x1ad ./Drivers/STM32F1xx_HAL_Driver/Src/stm32f1xx_hal_cortex.o
 .debug_macro   0x00018141      0x218 ./Drivers/STM32F1xx_HAL_Driver/Src/stm32f1xx_hal_gpio.o
 .debug_macro   0x00018359      0x1bf ./Drivers/STM32F1xx_HAL_Driver/Src/stm32f1xx_hal_rcc.o
 .debug_macro   0x00018518      0x1ae ./Drivers/STM32F1xx_HAL_Driver/Src/stm32f1xx_hal_tim.o
 .debug_macro   0x000186c6      0x1ad ./Drivers/STM32F1xx_HAL_Driver/Src/stm32f1xx_hal_tim_ex.o
 .debug_macro   0x00018873      0x1ae ./Drivers/STM32F1xx_HAL_Driver/Src/stm32f1xx_hal_uart.o

.debug_line     0x00000000    0x115b0
 .debug_line    0x00000000      0x78b ./Core/Src/CAN_Handler.o
 .debug_line    0x0000078b      0x7cd ./Core/Src/MOTOR.o
 .debug_line    0x00000f58      0x7ab ./Core/Src/SERVO.o
 .debug_line    0x00001703      0x757 ./Core/Src/SIGNAL.o
 .debug_line    0x00001e5a      0x794 ./Core/Src/can.o
 .debug_line    0x000025ee      0x72a ./Core/Src/gpio.o
 .debug_line    0x00002d18      0x9ef ./Core/Src/main.o
 .debug_line    0x00003707      0x71d ./Core/Src/stm32f1xx_hal_msp.o
 .debug_line    0x00003e24      0x826 ./Core/Src/stm32f1xx_it.o
 .debug_line    0x0000464a      0x79a ./Core/Src/system_stm32f1xx.o
 .debug_line    0x00004de4      0x9ce ./Core/Src/tim.o
 .debug_line    0x000057b2      0x78b ./Core/Src/usart.o
 .debug_line    0x00005f3d       0x78 ./Core/Startup/startup_stm32f103c8tx.o
 .debug_line    0x00005fb5      0x9c7 ./Drivers/STM32F1xx_HAL_Driver/Src/stm32f1xx_hal.o
 .debug_line    0x0000697c     0x11a9 ./Drivers/STM32F1xx_HAL_Driver/Src/stm32f1xx_hal_can.o
 .debug_line    0x00007b25      0xbb3 ./Drivers/STM32F1xx_HAL_Driver/Src/stm32f1xx_hal_cortex.o
 .debug_line    0x000086d8      0xa60 ./Drivers/STM32F1xx_HAL_Driver/Src/stm32f1xx_hal_gpio.o
 .debug_line    0x00009138      0xdd0 ./Drivers/STM32F1xx_HAL_Driver/Src/stm32f1xx_hal_rcc.o
 .debug_line    0x00009f08     0x34ec ./Drivers/STM32F1xx_HAL_Driver/Src/stm32f1xx_hal_tim.o
 .debug_line    0x0000d3f4     0x1916 ./Drivers/STM32F1xx_HAL_Driver/Src/stm32f1xx_hal_tim_ex.o
 .debug_line    0x0000ed0a     0x28a6 ./Drivers/STM32F1xx_HAL_Driver/Src/stm32f1xx_hal_uart.o

.debug_str      0x00000000    0x8ca3b
 .debug_str     0x00000000    0x859a0 ./Core/Src/CAN_Handler.o
                              0x85d22 (size before relaxing)
 .debug_str     0x000859a0      0x50b ./Core/Src/MOTOR.o
                              0x85e2b (size before relaxing)
 .debug_str     0x00085eab       0x84 ./Core/Src/SERVO.o
                              0x85dd7 (size before relaxing)
 .debug_str     0x00085f2f       0xba ./Core/Src/SIGNAL.o
                              0x858c6 (size before relaxing)
 .debug_str     0x00085fe9      0x3c3 ./Core/Src/can.o
                              0x85f35 (size before relaxing)
 .debug_str     0x000863ac       0x20 ./Core/Src/gpio.o
                              0x85920 (size before relaxing)
 .debug_str     0x000863cc     0x3906 ./Core/Src/main.o
                              0x896c5 (size before relaxing)
 .debug_str     0x00089cd2       0x2c ./Core/Src/stm32f1xx_hal_msp.o
                              0x858a8 (size before relaxing)
 .debug_str     0x00089cfe      0x11b ./Core/Src/stm32f1xx_it.o
                              0x86050 (size before relaxing)
 .debug_str     0x00089e19       0x7e ./Core/Src/system_stm32f1xx.o
                              0x858d3 (size before relaxing)
 .debug_str     0x00089e97      0x381 ./Core/Src/tim.o
                              0x864c5 (size before relaxing)
 .debug_str     0x0008a218      0x236 ./Core/Src/usart.o
                              0x85d68 (size before relaxing)
 .debug_str     0x0008a44e       0x44 ./Core/Startup/startup_stm32f103c8tx.o
                                 0xb0 (size before relaxing)
 .debug_str     0x0008a492      0x384 ./Drivers/STM32F1xx_HAL_Driver/Src/stm32f1xx_hal.o
                              0x86006 (size before relaxing)
 .debug_str     0x0008a816      0x3f5 ./Drivers/STM32F1xx_HAL_Driver/Src/stm32f1xx_hal_can.o
                              0x860db (size before relaxing)
 .debug_str     0x0008ac0b      0x26c ./Drivers/STM32F1xx_HAL_Driver/Src/stm32f1xx_hal_cortex.o
                              0x85f52 (size before relaxing)
 .debug_str     0x0008ae77      0x2e1 ./Drivers/STM32F1xx_HAL_Driver/Src/stm32f1xx_hal_gpio.o
                              0x85c59 (size before relaxing)
 .debug_str     0x0008b158      0x229 ./Drivers/STM32F1xx_HAL_Driver/Src/stm32f1xx_hal_rcc.o
                              0x85d02 (size before relaxing)
 .debug_str     0x0008b381      0xca9 ./Drivers/STM32F1xx_HAL_Driver/Src/stm32f1xx_hal_tim.o
                              0x86d04 (size before relaxing)
 .debug_str     0x0008c02a      0x3e1 ./Drivers/STM32F1xx_HAL_Driver/Src/stm32f1xx_hal_tim_ex.o
                              0x86510 (size before relaxing)
 .debug_str     0x0008c40b      0x630 ./Drivers/STM32F1xx_HAL_Driver/Src/stm32f1xx_hal_uart.o
                              0x86373 (size before relaxing)

.comment        0x00000000       0x43
 .comment       0x00000000       0x43 ./Core/Src/CAN_Handler.o
                                 0x44 (size before relaxing)
 .comment       0x00000043       0x44 ./Core/Src/MOTOR.o
 .comment       0x00000043       0x44 ./Core/Src/SERVO.o
 .comment       0x00000043       0x44 ./Core/Src/SIGNAL.o
 .comment       0x00000043       0x44 ./Core/Src/can.o
 .comment       0x00000043       0x44 ./Core/Src/gpio.o
 .comment       0x00000043       0x44 ./Core/Src/main.o
 .comment       0x00000043       0x44 ./Core/Src/stm32f1xx_hal_msp.o
 .comment       0x00000043       0x44 ./Core/Src/stm32f1xx_it.o
 .comment       0x00000043       0x44 ./Core/Src/system_stm32f1xx.o
 .comment       0x00000043       0x44 ./Core/Src/tim.o
 .comment       0x00000043       0x44 ./Core/Src/usart.o
 .comment       0x00000043       0x44 ./Drivers/STM32F1xx_HAL_Driver/Src/stm32f1xx_hal.o
 .comment       0x00000043       0x44 ./Drivers/STM32F1xx_HAL_Driver/Src/stm32f1xx_hal_can.o
 .comment       0x00000043       0x44 ./Drivers/STM32F1xx_HAL_Driver/Src/stm32f1xx_hal_cortex.o
 .comment       0x00000043       0x44 ./Drivers/STM32F1xx_HAL_Driver/Src/stm32f1xx_hal_gpio.o
 .comment       0x00000043       0x44 ./Drivers/STM32F1xx_HAL_Driver/Src/stm32f1xx_hal_rcc.o
 .comment       0x00000043       0x44 ./Drivers/STM32F1xx_HAL_Driver/Src/stm32f1xx_hal_tim.o
 .comment       0x00000043       0x44 ./Drivers/STM32F1xx_HAL_Driver/Src/stm32f1xx_hal_tim_ex.o
 .comment       0x00000043       0x44 ./Drivers/STM32F1xx_HAL_Driver/Src/stm32f1xx_hal_uart.o

.debug_frame    0x00000000     0x3ac8
 .debug_frame   0x00000000       0x7c ./Core/Src/CAN_Handler.o
 .debug_frame   0x0000007c       0x94 ./Core/Src/MOTOR.o
 .debug_frame   0x00000110       0xcc ./Core/Src/SERVO.o
 .debug_frame   0x000001dc       0x60 ./Core/Src/SIGNAL.o
 .debug_frame   0x0000023c       0x74 ./Core/Src/can.o
 .debug_frame   0x000002b0       0x34 ./Core/Src/gpio.o
 .debug_frame   0x000002e4       0xac ./Core/Src/main.o
 .debug_frame   0x00000390       0x38 ./Core/Src/stm32f1xx_hal_msp.o
 .debug_frame   0x000003c8      0x158 ./Core/Src/stm32f1xx_it.o
 .debug_frame   0x00000520       0x58 ./Core/Src/system_stm32f1xx.o
 .debug_frame   0x00000578      0x154 ./Core/Src/tim.o
 .debug_frame   0x000006cc       0x74 ./Core/Src/usart.o
 .debug_frame   0x00000740      0x334 ./Drivers/STM32F1xx_HAL_Driver/Src/stm32f1xx_hal.o
 .debug_frame   0x00000a74      0x5a0 ./Drivers/STM32F1xx_HAL_Driver/Src/stm32f1xx_hal_can.o
 .debug_frame   0x00001014      0x428 ./Drivers/STM32F1xx_HAL_Driver/Src/stm32f1xx_hal_cortex.o
 .debug_frame   0x0000143c      0x14c ./Drivers/STM32F1xx_HAL_Driver/Src/stm32f1xx_hal_gpio.o
 .debug_frame   0x00001588      0x218 ./Drivers/STM32F1xx_HAL_Driver/Src/stm32f1xx_hal_rcc.o
 .debug_frame   0x000017a0     0x11b8 ./Drivers/STM32F1xx_HAL_Driver/Src/stm32f1xx_hal_tim.o
 .debug_frame   0x00002958      0x638 ./Drivers/STM32F1xx_HAL_Driver/Src/stm32f1xx_hal_tim_ex.o
 .debug_frame   0x00002f90      0x944 ./Drivers/STM32F1xx_HAL_Driver/Src/stm32f1xx_hal_uart.o
 .debug_frame   0x000038d4       0x20 C:/ST/STM32CubeIDE_1.16.1/STM32CubeIDE/plugins/com.st.stm32cube.ide.mcu.externaltools.gnu-tools-for-stm32.12.3.rel1.win32_1.0.200.202406191623/tools/bin/../lib/gcc/arm-none-eabi/12.3.1/../../../../arm-none-eabi/lib/thumb/v7-m/nofp\libc_nano.a(libc_a-memset.o)
 .debug_frame   0x000038f4       0x2c C:/ST/STM32CubeIDE_1.16.1/STM32CubeIDE/plugins/com.st.stm32cube.ide.mcu.externaltools.gnu-tools-for-stm32.12.3.rel1.win32_1.0.200.202406191623/tools/bin/../lib/gcc/arm-none-eabi/12.3.1/../../../../arm-none-eabi/lib/thumb/v7-m/nofp\libc_nano.a(libc_a-init.o)
 .debug_frame   0x00003920       0x30 C:/ST/STM32CubeIDE_1.16.1/STM32CubeIDE/plugins/com.st.stm32cube.ide.mcu.externaltools.gnu-tools-for-stm32.12.3.rel1.win32_1.0.200.202406191623/tools/bin/../lib/gcc/arm-none-eabi/12.3.1/thumb/v7-m/nofp\libgcc.a(_arm_muldf3.o)
 .debug_frame   0x00003950       0xac C:/ST/STM32CubeIDE_1.16.1/STM32CubeIDE/plugins/com.st.stm32cube.ide.mcu.externaltools.gnu-tools-for-stm32.12.3.rel1.win32_1.0.200.202406191623/tools/bin/../lib/gcc/arm-none-eabi/12.3.1/thumb/v7-m/nofp\libgcc.a(_arm_addsubdf3.o)
 .debug_frame   0x000039fc       0x24 C:/ST/STM32CubeIDE_1.16.1/STM32CubeIDE/plugins/com.st.stm32cube.ide.mcu.externaltools.gnu-tools-for-stm32.12.3.rel1.win32_1.0.200.202406191623/tools/bin/../lib/gcc/arm-none-eabi/12.3.1/thumb/v7-m/nofp\libgcc.a(_arm_fixdfsi.o)
 .debug_frame   0x00003a20       0x4c C:/ST/STM32CubeIDE_1.16.1/STM32CubeIDE/plugins/com.st.stm32cube.ide.mcu.externaltools.gnu-tools-for-stm32.12.3.rel1.win32_1.0.200.202406191623/tools/bin/../lib/gcc/arm-none-eabi/12.3.1/thumb/v7-m/nofp\libgcc.a(_arm_addsubsf3.o)
 .debug_frame   0x00003a6c       0x38 C:/ST/STM32CubeIDE_1.16.1/STM32CubeIDE/plugins/com.st.stm32cube.ide.mcu.externaltools.gnu-tools-for-stm32.12.3.rel1.win32_1.0.200.202406191623/tools/bin/../lib/gcc/arm-none-eabi/12.3.1/thumb/v7-m/nofp\libgcc.a(_arm_muldivsf3.o)
 .debug_frame   0x00003aa4       0x24 C:/ST/STM32CubeIDE_1.16.1/STM32CubeIDE/plugins/com.st.stm32cube.ide.mcu.externaltools.gnu-tools-for-stm32.12.3.rel1.win32_1.0.200.202406191623/tools/bin/../lib/gcc/arm-none-eabi/12.3.1/thumb/v7-m/nofp\libgcc.a(_arm_fixunssfsi.o)

.debug_line_str
                0x00000000       0x94
 .debug_line_str
                0x00000000       0x94 ./Core/Startup/startup_stm32f103c8tx.o
