Archive member included to satisfy reference by file (symbol)

C:/ST/STM32CubeIDE_1.16.1/STM32CubeIDE/plugins/com.st.stm32cube.ide.mcu.externaltools.gnu-tools-for-stm32.12.3.rel1.win32_1.0.200.202406191623/tools/bin/../lib/gcc/arm-none-eabi/12.3.1/../../../../arm-none-eabi/lib/thumb/v7-m/nofp\libc_nano.a(libc_a-exit.o)
                              C:/ST/STM32CubeIDE_1.16.1/STM32CubeIDE/plugins/com.st.stm32cube.ide.mcu.externaltools.gnu-tools-for-stm32.12.3.rel1.win32_1.0.200.202406191623/tools/bin/../lib/gcc/arm-none-eabi/12.3.1/../../../../arm-none-eabi/lib/thumb/v7-m/nofp/crt0.o (exit)
C:/ST/STM32CubeIDE_1.16.1/STM32CubeIDE/plugins/com.st.stm32cube.ide.mcu.externaltools.gnu-tools-for-stm32.12.3.rel1.win32_1.0.200.202406191623/tools/bin/../lib/gcc/arm-none-eabi/12.3.1/../../../../arm-none-eabi/lib/thumb/v7-m/nofp\libc_nano.a(libc_a-findfp.o)
                              C:/ST/STM32CubeIDE_1.16.1/STM32CubeIDE/plugins/com.st.stm32cube.ide.mcu.externaltools.gnu-tools-for-stm32.12.3.rel1.win32_1.0.200.202406191623/tools/bin/../lib/gcc/arm-none-eabi/12.3.1/../../../../arm-none-eabi/lib/thumb/v7-m/nofp\libc_nano.a(libc_a-exit.o) (__stdio_exit_handler)
C:/ST/STM32CubeIDE_1.16.1/STM32CubeIDE/plugins/com.st.stm32cube.ide.mcu.externaltools.gnu-tools-for-stm32.12.3.rel1.win32_1.0.200.202406191623/tools/bin/../lib/gcc/arm-none-eabi/12.3.1/../../../../arm-none-eabi/lib/thumb/v7-m/nofp\libc_nano.a(libc_a-fwalk.o)
                              C:/ST/STM32CubeIDE_1.16.1/STM32CubeIDE/plugins/com.st.stm32cube.ide.mcu.externaltools.gnu-tools-for-stm32.12.3.rel1.win32_1.0.200.202406191623/tools/bin/../lib/gcc/arm-none-eabi/12.3.1/../../../../arm-none-eabi/lib/thumb/v7-m/nofp\libc_nano.a(libc_a-findfp.o) (_fwalk_sglue)
C:/ST/STM32CubeIDE_1.16.1/STM32CubeIDE/plugins/com.st.stm32cube.ide.mcu.externaltools.gnu-tools-for-stm32.12.3.rel1.win32_1.0.200.202406191623/tools/bin/../lib/gcc/arm-none-eabi/12.3.1/../../../../arm-none-eabi/lib/thumb/v7-m/nofp\libc_nano.a(libc_a-sprintf.o)
                              ./Core/Src/VL53L1_Handler.o (sprintf)
C:/ST/STM32CubeIDE_1.16.1/STM32CubeIDE/plugins/com.st.stm32cube.ide.mcu.externaltools.gnu-tools-for-stm32.12.3.rel1.win32_1.0.200.202406191623/tools/bin/../lib/gcc/arm-none-eabi/12.3.1/../../../../arm-none-eabi/lib/thumb/v7-m/nofp\libc_nano.a(libc_a-stdio.o)
                              C:/ST/STM32CubeIDE_1.16.1/STM32CubeIDE/plugins/com.st.stm32cube.ide.mcu.externaltools.gnu-tools-for-stm32.12.3.rel1.win32_1.0.200.202406191623/tools/bin/../lib/gcc/arm-none-eabi/12.3.1/../../../../arm-none-eabi/lib/thumb/v7-m/nofp\libc_nano.a(libc_a-findfp.o) (__sread)
C:/ST/STM32CubeIDE_1.16.1/STM32CubeIDE/plugins/com.st.stm32cube.ide.mcu.externaltools.gnu-tools-for-stm32.12.3.rel1.win32_1.0.200.202406191623/tools/bin/../lib/gcc/arm-none-eabi/12.3.1/../../../../arm-none-eabi/lib/thumb/v7-m/nofp\libc_nano.a(libc_a-memset.o)
                              C:/ST/STM32CubeIDE_1.16.1/STM32CubeIDE/plugins/com.st.stm32cube.ide.mcu.externaltools.gnu-tools-for-stm32.12.3.rel1.win32_1.0.200.202406191623/tools/bin/../lib/gcc/arm-none-eabi/12.3.1/../../../../arm-none-eabi/lib/thumb/v7-m/nofp/crt0.o (memset)
C:/ST/STM32CubeIDE_1.16.1/STM32CubeIDE/plugins/com.st.stm32cube.ide.mcu.externaltools.gnu-tools-for-stm32.12.3.rel1.win32_1.0.200.202406191623/tools/bin/../lib/gcc/arm-none-eabi/12.3.1/../../../../arm-none-eabi/lib/thumb/v7-m/nofp\libc_nano.a(libc_a-closer.o)
                              C:/ST/STM32CubeIDE_1.16.1/STM32CubeIDE/plugins/com.st.stm32cube.ide.mcu.externaltools.gnu-tools-for-stm32.12.3.rel1.win32_1.0.200.202406191623/tools/bin/../lib/gcc/arm-none-eabi/12.3.1/../../../../arm-none-eabi/lib/thumb/v7-m/nofp\libc_nano.a(libc_a-stdio.o) (_close_r)
C:/ST/STM32CubeIDE_1.16.1/STM32CubeIDE/plugins/com.st.stm32cube.ide.mcu.externaltools.gnu-tools-for-stm32.12.3.rel1.win32_1.0.200.202406191623/tools/bin/../lib/gcc/arm-none-eabi/12.3.1/../../../../arm-none-eabi/lib/thumb/v7-m/nofp\libc_nano.a(libc_a-reent.o)
                              C:/ST/STM32CubeIDE_1.16.1/STM32CubeIDE/plugins/com.st.stm32cube.ide.mcu.externaltools.gnu-tools-for-stm32.12.3.rel1.win32_1.0.200.202406191623/tools/bin/../lib/gcc/arm-none-eabi/12.3.1/../../../../arm-none-eabi/lib/thumb/v7-m/nofp\libc_nano.a(libc_a-closer.o) (errno)
C:/ST/STM32CubeIDE_1.16.1/STM32CubeIDE/plugins/com.st.stm32cube.ide.mcu.externaltools.gnu-tools-for-stm32.12.3.rel1.win32_1.0.200.202406191623/tools/bin/../lib/gcc/arm-none-eabi/12.3.1/../../../../arm-none-eabi/lib/thumb/v7-m/nofp\libc_nano.a(libc_a-impure.o)
                              C:/ST/STM32CubeIDE_1.16.1/STM32CubeIDE/plugins/com.st.stm32cube.ide.mcu.externaltools.gnu-tools-for-stm32.12.3.rel1.win32_1.0.200.202406191623/tools/bin/../lib/gcc/arm-none-eabi/12.3.1/../../../../arm-none-eabi/lib/thumb/v7-m/nofp\libc_nano.a(libc_a-sprintf.o) (_impure_ptr)
[...]
Memory Configuration

Name             Origin             Length             Attributes
RAM              0x20000000         0x00005000         xrw
FLASH            0x08000000         0x00010000         xr
*default*        0x00000000         0xffffffff

Linker script and memory map

LOAD C:/ST/STM32CubeIDE_1.16.1/STM32CubeIDE/plugins/com.st.stm32cube.ide.mcu.externaltools.gnu-tools-for-stm32.12.3.rel1.win32_1.0.200.202406191623/tools/bin/../lib/gcc/arm-none-eabi/12.3.1/thumb/v7-m/nofp/crti.o
LOAD C:/ST/STM32CubeIDE_1.16.1/STM32CubeIDE/plugins/com.st.stm32cube.ide.mcu.externaltools.gnu-tools-for-stm32.12.3.rel1.win32_1.0.200.202406191623/tools/bin/../lib/gcc/arm-none-eabi/12.3.1/thumb/v7-m/nofp/crtbegin.o
LOAD C:/ST/STM32CubeIDE_1.16.1/STM32CubeIDE/plugins/com.st.stm32cube.ide.mcu.externaltools.gnu-tools-for-stm32.12.3.rel1.win32_1.0.200.202406191623/tools/bin/../lib/gcc/arm-none-eabi/12.3.1/../../../../arm-none-eabi/lib/thumb/v7-m/nofp/crt0.o
LOAD ./Core/Src/CAN_Handler.o
LOAD ./Core/Src/SIGNAL.o
LOAD ./Core/Src/VL53L1X.o
LOAD ./Core/Src/VL53L1X_api.o
LOAD ./Core/Src/VL53L1X_calibration.o
LOAD ./Core/Src/VL53L1_Handler.o
LOAD ./Core/Src/can.o
LOAD ./Core/Src/gpio.o
LOAD ./Core/Src/i2c.o
LOAD ./Core/Src/main.o
LOAD ./Core/Src/stm32f1xx_hal_msp.o
LOAD ./Core/Src/stm32f1xx_it.o
LOAD ./Core/Src/syscalls.o
LOAD ./Core/Src/sysmem.o
LOAD ./Core/Src/system_stm32f1xx.o
LOAD ./Core/Src/tim.o
LOAD ./Core/Src/usart.o
LOAD ./Core/Src/vl53l1_platform.o
LOAD ./Core/Startup/startup_stm32f103c8tx.o
LOAD ./Drivers/STM32F1xx_HAL_Driver/Src/stm32f1xx_hal.o
LOAD ./Drivers/STM32F1xx_HAL_Driver/Src/stm32f1xx_hal_can.o
LOAD ./Drivers/STM32F1xx_HAL_Driver/Src/stm32f1xx_hal_cortex.o
LOAD ./Drivers/STM32F1xx_HAL_Driver/Src/stm32f1xx_hal_dma.o
LOAD ./Drivers/STM32F1xx_HAL_Driver/Src/stm32f1xx_hal_exti.o
LOAD ./Drivers/STM32F1xx_HAL_Driver/Src/stm32f1xx_hal_flash.o
LOAD ./Drivers/STM32F1xx_HAL_Driver/Src/stm32f1xx_hal_flash_ex.o
LOAD ./Drivers/STM32F1xx_HAL_Driver/Src/stm32f1xx_hal_gpio.o
LOAD ./Drivers/STM32F1xx_HAL_Driver/Src/stm32f1xx_hal_gpio_ex.o
LOAD ./Drivers/STM32F1xx_HAL_Driver/Src/stm32f1xx_hal_i2c.o
LOAD ./Drivers/STM32F1xx_HAL_Driver/Src/stm32f1xx_hal_pwr.o
LOAD ./Drivers/STM32F1xx_HAL_Driver/Src/stm32f1xx_hal_rcc.o
LOAD ./Drivers/STM32F1xx_HAL_Driver/Src/stm32f1xx_hal_rcc_ex.o
LOAD ./Drivers/STM32F1xx_HAL_Driver/Src/stm32f1xx_hal_tim.o
LOAD ./Drivers/STM32F1xx_HAL_Driver/Src/stm32f1xx_hal_tim_ex.o
LOAD ./Drivers/STM32F1xx_HAL_Driver/Src/stm32f1xx_hal_uart.o
START GROUP
LOAD C:/ST/STM32CubeIDE_1.16.1/STM32CubeIDE/plugins/com.st.stm32cube.ide.mcu.externaltools.gnu-tools-for-stm32.12.3.rel1.win32_1.0.200.202406191623/tools/bin/../lib/gcc/arm-none-eabi/12.3.1/../../../../arm-none-eabi/lib/thumb/v7-m/nofp\libc_nano.a
LOAD C:/ST/STM32CubeIDE_1.16.1/STM32CubeIDE/plugins/com.st.stm32cube.ide.mcu.externaltools.gnu-tools-for-stm32.12.3.rel1.win32_1.0.200.202406191623/tools/bin/../lib/gcc/arm-none-eabi/12.3.1/../../../../arm-none-eabi/lib/thumb/v7-m/nofp\libm.a
END GROUP
START GROUP
LOAD C:/ST/STM32CubeIDE_1.16.1/STM32CubeIDE/plugins/com.st.stm32cube.ide.mcu.externaltools.gnu-tools-for-stm32.12.3.rel1.win32_1.0.200.202406191623/tools/bin/../lib/gcc/arm-none-eabi/12.3.1/thumb/v7-m/nofp\libgcc.a
LOAD C:/ST/STM32CubeIDE_1.16.1/STM32CubeIDE/plugins/com.st.stm32cube.ide.mcu.externaltools.gnu-tools-for-stm32.12.3.rel1.win32_1.0.200.202406191623/tools/bin/../lib/gcc/arm-none-eabi/12.3.1/../../../../arm-none-eabi/lib/thumb/v7-m/nofp\libc_nano.a
END GROUP
START GROUP
LOAD C:/ST/STM32CubeIDE_1.16.1/STM32CubeIDE/plugins/com.st.stm32cube.ide.mcu.externaltools.gnu-tools-for-stm32.12.3.rel1.win32_1.0.200.202406191623/tools/bin/../lib/gcc/arm-none-eabi/12.3.1/thumb/v7-m/nofp\libgcc.a
LOAD C:/ST/STM32CubeIDE_1.16.1/STM32CubeIDE/plugins/com.st.stm32cube.ide.mcu.externaltools.gnu-tools-for-stm32.12.3.rel1.win32_1.0.200.202406191623/tools/bin/../lib/gcc/arm-none-eabi/12.3.1/../../../../arm-none-eabi/lib/thumb/v7-m/nofp\libc_nano.a
LOAD C:/ST/STM32CubeIDE_1.16.1/STM32CubeIDE/plugins/com.st.stm32cube.ide.mcu.externaltools.gnu-tools-for-stm32.12.3.rel1.win32_1.0.200.202406191623/tools/bin/../lib/gcc/arm-none-eabi/12.3.1/../../../../arm-none-eabi/lib/thumb/v7-m/nofp\libnosys.a
END GROUP
START GROUP
LOAD C:/ST/STM32CubeIDE_1.16.1/STM32CubeIDE/plugins/com.st.stm32cube.ide.mcu.externaltools.gnu-tools-for-stm32.12.3.rel1.win32_1.0.200.202406191623/tools/bin/../lib/gcc/arm-none-eabi/12.3.1/thumb/v7-m/nofp\libgcc.a
LOAD C:/ST/STM32CubeIDE_1.16.1/STM32CubeIDE/plugins/com.st.stm32cube.ide.mcu.externaltools.gnu-tools-for-stm32.12.3.rel1.win32_1.0.200.202406191623/tools/bin/../lib/gcc/arm-none-eabi/12.3.1/../../../../arm-none-eabi/lib/thumb/v7-m/nofp\libc_nano.a
LOAD C:/ST/STM32CubeIDE_1.16.1/STM32CubeIDE/plugins/com.st.stm32cube.ide.mcu.externaltools.gnu-tools-for-stm32.12.3.rel1.win32_1.0.200.202406191623/tools/bin/../lib/gcc/arm-none-eabi/12.3.1/../../../../arm-none-eabi/lib/thumb/v7-m/nofp\libnosys.a
END GROUP
LOAD C:/ST/STM32CubeIDE_1.16.1/STM32CubeIDE/plugins/com.st.stm32cube.ide.mcu.externaltools.gnu-tools-for-stm32.12.3.rel1.win32_1.0.200.202406191623/tools/bin/../lib/gcc/arm-none-eabi/12.3.1/thumb/v7-m/nofp/crtend.o
LOAD C:/ST/STM32CubeIDE_1.16.1/STM32CubeIDE/plugins/com.st.stm32cube.ide.mcu.externaltools.gnu-tools-for-stm32.12.3.rel1.win32_1.0.200.202406191623/tools/bin/../lib/gcc/arm-none-eabi/12.3.1/thumb/v7-m/nofp/crtn.o
                0x20005000                        _estack = (ORIGIN (RAM) + LENGTH (RAM))
                0x00000200                        _Min_Heap_Size = 0x200
                0x00000400                        _Min_Stack_Size = 0x400

.isr_vector     0x08000000      0x10c
                0x08000000                        . = ALIGN (0x4)
 *(.isr_vector)
 .isr_vector    0x08000000      0x10c ./Core/Startup/startup_stm32f103c8tx.o
                0x08000000                g_pfnVectors
                0x0800010c                        . = ALIGN (0x4)

.text           0x0800010c     0x53e8
                0x0800010c                        . = ALIGN (0x4)
 *(.text)
 .text          0x0800010c       0x40 C:/ST/STM32CubeIDE_1.16.1/STM32CubeIDE/plugins/com.st.stm32cube.ide.mcu.externaltools.gnu-tools-for-stm32.12.3.rel1.win32_1.0.200.202406191623/tools/bin/../lib/gcc/arm-none-eabi/12.3.1/thumb/v7-m/nofp/crtbegin.o
 .text          0x0800014c       0x10 C:/ST/STM32CubeIDE_1.16.1/STM32CubeIDE/plugins/com.st.stm32cube.ide.mcu.externaltools.gnu-tools-for-stm32.12.3.rel1.win32_1.0.200.202406191623/tools/bin/../lib/gcc/arm-none-eabi/12.3.1/../../../../arm-none-eabi/lib/thumb/v7-m/nofp\libc_nano.a(libc_a-strlen.o)
                0x0800014c                strlen
 *(.text*)
 .text.CAN_ComInit_Std
                0x0800015c       0x34 ./Core/Src/CAN_Handler.o
                0x0800015c                CAN_ComInit_Std
 .text.CAN_FilterInit_SingleFF0
                0x08000190       0x5e ./Core/Src/CAN_Handler.o
                0x08000190                CAN_FilterInit_SingleFF0
 *fill*         0x080001ee        0x2 
 .text.CAN_Transmit
                0x080001f0       0x28 ./Core/Src/CAN_Handler.o
                0x080001f0                CAN_Transmit
 .text.Get_State
                0x08000218       0x76 ./Core/Src/SIGNAL.o
                0x08000218                Get_State
 .text.Get_CounterState
                0x0800028e       0x2a ./Core/Src/SIGNAL.o
                0x0800028e                Get_CounterState
 .text.TOF_InitStruct
                0x080002b8       0xa4 ./Core/Src/VL53L1X.o
                0x080002b8                TOF_InitStruct
 .text.TOF_TurnOn
                0x0800035c       0x20 ./Core/Src/VL53L1X.o
                0x0800035c                TOF_TurnOn
 .text.TOF_TurnOff
                0x0800037c       0x20 ./Core/Src/VL53L1X.o
                0x0800037c                TOF_TurnOff
 .text.TOF_BootSensor
                0x0800039c      0x11c ./Core/Src/VL53L1X.o
                0x0800039c                TOF_BootSensor
 .text.TOF_GetDistance
                0x080004b8       0x54 ./Core/Src/VL53L1X.o
                0x080004b8                TOF_GetDistance
 .text.VL53L1X_SetI2CAddress
                0x0800050c       0x36 ./Core/Src/VL53L1X_api.o
                0x0800050c                VL53L1X_SetI2CAddress
 *fill*         0x08000542        0x2 
 .text.VL53L1X_SensorInit
                0x08000544       0xd8 ./Core/Src/VL53L1X_api.o
                0x08000544                VL53L1X_SensorInit
 .text.VL53L1X_ClearInterrupt
                0x0800061c       0x30 ./Core/Src/VL53L1X_api.o
                0x0800061c                VL53L1X_ClearInterrupt
 .text.VL53L1X_GetInterruptPolarity
                0x0800064c       0x54 ./Core/Src/VL53L1X_api.o
                0x0800064c                VL53L1X_GetInterruptPolarity
 .text.VL53L1X_StartRanging
                0x080006a0       0x30 ./Core/Src/VL53L1X_api.o
                0x080006a0                VL53L1X_StartRanging
 .text.VL53L1X_StopRanging
                0x080006d0       0x30 ./Core/Src/VL53L1X_api.o
                0x080006d0                VL53L1X_StopRanging
 .text.VL53L1X_CheckForDataReady
                0x08000700       0x6e ./Core/Src/VL53L1X_api.o
                0x08000700                VL53L1X_CheckForDataReady
 .text.VL53L1X_GetSensorId
                0x0800076e       0x40 ./Core/Src/VL53L1X_api.o
                0x0800076e                VL53L1X_GetSensorId
 .text.VL53L1X_GetDistance
                0x080007ae       0x3a ./Core/Src/VL53L1X_api.o
                0x080007ae                VL53L1X_GetDistance
 .text.VL53L1_BootDualSensors
                0x080007e8       0x42 ./Core/Src/VL53L1_Handler.o
                0x080007e8                VL53L1_BootDualSensors
 *fill*         0x0800082a        0x2 
 .text.VL53L1_Error_Hanlder
                0x0800082c       0x2c ./Core/Src/VL53L1_Handler.o
                0x0800082c                VL53L1_Error_Hanlder
 .text.VL53L1_GetDistance
                0x08000858       0x28 ./Core/Src/VL53L1_Handler.o
                0x08000858                VL53L1_GetDistance
 .text.MX_CAN_Init
                0x08000880       0x70 ./Core/Src/can.o
                0x08000880                MX_CAN_Init
 .text.HAL_CAN_MspInit
                0x080008f0       0xa8 ./Core/Src/can.o
                0x080008f0                HAL_CAN_MspInit
 .text.MX_GPIO_Init
                0x08000998       0xdc ./Core/Src/gpio.o
                0x08000998                MX_GPIO_Init
 .text.MX_I2C1_Init
                0x08000a74       0x5c ./Core/Src/i2c.o
                0x08000a74                MX_I2C1_Init
 .text.HAL_I2C_MspInit
                0x08000ad0       0x7c ./Core/Src/i2c.o
                0x08000ad0                HAL_I2C_MspInit
 .text.HAL_CAN_RxFifo0MsgPendingCallback
                0x08000b4c       0x30 ./Core/Src/main.o
                0x08000b4c                HAL_CAN_RxFifo0MsgPendingCallback
 .text.main     0x08000b7c      0x290 ./Core/Src/main.o
                0x08000b7c                main
 .text.SystemClock_Config
                0x08000e0c       0x8a ./Core/Src/main.o
                0x08000e0c                SystemClock_Config
 .text.Error_Handler
                0x08000e96        0xc ./Core/Src/main.o
                0x08000e96                Error_Handler
 *fill*         0x08000ea2        0x2 
 .text.HAL_MspInit
                0x08000ea4       0x64 ./Core/Src/stm32f1xx_hal_msp.o
                0x08000ea4                HAL_MspInit
 .text.NMI_Handler
                0x08000f08        0x8 ./Core/Src/stm32f1xx_it.o
                0x08000f08                NMI_Handler
 .text.HardFault_Handler
                0x08000f10        0x8 ./Core/Src/stm32f1xx_it.o
                0x08000f10                HardFault_Handler
 .text.MemManage_Handler
                0x08000f18        0x8 ./Core/Src/stm32f1xx_it.o
                0x08000f18                MemManage_Handler
 .text.BusFault_Handler
                0x08000f20        0x8 ./Core/Src/stm32f1xx_it.o
                0x08000f20                BusFault_Handler
 .text.UsageFault_Handler
                0x08000f28        0x8 ./Core/Src/stm32f1xx_it.o
                0x08000f28                UsageFault_Handler
 .text.SVC_Handler
                0x08000f30        0xc ./Core/Src/stm32f1xx_it.o
                0x08000f30                SVC_Handler
 .text.DebugMon_Handler
                0x08000f3c        0xc ./Core/Src/stm32f1xx_it.o
                0x08000f3c                DebugMon_Handler
 .text.PendSV_Handler
                0x08000f48        0xc ./Core/Src/stm32f1xx_it.o
                0x08000f48                PendSV_Handler
 .text.SysTick_Handler
                0x08000f54        0xc ./Core/Src/stm32f1xx_it.o
                0x08000f54                SysTick_Handler
 .text.USB_LP_CAN1_RX0_IRQHandler
                0x08000f60       0x14 ./Core/Src/stm32f1xx_it.o
                0x08000f60                USB_LP_CAN1_RX0_IRQHandler
 .text.TIM3_IRQHandler
                0x08000f74       0x14 ./Core/Src/stm32f1xx_it.o
                0x08000f74                TIM3_IRQHandler
 .text._sbrk    0x08000f88       0x6c ./Core/Src/sysmem.o
                0x08000f88                _sbrk
 .text.SystemInit
                0x08000ff4        0xc ./Core/Src/system_stm32f1xx.o
                0x08000ff4                SystemInit
 .text.MX_TIM3_Init
                0x08001000       0x9c ./Core/Src/tim.o
                0x08001000                MX_TIM3_Init
 .text.HAL_TIM_Base_MspInit
                0x0800109c       0x4c ./Core/Src/tim.o
                0x0800109c                HAL_TIM_Base_MspInit
 .text.MX_USART1_UART_Init
                0x080010e8       0x54 ./Core/Src/usart.o
                0x080010e8                MX_USART1_UART_Init
 .text.HAL_UART_MspInit
                0x0800113c       0x98 ./Core/Src/usart.o
                0x0800113c                HAL_UART_MspInit
 .text.Print    0x080011d4       0x2c ./Core/Src/usart.o
                0x080011d4                Print
 .text._GetTof  0x08001200       0x5c ./Core/Src/vl53l1_platform.o
                0x08001200                _GetTof
 .text._I2CWrite
                0x0800125c       0x46 ./Core/Src/vl53l1_platform.o
                0x0800125c                _I2CWrite
 .text._I2CRead
                0x080012a2       0x46 ./Core/Src/vl53l1_platform.o
                0x080012a2                _I2CRead
 .text.VL53L1_WrByte
                0x080012e8       0x58 ./Core/Src/vl53l1_platform.o
                0x080012e8                VL53L1_WrByte
 .text.VL53L1_RdByte
                0x08001340       0x70 ./Core/Src/vl53l1_platform.o
                0x08001340                VL53L1_RdByte
 .text.VL53L1_RdWord
                0x080013b0       0x80 ./Core/Src/vl53l1_platform.o
                0x080013b0                VL53L1_RdWord
 .text.Reset_Handler
                0x08001430       0x48 ./Core/Startup/startup_stm32f103c8tx.o
                0x08001430                Reset_Handler
 .text.Default_Handler
                0x08001478        0x2 ./Core/Startup/startup_stm32f103c8tx.o
                0x08001478                RTC_Alarm_IRQHandler
                0x08001478                EXTI2_IRQHandler
                0x08001478                TIM1_CC_IRQHandler
                0x08001478                PVD_IRQHandler
                0x08001478                EXTI3_IRQHandler
                0x08001478                EXTI0_IRQHandler
                0x08001478                I2C2_EV_IRQHandler
                0x08001478                ADC1_2_IRQHandler
                0x08001478                SPI1_IRQHandler
                0x08001478                TAMPER_IRQHandler
                0x08001478                DMA1_Channel4_IRQHandler
                0x08001478                USART3_IRQHandler
                0x08001478                RTC_IRQHandler
                0x08001478                DMA1_Channel7_IRQHandler
                0x08001478                CAN1_RX1_IRQHandler
                0x08001478                TIM4_IRQHandler
                0x08001478                I2C1_EV_IRQHandler
                0x08001478                DMA1_Channel6_IRQHandler
                0x08001478                RCC_IRQHandler
                0x08001478                TIM1_TRG_COM_IRQHandler
                0x08001478                DMA1_Channel1_IRQHandler
                0x08001478                Default_Handler
                0x08001478                EXTI15_10_IRQHandler
                0x08001478                EXTI9_5_IRQHandler
                0x08001478                SPI2_IRQHandler
                0x08001478                DMA1_Channel5_IRQHandler
                0x08001478                EXTI4_IRQHandler
                0x08001478                USB_HP_CAN1_TX_IRQHandler
                0x08001478                DMA1_Channel3_IRQHandler
                0x08001478                TIM1_UP_IRQHandler
                0x08001478                WWDG_IRQHandler
                0x08001478                TIM2_IRQHandler
                0x08001478                TIM1_BRK_IRQHandler
                0x08001478                EXTI1_IRQHandler
                0x08001478                USART2_IRQHandler
                0x08001478                I2C2_ER_IRQHandler
                0x08001478                DMA1_Channel2_IRQHandler
                0x08001478                CAN1_SCE_IRQHandler
                0x08001478                FLASH_IRQHandler
                0x08001478                USART1_IRQHandler
                0x08001478                I2C1_ER_IRQHandler
                0x08001478                USBWakeUp_IRQHandler
 *fill*         0x0800147a        0x2 
 .text.HAL_Init
                0x0800147c       0x2c ./Drivers/STM32F1xx_HAL_Driver/Src/stm32f1xx_hal.o
                0x0800147c                HAL_Init
 .text.HAL_InitTick
                0x080014a8       0x60 ./Drivers/STM32F1xx_HAL_Driver/Src/stm32f1xx_hal.o
                0x080014a8                HAL_InitTick
 .text.HAL_IncTick
                0x08001508       0x24 ./Drivers/STM32F1xx_HAL_Driver/Src/stm32f1xx_hal.o
                0x08001508                HAL_IncTick
 .text.HAL_GetTick
                0x0800152c       0x14 ./Drivers/STM32F1xx_HAL_Driver/Src/stm32f1xx_hal.o
                0x0800152c                HAL_GetTick
 .text.HAL_Delay
                0x08001540       0x48 ./Drivers/STM32F1xx_HAL_Driver/Src/stm32f1xx_hal.o
                0x08001540                HAL_Delay
 .text.HAL_CAN_Init
                0x08001588      0x1f6 ./Drivers/STM32F1xx_HAL_Driver/Src/stm32f1xx_hal_can.o
                0x08001588                HAL_CAN_Init
 .text.HAL_CAN_ConfigFilter
                0x0800177e      0x192 ./Drivers/STM32F1xx_HAL_Driver/Src/stm32f1xx_hal_can.o
                0x0800177e                HAL_CAN_ConfigFilter
 .text.HAL_CAN_Start
                0x08001910       0x88 ./Drivers/STM32F1xx_HAL_Driver/Src/stm32f1xx_hal_can.o
                0x08001910                HAL_CAN_Start
 .text.HAL_CAN_AddTxMessage
                0x08001998      0x19e ./Drivers/STM32F1xx_HAL_Driver/Src/stm32f1xx_hal_can.o
                0x08001998                HAL_CAN_AddTxMessage
 .text.HAL_CAN_GetRxMessage
                0x08001b36      0x242 ./Drivers/STM32F1xx_HAL_Driver/Src/stm32f1xx_hal_can.o
                0x08001b36                HAL_CAN_GetRxMessage
 .text.HAL_CAN_ActivateNotification
                0x08001d78       0x4a ./Drivers/STM32F1xx_HAL_Driver/Src/stm32f1xx_hal_can.o
                0x08001d78                HAL_CAN_ActivateNotification
 .text.HAL_CAN_IRQHandler
                0x08001dc2      0x36e ./Drivers/STM32F1xx_HAL_Driver/Src/stm32f1xx_hal_can.o
                0x08001dc2                HAL_CAN_IRQHandler
 .text.HAL_CAN_TxMailbox0CompleteCallback
                0x08002130       0x12 ./Drivers/STM32F1xx_HAL_Driver/Src/stm32f1xx_hal_can.o
                0x08002130                HAL_CAN_TxMailbox0CompleteCallback
 .text.HAL_CAN_TxMailbox1CompleteCallback
                0x08002142       0x12 ./Drivers/STM32F1xx_HAL_Driver/Src/stm32f1xx_hal_can.o
                0x08002142                HAL_CAN_TxMailbox1CompleteCallback
 .text.HAL_CAN_TxMailbox2CompleteCallback
                0x08002154       0x12 ./Drivers/STM32F1xx_HAL_Driver/Src/stm32f1xx_hal_can.o
                0x08002154                HAL_CAN_TxMailbox2CompleteCallback
 .text.HAL_CAN_TxMailbox0AbortCallback
                0x08002166       0x12 ./Drivers/STM32F1xx_HAL_Driver/Src/stm32f1xx_hal_can.o
                0x08002166                HAL_CAN_TxMailbox0AbortCallback
 .text.HAL_CAN_TxMailbox1AbortCallback
                0x08002178       0x12 ./Drivers/STM32F1xx_HAL_Driver/Src/stm32f1xx_hal_can.o
                0x08002178                HAL_CAN_TxMailbox1AbortCallback
 .text.HAL_CAN_TxMailbox2AbortCallback
                0x0800218a       0x12 ./Drivers/STM32F1xx_HAL_Driver/Src/stm32f1xx_hal_can.o
                0x0800218a                HAL_CAN_TxMailbox2AbortCallback
 .text.HAL_CAN_RxFifo0FullCallback
                0x0800219c       0x12 ./Drivers/STM32F1xx_HAL_Driver/Src/stm32f1xx_hal_can.o
                0x0800219c                HAL_CAN_RxFifo0FullCallback
 .text.HAL_CAN_RxFifo1MsgPendingCallback
                0x080021ae       0x12 ./Drivers/STM32F1xx_HAL_Driver/Src/stm32f1xx_hal_can.o
                0x080021ae                HAL_CAN_RxFifo1MsgPendingCallback
 .text.HAL_CAN_RxFifo1FullCallback
                0x080021c0       0x12 ./Drivers/STM32F1xx_HAL_Driver/Src/stm32f1xx_hal_can.o
                0x080021c0                HAL_CAN_RxFifo1FullCallback
 .text.HAL_CAN_SleepCallback
                0x080021d2       0x12 ./Drivers/STM32F1xx_HAL_Driver/Src/stm32f1xx_hal_can.o
                0x080021d2                HAL_CAN_SleepCallback
 .text.HAL_CAN_WakeUpFromRxMsgCallback
                0x080021e4       0x12 ./Drivers/STM32F1xx_HAL_Driver/Src/stm32f1xx_hal_can.o
                0x080021e4                HAL_CAN_WakeUpFromRxMsgCallback
 .text.HAL_CAN_ErrorCallback
                0x080021f6       0x12 ./Drivers/STM32F1xx_HAL_Driver/Src/stm32f1xx_hal_can.o
                0x080021f6                HAL_CAN_ErrorCallback
 .text.__NVIC_SetPriorityGrouping
                0x08002208       0x48 ./Drivers/STM32F1xx_HAL_Driver/Src/stm32f1xx_hal_cortex.o
 .text.__NVIC_GetPriorityGrouping
                0x08002250       0x1c ./Drivers/STM32F1xx_HAL_Driver/Src/stm32f1xx_hal_cortex.o
 .text.__NVIC_EnableIRQ
                0x0800226c       0x38 ./Drivers/STM32F1xx_HAL_Driver/Src/stm32f1xx_hal_cortex.o
 .text.__NVIC_SetPriority
                0x080022a4       0x54 ./Drivers/STM32F1xx_HAL_Driver/Src/stm32f1xx_hal_cortex.o
 .text.NVIC_EncodePriority
                0x080022f8       0x64 ./Drivers/STM32F1xx_HAL_Driver/Src/stm32f1xx_hal_cortex.o
 .text.SysTick_Config
                0x0800235c       0x44 ./Drivers/STM32F1xx_HAL_Driver/Src/stm32f1xx_hal_cortex.o
 .text.HAL_NVIC_SetPriorityGrouping
                0x080023a0       0x16 ./Drivers/STM32F1xx_HAL_Driver/Src/stm32f1xx_hal_cortex.o
                0x080023a0                HAL_NVIC_SetPriorityGrouping
 .text.HAL_NVIC_SetPriority
                0x080023b6       0x38 ./Drivers/STM32F1xx_HAL_Driver/Src/stm32f1xx_hal_cortex.o
                0x080023b6                HAL_NVIC_SetPriority
 .text.HAL_NVIC_EnableIRQ
                0x080023ee       0x1c ./Drivers/STM32F1xx_HAL_Driver/Src/stm32f1xx_hal_cortex.o
                0x080023ee                HAL_NVIC_EnableIRQ
 .text.HAL_SYSTICK_Config
                0x0800240a       0x18 ./Drivers/STM32F1xx_HAL_Driver/Src/stm32f1xx_hal_cortex.o
                0x0800240a                HAL_SYSTICK_Config
 *fill*         0x08002422        0x2 
 .text.HAL_GPIO_Init
                0x08002424      0x308 ./Drivers/STM32F1xx_HAL_Driver/Src/stm32f1xx_hal_gpio.o
                0x08002424                HAL_GPIO_Init
 .text.HAL_GPIO_WritePin
                0x0800272c       0x30 ./Drivers/STM32F1xx_HAL_Driver/Src/stm32f1xx_hal_gpio.o
                0x0800272c                HAL_GPIO_WritePin
 .text.HAL_I2C_Init
                0x0800275c      0x288 ./Drivers/STM32F1xx_HAL_Driver/Src/stm32f1xx_hal_i2c.o
                0x0800275c                HAL_I2C_Init
 .text.HAL_I2C_Master_Transmit
                0x080029e4      0x1fc ./Drivers/STM32F1xx_HAL_Driver/Src/stm32f1xx_hal_i2c.o
                0x080029e4                HAL_I2C_Master_Transmit
 .text.HAL_I2C_Master_Receive
                0x08002be0      0x4d8 ./Drivers/STM32F1xx_HAL_Driver/Src/stm32f1xx_hal_i2c.o
                0x08002be0                HAL_I2C_Master_Receive
 .text.I2C_MasterRequestWrite
                0x080030b8      0x104 ./Drivers/STM32F1xx_HAL_Driver/Src/stm32f1xx_hal_i2c.o
 .text.I2C_MasterRequestRead
                0x080031bc      0x19c ./Drivers/STM32F1xx_HAL_Driver/Src/stm32f1xx_hal_i2c.o
 .text.I2C_WaitOnFlagUntilTimeout
                0x08003358       0xf4 ./Drivers/STM32F1xx_HAL_Driver/Src/stm32f1xx_hal_i2c.o
 .text.I2C_WaitOnMasterAddressFlagUntilTimeout
                0x0800344c      0x140 ./Drivers/STM32F1xx_HAL_Driver/Src/stm32f1xx_hal_i2c.o
 .text.I2C_WaitOnTXEFlagUntilTimeout
                0x0800358c       0x90 ./Drivers/STM32F1xx_HAL_Driver/Src/stm32f1xx_hal_i2c.o
 .text.I2C_WaitOnBTFFlagUntilTimeout
                0x0800361c       0x90 ./Drivers/STM32F1xx_HAL_Driver/Src/stm32f1xx_hal_i2c.o
 .text.I2C_WaitOnRXNEFlagUntilTimeout
                0x080036ac       0xba ./Drivers/STM32F1xx_HAL_Driver/Src/stm32f1xx_hal_i2c.o
 .text.I2C_IsAcknowledgeFailed
                0x08003766       0x5c ./Drivers/STM32F1xx_HAL_Driver/Src/stm32f1xx_hal_i2c.o
 *fill*         0x080037c2        0x2 
 .text.HAL_RCC_OscConfig
                0x080037c4      0x504 ./Drivers/STM32F1xx_HAL_Driver/Src/stm32f1xx_hal_rcc.o
                0x080037c4                HAL_RCC_OscConfig
 .text.HAL_RCC_ClockConfig
                0x08003cc8      0x1d4 ./Drivers/STM32F1xx_HAL_Driver/Src/stm32f1xx_hal_rcc.o
                0x08003cc8                HAL_RCC_ClockConfig
 .text.HAL_RCC_GetSysClockFreq
                0x08003e9c       0xa8 ./Drivers/STM32F1xx_HAL_Driver/Src/stm32f1xx_hal_rcc.o
                0x08003e9c                HAL_RCC_GetSysClockFreq
 .text.HAL_RCC_GetHCLKFreq
                0x08003f44       0x14 ./Drivers/STM32F1xx_HAL_Driver/Src/stm32f1xx_hal_rcc.o
                0x08003f44                HAL_RCC_GetHCLKFreq
 .text.HAL_RCC_GetPCLK1Freq
                0x08003f58       0x28 ./Drivers/STM32F1xx_HAL_Driver/Src/stm32f1xx_hal_rcc.o
                0x08003f58                HAL_RCC_GetPCLK1Freq
 .text.HAL_RCC_GetPCLK2Freq
                0x08003f80       0x28 ./Drivers/STM32F1xx_HAL_Driver/Src/stm32f1xx_hal_rcc.o
                0x08003f80                HAL_RCC_GetPCLK2Freq
 .text.RCC_Delay
                0x08003fa8       0x3c ./Drivers/STM32F1xx_HAL_Driver/Src/stm32f1xx_hal_rcc.o
 .text.HAL_TIM_Base_Init
                0x08003fe4       0x9e ./Drivers/STM32F1xx_HAL_Driver/Src/stm32f1xx_hal_tim.o
                0x08003fe4                HAL_TIM_Base_Init
 .text.HAL_TIM_IRQHandler
                0x08004082      0x1e0 ./Drivers/STM32F1xx_HAL_Driver/Src/stm32f1xx_hal_tim.o
                0x08004082                HAL_TIM_IRQHandler
 .text.HAL_TIM_ConfigClockSource
                0x08004262      0x18e ./Drivers/STM32F1xx_HAL_Driver/Src/stm32f1xx_hal_tim.o
                0x08004262                HAL_TIM_ConfigClockSource
 .text.HAL_TIM_PeriodElapsedCallback
                0x080043f0       0x12 ./Drivers/STM32F1xx_HAL_Driver/Src/stm32f1xx_hal_tim.o
                0x080043f0                HAL_TIM_PeriodElapsedCallback
 .text.HAL_TIM_OC_DelayElapsedCallback
                0x08004402       0x12 ./Drivers/STM32F1xx_HAL_Driver/Src/stm32f1xx_hal_tim.o
                0x08004402                HAL_TIM_OC_DelayElapsedCallback
 .text.HAL_TIM_IC_CaptureCallback
                0x08004414       0x12 ./Drivers/STM32F1xx_HAL_Driver/Src/stm32f1xx_hal_tim.o
                0x08004414                HAL_TIM_IC_CaptureCallback
 .text.HAL_TIM_PWM_PulseFinishedCallback
                0x08004426       0x12 ./Drivers/STM32F1xx_HAL_Driver/Src/stm32f1xx_hal_tim.o
                0x08004426                HAL_TIM_PWM_PulseFinishedCallback
 .text.HAL_TIM_TriggerCallback
                0x08004438       0x12 ./Drivers/STM32F1xx_HAL_Driver/Src/stm32f1xx_hal_tim.o
                0x08004438                HAL_TIM_TriggerCallback
 *fill*         0x0800444a        0x2 
 .text.TIM_Base_SetConfig
                0x0800444c       0xdc ./Drivers/STM32F1xx_HAL_Driver/Src/stm32f1xx_hal_tim.o
                0x0800444c                TIM_Base_SetConfig
 .text.TIM_TI1_ConfigInputStage
                0x08004528       0x5c ./Drivers/STM32F1xx_HAL_Driver/Src/stm32f1xx_hal_tim.o
 .text.TIM_TI2_ConfigInputStage
                0x08004584       0x5e ./Drivers/STM32F1xx_HAL_Driver/Src/stm32f1xx_hal_tim.o
 .text.TIM_ITRx_SetConfig
                0x080045e2       0x34 ./Drivers/STM32F1xx_HAL_Driver/Src/stm32f1xx_hal_tim.o
 .text.TIM_ETR_SetConfig
                0x08004616       0x3e ./Drivers/STM32F1xx_HAL_Driver/Src/stm32f1xx_hal_tim.o
                0x08004616                TIM_ETR_SetConfig
 .text.HAL_TIMEx_MasterConfigSynchronization
                0x08004654       0xbc ./Drivers/STM32F1xx_HAL_Driver/Src/stm32f1xx_hal_tim_ex.o
                0x08004654                HAL_TIMEx_MasterConfigSynchronization
 .text.HAL_TIMEx_CommutCallback
                0x08004710       0x12 ./Drivers/STM32F1xx_HAL_Driver/Src/stm32f1xx_hal_tim_ex.o
                0x08004710                HAL_TIMEx_CommutCallback
 .text.HAL_TIMEx_BreakCallback
                0x08004722       0x12 ./Drivers/STM32F1xx_HAL_Driver/Src/stm32f1xx_hal_tim_ex.o
                0x08004722                HAL_TIMEx_BreakCallback
 .text.HAL_UART_Init
                0x08004734       0xa0 ./Drivers/STM32F1xx_HAL_Driver/Src/stm32f1xx_hal_uart.o
                0x08004734                HAL_UART_Init
 .text.HAL_UART_Transmit
                0x080047d4      0x116 ./Drivers/STM32F1xx_HAL_Driver/Src/stm32f1xx_hal_uart.o
                0x080047d4                HAL_UART_Transmit
 .text.UART_WaitOnFlagUntilTimeout
                0x080048ea       0xb2 ./Drivers/STM32F1xx_HAL_Driver/Src/stm32f1xx_hal_uart.o
 .text.UART_EndRxTransfer
                0x0800499c       0xc4 ./Drivers/STM32F1xx_HAL_Driver/Src/stm32f1xx_hal_uart.o
 .text.UART_SetConfig
                0x08004a60      0x11c ./Drivers/STM32F1xx_HAL_Driver/Src/stm32f1xx_hal_uart.o
 .text.sprintf  0x08004b7c       0x40 C:/ST/STM32CubeIDE_1.16.1/STM32CubeIDE/plugins/com.st.stm32cube.ide.mcu.externaltools.gnu-tools-for-stm32.12.3.rel1.win32_1.0.200.202406191623/tools/bin/../lib/gcc/arm-none-eabi/12.3.1/../../../../arm-none-eabi/lib/thumb/v7-m/nofp\libc_nano.a(libc_a-sprintf.o)
                0x08004b7c                siprintf
                0x08004b7c                sprintf
 .text.memset   0x08004bbc       0x10 C:/ST/STM32CubeIDE_1.16.1/STM32CubeIDE/plugins/com.st.stm32cube.ide.mcu.externaltools.gnu-tools-for-stm32.12.3.rel1.win32_1.0.200.202406191623/tools/bin/../lib/gcc/arm-none-eabi/12.3.1/../../../../arm-none-eabi/lib/thumb/v7-m/nofp\libc_nano.a(libc_a-memset.o)
                0x08004bbc                memset
 .text.__errno  0x08004bcc        0xc C:/ST/STM32CubeIDE_1.16.1/STM32CubeIDE/plugins/com.st.stm32cube.ide.mcu.externaltools.gnu-tools-for-stm32.12.3.rel1.win32_1.0.200.202406191623/tools/bin/../lib/gcc/arm-none-eabi/12.3.1/../../../../arm-none-eabi/lib/thumb/v7-m/nofp\libc_nano.a(libc_a-errno.o)
                0x08004bcc                __errno
 .text.__libc_init_array
                0x08004bd8       0x48 C:/ST/STM32CubeIDE_1.16.1/STM32CubeIDE/plugins/com.st.stm32cube.ide.mcu.externaltools.gnu-tools-for-stm32.12.3.rel1.win32_1.0.200.202406191623/tools/bin/../lib/gcc/arm-none-eabi/12.3.1/../../../../arm-none-eabi/lib/thumb/v7-m/nofp\libc_nano.a(libc_a-init.o)
                0x08004bd8                __libc_init_array
 .text.__retarget_lock_acquire_recursive
                0x08004c20        0x2 C:/ST/STM32CubeIDE_1.16.1/STM32CubeIDE/plugins/com.st.stm32cube.ide.mcu.externaltools.gnu-tools-for-stm32.12.3.rel1.win32_1.0.200.202406191623/tools/bin/../lib/gcc/arm-none-eabi/12.3.1/../../../../arm-none-eabi/lib/thumb/v7-m/nofp\libc_nano.a(libc_a-lock.o)
                0x08004c20                __retarget_lock_acquire_recursive
 .text.__retarget_lock_release_recursive
                0x08004c22        0x2 C:/ST/STM32CubeIDE_1.16.1/STM32CubeIDE/plugins/com.st.stm32cube.ide.mcu.externaltools.gnu-tools-for-stm32.12.3.rel1.win32_1.0.200.202406191623/tools/bin/../lib/gcc/arm-none-eabi/12.3.1/../../../../arm-none-eabi/lib/thumb/v7-m/nofp\libc_nano.a(libc_a-lock.o)
                0x08004c22                __retarget_lock_release_recursive
 .text.memcpy   0x08004c24       0x1c C:/ST/STM32CubeIDE_1.16.1/STM32CubeIDE/plugins/com.st.stm32cube.ide.mcu.externaltools.gnu-tools-for-stm32.12.3.rel1.win32_1.0.200.202406191623/tools/bin/../lib/gcc/arm-none-eabi/12.3.1/../../../../arm-none-eabi/lib/thumb/v7-m/nofp\libc_nano.a(libc_a-memcpy-stub.o)
                0x08004c24                memcpy
 .text._free_r  0x08004c40       0x90 C:/ST/STM32CubeIDE_1.16.1/STM32CubeIDE/plugins/com.st.stm32cube.ide.mcu.externaltools.gnu-tools-for-stm32.12.3.rel1.win32_1.0.200.202406191623/tools/bin/../lib/gcc/arm-none-eabi/12.3.1/../../../../arm-none-eabi/lib/thumb/v7-m/nofp\libc_nano.a(libc_a-freer.o)
                0x08004c40                _free_r
 .text.sbrk_aligned
                0x08004cd0       0x44 C:/ST/STM32CubeIDE_1.16.1/STM32CubeIDE/plugins/com.st.stm32cube.ide.mcu.externaltools.gnu-tools-for-stm32.12.3.rel1.win32_1.0.200.202406191623/tools/bin/../lib/gcc/arm-none-eabi/12.3.1/../../../../arm-none-eabi/lib/thumb/v7-m/nofp\libc_nano.a(libc_a-mallocr.o)
 .text._malloc_r
                0x08004d14      0x100 C:/ST/STM32CubeIDE_1.16.1/STM32CubeIDE/plugins/com.st.stm32cube.ide.mcu.externaltools.gnu-tools-for-stm32.12.3.rel1.win32_1.0.200.202406191623/tools/bin/../lib/gcc/arm-none-eabi/12.3.1/../../../../arm-none-eabi/lib/thumb/v7-m/nofp\libc_nano.a(libc_a-mallocr.o)
                0x08004d14                _malloc_r
 .text.__malloc_lock
                0x08004e14        0xc C:/ST/STM32CubeIDE_1.16.1/STM32CubeIDE/plugins/com.st.stm32cube.ide.mcu.externaltools.gnu-tools-for-stm32.12.3.rel1.win32_1.0.200.202406191623/tools/bin/../lib/gcc/arm-none-eabi/12.3.1/../../../../arm-none-eabi/lib/thumb/v7-m/nofp\libc_nano.a(libc_a-mlock.o)
                0x08004e14                __malloc_lock
 .text.__malloc_unlock
                0x08004e20        0xc C:/ST/STM32CubeIDE_1.16.1/STM32CubeIDE/plugins/com.st.stm32cube.ide.mcu.externaltools.gnu-tools-for-stm32.12.3.rel1.win32_1.0.200.202406191623/tools/bin/../lib/gcc/arm-none-eabi/12.3.1/../../../../arm-none-eabi/lib/thumb/v7-m/nofp\libc_nano.a(libc_a-mlock.o)
                0x08004e20                __malloc_unlock
 .text.__ssputs_r
                0x08004e2c       0xb6 C:/ST/STM32CubeIDE_1.16.1/STM32CubeIDE/plugins/com.st.stm32cube.ide.mcu.externaltools.gnu-tools-for-stm32.12.3.rel1.win32_1.0.200.202406191623/tools/bin/../lib/gcc/arm-none-eabi/12.3.1/../../../../arm-none-eabi/lib/thumb/v7-m/nofp\libc_nano.a(libc_a-nano-svfprintf.o)
                0x08004e2c                __ssputs_r
 *fill*         0x08004ee2        0x2 
 .text._svfprintf_r
                0x08004ee4      0x1f8 C:/ST/STM32CubeIDE_1.16.1/STM32CubeIDE/plugins/com.st.stm32cube.ide.mcu.externaltools.gnu-tools-for-stm32.12.3.rel1.win32_1.0.200.202406191623/tools/bin/../lib/gcc/arm-none-eabi/12.3.1/../../../../arm-none-eabi/lib/thumb/v7-m/nofp\libc_nano.a(libc_a-nano-svfprintf.o)
                0x08004ee4                _svfiprintf_r
                0x08004ee4                _svfprintf_r
 .text._printf_common
                0x080050dc       0xe4 C:/ST/STM32CubeIDE_1.16.1/STM32CubeIDE/plugins/com.st.stm32cube.ide.mcu.externaltools.gnu-tools-for-stm32.12.3.rel1.win32_1.0.200.202406191623/tools/bin/../lib/gcc/arm-none-eabi/12.3.1/../../../../arm-none-eabi/lib/thumb/v7-m/nofp\libc_nano.a(libc_a-nano-vfprintf_i.o)
                0x080050dc                _printf_common
 .text._printf_i
                0x080051c0      0x240 C:/ST/STM32CubeIDE_1.16.1/STM32CubeIDE/plugins/com.st.stm32cube.ide.mcu.externaltools.gnu-tools-for-stm32.12.3.rel1.win32_1.0.200.202406191623/tools/bin/../lib/gcc/arm-none-eabi/12.3.1/../../../../arm-none-eabi/lib/thumb/v7-m/nofp\libc_nano.a(libc_a-nano-vfprintf_i.o)
                0x080051c0                _printf_i
 .text.memmove  0x08005400       0x34 C:/ST/STM32CubeIDE_1.16.1/STM32CubeIDE/plugins/com.st.stm32cube.ide.mcu.externaltools.gnu-tools-for-stm32.12.3.rel1.win32_1.0.200.202406191623/tools/bin/../lib/gcc/arm-none-eabi/12.3.1/../../../../arm-none-eabi/lib/thumb/v7-m/nofp\libc_nano.a(libc_a-memmove.o)
                0x08005400                memmove
 .text._sbrk_r  0x08005434       0x20 C:/ST/STM32CubeIDE_1.16.1/STM32CubeIDE/plugins/com.st.stm32cube.ide.mcu.externaltools.gnu-tools-for-stm32.12.3.rel1.win32_1.0.200.202406191623/tools/bin/../lib/gcc/arm-none-eabi/12.3.1/../../../../arm-none-eabi/lib/thumb/v7-m/nofp\libc_nano.a(libc_a-sbrkr.o)
                0x08005434                _sbrk_r
 .text.memchr   0x08005454       0x1c C:/ST/STM32CubeIDE_1.16.1/STM32CubeIDE/plugins/com.st.stm32cube.ide.mcu.externaltools.gnu-tools-for-stm32.12.3.rel1.win32_1.0.200.202406191623/tools/bin/../lib/gcc/arm-none-eabi/12.3.1/../../../../arm-none-eabi/lib/thumb/v7-m/nofp\libc_nano.a(libc_a-memchr-stub.o)
                0x08005454                memchr
 .text._realloc_r
                0x08005470       0x5c C:/ST/STM32CubeIDE_1.16.1/STM32CubeIDE/plugins/com.st.stm32cube.ide.mcu.externaltools.gnu-tools-for-stm32.12.3.rel1.win32_1.0.200.202406191623/tools/bin/../lib/gcc/arm-none-eabi/12.3.1/../../../../arm-none-eabi/lib/thumb/v7-m/nofp\libc_nano.a(libc_a-reallocr.o)
                0x08005470                _realloc_r
 .text._malloc_usable_size_r
                0x080054cc       0x10 C:/ST/STM32CubeIDE_1.16.1/STM32CubeIDE/plugins/com.st.stm32cube.ide.mcu.externaltools.gnu-tools-for-stm32.12.3.rel1.win32_1.0.200.202406191623/tools/bin/../lib/gcc/arm-none-eabi/12.3.1/../../../../arm-none-eabi/lib/thumb/v7-m/nofp\libc_nano.a(libc_a-msizer.o)
                0x080054cc                _malloc_usable_size_r
 *(.glue_7)
 .glue_7        0x080054dc        0x0 linker stubs
 *(.glue_7t)
 .glue_7t       0x080054dc        0x0 linker stubs
 *(.eh_frame)
 .eh_frame      0x080054dc        0x0 C:/ST/STM32CubeIDE_1.16.1/STM32CubeIDE/plugins/com.st.stm32cube.ide.mcu.externaltools.gnu-tools-for-stm32.12.3.rel1.win32_1.0.200.202406191623/tools/bin/../lib/gcc/arm-none-eabi/12.3.1/thumb/v7-m/nofp/crtbegin.o
 *(.init)
 .init          0x080054dc        0x4 C:/ST/STM32CubeIDE_1.16.1/STM32CubeIDE/plugins/com.st.stm32cube.ide.mcu.externaltools.gnu-tools-for-stm32.12.3.rel1.win32_1.0.200.202406191623/tools/bin/../lib/gcc/arm-none-eabi/12.3.1/thumb/v7-m/nofp/crti.o
                0x080054dc                _init
 .init          0x080054e0        0x8 C:/ST/STM32CubeIDE_1.16.1/STM32CubeIDE/plugins/com.st.stm32cube.ide.mcu.externaltools.gnu-tools-for-stm32.12.3.rel1.win32_1.0.200.202406191623/tools/bin/../lib/gcc/arm-none-eabi/12.3.1/thumb/v7-m/nofp/crtn.o
 *(.fini)
 .fini          0x080054e8        0x4 C:/ST/STM32CubeIDE_1.16.1/STM32CubeIDE/plugins/com.st.stm32cube.ide.mcu.externaltools.gnu-tools-for-stm32.12.3.rel1.win32_1.0.200.202406191623/tools/bin/../lib/gcc/arm-none-eabi/12.3.1/thumb/v7-m/nofp/crti.o
                0x080054e8                _fini
 .fini          0x080054ec        0x8 C:/ST/STM32CubeIDE_1.16.1/STM32CubeIDE/plugins/com.st.stm32cube.ide.mcu.externaltools.gnu-tools-for-stm32.12.3.rel1.win32_1.0.200.202406191623/tools/bin/../lib/gcc/arm-none-eabi/12.3.1/thumb/v7-m/nofp/crtn.o
                0x080054f4                        . = ALIGN (0x4)
                0x080054f4                        _etext = .

.vfp11_veneer   0x080054f4        0x0
 .vfp11_veneer  0x080054f4        0x0 linker stubs

.v4_bx          0x080054f4        0x0
 .v4_bx         0x080054f4        0x0 linker stubs

.iplt           0x080054f4        0x0
 .iplt          0x080054f4        0x0 C:/ST/STM32CubeIDE_1.16.1/STM32CubeIDE/plugins/com.st.stm32cube.ide.mcu.externaltools.gnu-tools-for-stm32.12.3.rel1.win32_1.0.200.202406191623/tools/bin/../lib/gcc/arm-none-eabi/12.3.1/thumb/v7-m/nofp/crtbegin.o

.rodata         0x080054f4      0x278
                0x080054f4                        . = ALIGN (0x4)
 *(.rodata)
 .rodata        0x080054f4      0x184 ./Core/Src/VL53L1X.o
 .rodata        0x08005678        0x3 ./Core/Src/VL53L1_Handler.o
 *fill*         0x0800567b        0x1 
 .rodata        0x0800567c       0x2e ./Core/Src/main.o
 *(.rodata*)
 *fill*         0x080056aa        0x2 
 .rodata.registered_sensors_cnt
                0x080056ac        0x4 ./Core/Src/VL53L1X.o
                0x080056ac                registered_sensors_cnt
 .rodata.VL51L1X_DEFAULT_CONFIGURATION
                0x080056b0       0x5b ./Core/Src/VL53L1X_api.o
                0x080056b0                VL51L1X_DEFAULT_CONFIGURATION
 *fill*         0x0800570b        0x1 
 .rodata.AHBPrescTable
                0x0800570c       0x10 ./Core/Src/system_stm32f1xx.o
                0x0800570c                AHBPrescTable
 .rodata.APBPrescTable
                0x0800571c        0x8 ./Core/Src/system_stm32f1xx.o
                0x0800571c                APBPrescTable
 .rodata.aPLLMULFactorTable.1
                0x08005724       0x10 ./Drivers/STM32F1xx_HAL_Driver/Src/stm32f1xx_hal_rcc.o
 .rodata.aPredivFactorTable.0
                0x08005734        0x2 ./Drivers/STM32F1xx_HAL_Driver/Src/stm32f1xx_hal_rcc.o
 .rodata._svfprintf_r.str1.1
                0x08005736       0x11 C:/ST/STM32CubeIDE_1.16.1/STM32CubeIDE/plugins/com.st.stm32cube.ide.mcu.externaltools.gnu-tools-for-stm32.12.3.rel1.win32_1.0.200.202406191623/tools/bin/../lib/gcc/arm-none-eabi/12.3.1/../../../../arm-none-eabi/lib/thumb/v7-m/nofp\libc_nano.a(libc_a-nano-svfprintf.o)
 .rodata._printf_i.str1.1
                0x08005747       0x22 C:/ST/STM32CubeIDE_1.16.1/STM32CubeIDE/plugins/com.st.stm32cube.ide.mcu.externaltools.gnu-tools-for-stm32.12.3.rel1.win32_1.0.200.202406191623/tools/bin/../lib/gcc/arm-none-eabi/12.3.1/../../../../arm-none-eabi/lib/thumb/v7-m/nofp\libc_nano.a(libc_a-nano-vfprintf_i.o)
                0x0800576c                        . = ALIGN (0x4)
 *fill*         0x08005769        0x3 

.ARM.extab      0x0800576c        0x0
                0x0800576c                        . = ALIGN (0x4)
 *(.ARM.extab* .gnu.linkonce.armextab.*)
                0x0800576c                        . = ALIGN (0x4)

.ARM            0x0800576c        0x8
                0x0800576c                        . = ALIGN (0x4)
                0x0800576c                        __exidx_start = .
 *(.ARM.exidx*)
 .ARM.exidx     0x0800576c        0x8 C:/ST/STM32CubeIDE_1.16.1/STM32CubeIDE/plugins/com.st.stm32cube.ide.mcu.externaltools.gnu-tools-for-stm32.12.3.rel1.win32_1.0.200.202406191623/tools/bin/../lib/gcc/arm-none-eabi/12.3.1/../../../../arm-none-eabi/lib/thumb/v7-m/nofp\libc_nano.a(libc_a-strlen.o)
                0x08005774                        __exidx_end = .
                0x08005774                        . = ALIGN (0x4)

.preinit_array  0x08005774        0x0
                0x08005774                        . = ALIGN (0x4)
                0x08005774                        PROVIDE (__preinit_array_start = .)
 *(.preinit_array*)
                0x08005774                        PROVIDE (__preinit_array_end = .)
                0x08005774                        . = ALIGN (0x4)

.init_array     0x08005774        0x4
                0x08005774                        . = ALIGN (0x4)
                0x08005774                        PROVIDE (__init_array_start = .)
 *(SORT_BY_NAME(.init_array.*))
 *(.init_array*)
 .init_array    0x08005774        0x4 C:/ST/STM32CubeIDE_1.16.1/STM32CubeIDE/plugins/com.st.stm32cube.ide.mcu.externaltools.gnu-tools-for-stm32.12.3.rel1.win32_1.0.200.202406191623/tools/bin/../lib/gcc/arm-none-eabi/12.3.1/thumb/v7-m/nofp/crtbegin.o
                0x08005778                        PROVIDE (__init_array_end = .)
                0x08005778                        . = ALIGN (0x4)

.fini_array     0x08005778        0x4
                0x08005778                        . = ALIGN (0x4)
                [!provide]                        PROVIDE (__fini_array_start = .)
 *(SORT_BY_NAME(.fini_array.*))
 *(.fini_array*)
 .fini_array    0x08005778        0x4 C:/ST/STM32CubeIDE_1.16.1/STM32CubeIDE/plugins/com.st.stm32cube.ide.mcu.externaltools.gnu-tools-for-stm32.12.3.rel1.win32_1.0.200.202406191623/tools/bin/../lib/gcc/arm-none-eabi/12.3.1/thumb/v7-m/nofp/crtbegin.o
                [!provide]                        PROVIDE (__fini_array_end = .)
                0x0800577c                        . = ALIGN (0x4)
                0x0800577c                        _sidata = LOADADDR (.data)

.rel.dyn        0x0800577c        0x0
 .rel.iplt      0x0800577c        0x0 C:/ST/STM32CubeIDE_1.16.1/STM32CubeIDE/plugins/com.st.stm32cube.ide.mcu.externaltools.gnu-tools-for-stm32.12.3.rel1.win32_1.0.200.202406191623/tools/bin/../lib/gcc/arm-none-eabi/12.3.1/thumb/v7-m/nofp/crtbegin.o

.data           0x20000000       0x84 load address 0x0800577c
                0x20000000                        . = ALIGN (0x4)
                0x20000000                        _sdata = .
 *(.data)
 *(.data*)
 .data.LEFT     0x20000000        0x8 ./Core/Src/SIGNAL.o
                0x20000000                LEFT
 .data.RIGHT    0x20000008        0x8 ./Core/Src/SIGNAL.o
                0x20000008                RIGHT
 .data.FORWARD  0x20000010        0x8 ./Core/Src/SIGNAL.o
                0x20000010                FORWARD
 .data.BACKWARD_LEFT
                0x20000018        0x8 ./Core/Src/SIGNAL.o
                0x20000018                BACKWARD_LEFT
 .data.BACKWARD_RIGHT
                0x20000020        0x8 ./Core/Src/SIGNAL.o
                0x20000020                BACKWARD_RIGHT
 .data.SystemCoreClock
                0x20000028        0x4 ./Core/Src/system_stm32f1xx.o
                0x20000028                SystemCoreClock
 .data.uwTickPrio
                0x2000002c        0x4 ./Drivers/STM32F1xx_HAL_Driver/Src/stm32f1xx_hal.o
                0x2000002c                uwTickPrio
 .data.uwTickFreq
                0x20000030        0x1 ./Drivers/STM32F1xx_HAL_Driver/Src/stm32f1xx_hal.o
                0x20000030                uwTickFreq
 *fill*         0x20000031        0x3 
 .data._impure_ptr
                0x20000034        0x4 C:/ST/STM32CubeIDE_1.16.1/STM32CubeIDE/plugins/com.st.stm32cube.ide.mcu.externaltools.gnu-tools-for-stm32.12.3.rel1.win32_1.0.200.202406191623/tools/bin/../lib/gcc/arm-none-eabi/12.3.1/../../../../arm-none-eabi/lib/thumb/v7-m/nofp\libc_nano.a(libc_a-impure.o)
                0x20000034                _impure_ptr
 .data._impure_data
                0x20000038       0x4c C:/ST/STM32CubeIDE_1.16.1/STM32CubeIDE/plugins/com.st.stm32cube.ide.mcu.externaltools.gnu-tools-for-stm32.12.3.rel1.win32_1.0.200.202406191623/tools/bin/../lib/gcc/arm-none-eabi/12.3.1/../../../../arm-none-eabi/lib/thumb/v7-m/nofp\libc_nano.a(libc_a-impure.o)
                0x20000038                _impure_data
 *(.RamFunc)
 *(.RamFunc*)
                0x20000084                        . = ALIGN (0x4)
                0x20000084                        _edata = .

.igot.plt       0x20000084        0x0 load address 0x08005800
 .igot.plt      0x20000084        0x0 C:/ST/STM32CubeIDE_1.16.1/STM32CubeIDE/plugins/com.st.stm32cube.ide.mcu.externaltools.gnu-tools-for-stm32.12.3.rel1.win32_1.0.200.202406191623/tools/bin/../lib/gcc/arm-none-eabi/12.3.1/thumb/v7-m/nofp/crtbegin.o
                0x20000084                        . = ALIGN (0x4)

.bss            0x20000084      0x4a0 load address 0x08005800
                0x20000084                        _sbss = .
                0x20000084                        __bss_start__ = _sbss
 *(.bss)
 .bss           0x20000084       0x1c C:/ST/STM32CubeIDE_1.16.1/STM32CubeIDE/plugins/com.st.stm32cube.ide.mcu.externaltools.gnu-tools-for-stm32.12.3.rel1.win32_1.0.200.202406191623/tools/bin/../lib/gcc/arm-none-eabi/12.3.1/thumb/v7-m/nofp/crtbegin.o
 *(.bss*)
 .bss.TxHeader  0x200000a0       0x18 ./Core/Src/CAN_Handler.o
                0x200000a0                TxHeader
 .bss.Mailbox   0x200000b8        0x4 ./Core/Src/CAN_Handler.o
                0x200000b8                Mailbox
 .bss.RxHeader  0x200000bc       0x1c ./Core/Src/CAN_Handler.o
                0x200000bc                RxHeader
 .bss.canfilterconfig
                0x200000d8       0x28 ./Core/Src/CAN_Handler.o
                0x200000d8                canfilterconfig
 .bss.RxData    0x20000100        0x8 ./Core/Src/CAN_Handler.o
                0x20000100                RxData
 .bss.returnSignal
                0x20000108        0x1 ./Core/Src/SIGNAL.o
                0x20000108                returnSignal
 *fill*         0x20000109        0x3 
 .bss.registered_sensors
                0x2000010c       0x28 ./Core/Src/VL53L1X.o
                0x2000010c                registered_sensors
 .bss.vl53l1x_log_func
                0x20000134        0x4 ./Core/Src/VL53L1X.o
 .bss.hcan      0x20000138       0x28 ./Core/Src/can.o
                0x20000138                hcan
 .bss.hi2c1     0x20000160       0x54 ./Core/Src/i2c.o
                0x20000160                hi2c1
 .bss.sensor1   0x200001b4       0x14 ./Core/Src/main.o
                0x200001b4                sensor1
 .bss.sensor2   0x200001c8       0x14 ./Core/Src/main.o
                0x200001c8                sensor2
 .bss.buffer    0x200001dc       0x64 ./Core/Src/main.o
                0x200001dc                buffer
 .bss.state     0x20000240        0x1 ./Core/Src/main.o
                0x20000240                state
 .bss.prevstate
                0x20000241        0x1 ./Core/Src/main.o
                0x20000241                prevstate
 .bss.forceChange
                0x20000242        0x1 ./Core/Src/main.o
                0x20000242                forceChange
 *fill*         0x20000243        0x1 
 .bss.__sbrk_heap_end
                0x20000244        0x4 ./Core/Src/sysmem.o
 .bss.htim3     0x20000248       0x48 ./Core/Src/tim.o
                0x20000248                htim3
 .bss.huart1    0x20000290       0x48 ./Core/Src/usart.o
                0x20000290                huart1
 .bss._I2CBuffer
                0x200002d8      0x100 ./Core/Src/vl53l1_platform.o
                0x200002d8                _I2CBuffer
 .bss.uwTick    0x200003d8        0x4 ./Drivers/STM32F1xx_HAL_Driver/Src/stm32f1xx_hal.o
                0x200003d8                uwTick
 .bss.__sf      0x200003dc      0x138 C:/ST/STM32CubeIDE_1.16.1/STM32CubeIDE/plugins/com.st.stm32cube.ide.mcu.externaltools.gnu-tools-for-stm32.12.3.rel1.win32_1.0.200.202406191623/tools/bin/../lib/gcc/arm-none-eabi/12.3.1/../../../../arm-none-eabi/lib/thumb/v7-m/nofp\libc_nano.a(libc_a-findfp.o)
                0x200003dc                __sf
 .bss.errno     0x20000514        0x4 C:/ST/STM32CubeIDE_1.16.1/STM32CubeIDE/plugins/com.st.stm32cube.ide.mcu.externaltools.gnu-tools-for-stm32.12.3.rel1.win32_1.0.200.202406191623/tools/bin/../lib/gcc/arm-none-eabi/12.3.1/../../../../arm-none-eabi/lib/thumb/v7-m/nofp\libc_nano.a(libc_a-reent.o)
                0x20000514                errno
 .bss.__lock___malloc_recursive_mutex
                0x20000518        0x1 C:/ST/STM32CubeIDE_1.16.1/STM32CubeIDE/plugins/com.st.stm32cube.ide.mcu.externaltools.gnu-tools-for-stm32.12.3.rel1.win32_1.0.200.202406191623/tools/bin/../lib/gcc/arm-none-eabi/12.3.1/../../../../arm-none-eabi/lib/thumb/v7-m/nofp\libc_nano.a(libc_a-lock.o)
                0x20000518                __lock___malloc_recursive_mutex
 *fill*         0x20000519        0x3 
 .bss.__malloc_sbrk_start
                0x2000051c        0x4 C:/ST/STM32CubeIDE_1.16.1/STM32CubeIDE/plugins/com.st.stm32cube.ide.mcu.externaltools.gnu-tools-for-stm32.12.3.rel1.win32_1.0.200.202406191623/tools/bin/../lib/gcc/arm-none-eabi/12.3.1/../../../../arm-none-eabi/lib/thumb/v7-m/nofp\libc_nano.a(libc_a-mallocr.o)
                0x2000051c                __malloc_sbrk_start
 .bss.__malloc_free_list
                0x20000520        0x4 C:/ST/STM32CubeIDE_1.16.1/STM32CubeIDE/plugins/com.st.stm32cube.ide.mcu.externaltools.gnu-tools-for-stm32.12.3.rel1.win32_1.0.200.202406191623/tools/bin/../lib/gcc/arm-none-eabi/12.3.1/../../../../arm-none-eabi/lib/thumb/v7-m/nofp\libc_nano.a(libc_a-mallocr.o)
                0x20000520                __malloc_free_list
 *(COMMON)
                0x20000524                        . = ALIGN (0x4)
                0x20000524                        _ebss = .
                0x20000524                        __bss_end__ = _ebss

._user_heap_stack
                0x20000524      0x604 load address 0x08005800
                0x20000528                        . = ALIGN (0x8)
 *fill*         0x20000524        0x4 
                [!provide]                        PROVIDE (end = .)
                0x20000528                        PROVIDE (_end = .)
                0x20000728                        . = (. + _Min_Heap_Size)
 *fill*         0x20000528      0x200 
                0x20000b28                        . = (. + _Min_Stack_Size)
 *fill*         0x20000728      0x400 
                0x20000b28                        . = ALIGN (0x8)

/DISCARD/
 libc.a(*)
 libm.a(*)
 libgcc.a(*)

.ARM.attributes
                0x00000000       0x29
 *(.ARM.attributes)
 .ARM.attributes
                0x00000000       0x1d C:/ST/STM32CubeIDE_1.16.1/STM32CubeIDE/plugins/com.st.stm32cube.ide.mcu.externaltools.gnu-tools-for-stm32.12.3.rel1.win32_1.0.200.202406191623/tools/bin/../lib/gcc/arm-none-eabi/12.3.1/thumb/v7-m/nofp/crti.o
 .ARM.attributes
                0x0000001d       0x2d C:/ST/STM32CubeIDE_1.16.1/STM32CubeIDE/plugins/com.st.stm32cube.ide.mcu.externaltools.gnu-tools-for-stm32.12.3.rel1.win32_1.0.200.202406191623/tools/bin/../lib/gcc/arm-none-eabi/12.3.1/thumb/v7-m/nofp/crtbegin.o
 .ARM.attributes
                0x0000004a       0x2d ./Core/Src/CAN_Handler.o
 .ARM.attributes
                0x00000077       0x2d ./Core/Src/SIGNAL.o
 .ARM.attributes
                0x000000a4       0x2d ./Core/Src/VL53L1X.o
 .ARM.attributes
                0x000000d1       0x2d ./Core/Src/VL53L1X_api.o
 .ARM.attributes
                0x000000fe       0x2d ./Core/Src/VL53L1_Handler.o
 .ARM.attributes
                0x0000012b       0x2d ./Core/Src/can.o
 .ARM.attributes
                0x00000158       0x2d ./Core/Src/gpio.o
 .ARM.attributes
                0x00000185       0x2d ./Core/Src/i2c.o
 .ARM.attributes
                0x000001b2       0x2d ./Core/Src/main.o
 .ARM.attributes
                0x000001df       0x2d ./Core/Src/stm32f1xx_hal_msp.o
 .ARM.attributes
                0x0000020c       0x2d ./Core/Src/stm32f1xx_it.o
 .ARM.attributes
                0x00000239       0x2d ./Core/Src/sysmem.o
 .ARM.attributes
                0x00000266       0x2d ./Core/Src/system_stm32f1xx.o
 .ARM.attributes
                0x00000293       0x2d ./Core/Src/tim.o
 .ARM.attributes
                0x000002c0       0x2d ./Core/Src/usart.o
 .ARM.attributes
                0x000002ed       0x2d ./Core/Src/vl53l1_platform.o
 .ARM.attributes
                0x0000031a       0x21 ./Core/Startup/startup_stm32f103c8tx.o
 .ARM.attributes
                0x0000033b       0x2d ./Drivers/STM32F1xx_HAL_Driver/Src/stm32f1xx_hal.o
 .ARM.attributes
                0x00000368       0x2d ./Drivers/STM32F1xx_HAL_Driver/Src/stm32f1xx_hal_can.o
 .ARM.attributes
                0x00000395       0x2d ./Drivers/STM32F1xx_HAL_Driver/Src/stm32f1xx_hal_cortex.o
 .ARM.attributes
                0x000003c2       0x2d ./Drivers/STM32F1xx_HAL_Driver/Src/stm32f1xx_hal_gpio.o
 .ARM.attributes
                0x000003ef       0x2d ./Drivers/STM32F1xx_HAL_Driver/Src/stm32f1xx_hal_i2c.o
 .ARM.attributes
                0x0000041c       0x2d ./Drivers/STM32F1xx_HAL_Driver/Src/stm32f1xx_hal_rcc.o
 .ARM.attributes
                0x00000449       0x2d ./Drivers/STM32F1xx_HAL_Driver/Src/stm32f1xx_hal_tim.o
 .ARM.attributes
                0x00000476       0x2d ./Drivers/STM32F1xx_HAL_Driver/Src/stm32f1xx_hal_tim_ex.o
 .ARM.attributes
                0x000004a3       0x2d ./Drivers/STM32F1xx_HAL_Driver/Src/stm32f1xx_hal_uart.o
 .ARM.attributes
                0x000004d0       0x2d C:/ST/STM32CubeIDE_1.16.1/STM32CubeIDE/plugins/com.st.stm32cube.ide.mcu.externaltools.gnu-tools-for-stm32.12.3.rel1.win32_1.0.200.202406191623/tools/bin/../lib/gcc/arm-none-eabi/12.3.1/../../../../arm-none-eabi/lib/thumb/v7-m/nofp\libc_nano.a(libc_a-findfp.o)
 .ARM.attributes
                0x000004fd       0x2d C:/ST/STM32CubeIDE_1.16.1/STM32CubeIDE/plugins/com.st.stm32cube.ide.mcu.externaltools.gnu-tools-for-stm32.12.3.rel1.win32_1.0.200.202406191623/tools/bin/../lib/gcc/arm-none-eabi/12.3.1/../../../../arm-none-eabi/lib/thumb/v7-m/nofp\libc_nano.a(libc_a-sprintf.o)
 .ARM.attributes
                0x0000052a       0x2d C:/ST/STM32CubeIDE_1.16.1/STM32CubeIDE/plugins/com.st.stm32cube.ide.mcu.externaltools.gnu-tools-for-stm32.12.3.rel1.win32_1.0.200.202406191623/tools/bin/../lib/gcc/arm-none-eabi/12.3.1/../../../../arm-none-eabi/lib/thumb/v7-m/nofp\libc_nano.a(libc_a-memset.o)
 .ARM.attributes
                0x00000557       0x2d C:/ST/STM32CubeIDE_1.16.1/STM32CubeIDE/plugins/com.st.stm32cube.ide.mcu.externaltools.gnu-tools-for-stm32.12.3.rel1.win32_1.0.200.202406191623/tools/bin/../lib/gcc/arm-none-eabi/12.3.1/../../../../arm-none-eabi/lib/thumb/v7-m/nofp\libc_nano.a(libc_a-reent.o)
 .ARM.attributes
                0x00000584       0x2d C:/ST/STM32CubeIDE_1.16.1/STM32CubeIDE/plugins/com.st.stm32cube.ide.mcu.externaltools.gnu-tools-for-stm32.12.3.rel1.win32_1.0.200.202406191623/tools/bin/../lib/gcc/arm-none-eabi/12.3.1/../../../../arm-none-eabi/lib/thumb/v7-m/nofp\libc_nano.a(libc_a-impure.o)
 .ARM.attributes
                0x000005b1       0x2d C:/ST/STM32CubeIDE_1.16.1/STM32CubeIDE/plugins/com.st.stm32cube.ide.mcu.externaltools.gnu-tools-for-stm32.12.3.rel1.win32_1.0.200.202406191623/tools/bin/../lib/gcc/arm-none-eabi/12.3.1/../../../../arm-none-eabi/lib/thumb/v7-m/nofp\libc_nano.a(libc_a-errno.o)
 .ARM.attributes
                0x000005de       0x2d C:/ST/STM32CubeIDE_1.16.1/STM32CubeIDE/plugins/com.st.stm32cube.ide.mcu.externaltools.gnu-tools-for-stm32.12.3.rel1.win32_1.0.200.202406191623/tools/bin/../lib/gcc/arm-none-eabi/12.3.1/../../../../arm-none-eabi/lib/thumb/v7-m/nofp\libc_nano.a(libc_a-init.o)
 .ARM.attributes
                0x0000060b       0x2d C:/ST/STM32CubeIDE_1.16.1/STM32CubeIDE/plugins/com.st.stm32cube.ide.mcu.externaltools.gnu-tools-for-stm32.12.3.rel1.win32_1.0.200.202406191623/tools/bin/../lib/gcc/arm-none-eabi/12.3.1/../../../../arm-none-eabi/lib/thumb/v7-m/nofp\libc_nano.a(libc_a-lock.o)
 .ARM.attributes
                0x00000638       0x2d C:/ST/STM32CubeIDE_1.16.1/STM32CubeIDE/plugins/com.st.stm32cube.ide.mcu.externaltools.gnu-tools-for-stm32.12.3.rel1.win32_1.0.200.202406191623/tools/bin/../lib/gcc/arm-none-eabi/12.3.1/../../../../arm-none-eabi/lib/thumb/v7-m/nofp\libc_nano.a(libc_a-memcpy-stub.o)
 .ARM.attributes
                0x00000665       0x17 C:/ST/STM32CubeIDE_1.16.1/STM32CubeIDE/plugins/com.st.stm32cube.ide.mcu.externaltools.gnu-tools-for-stm32.12.3.rel1.win32_1.0.200.202406191623/tools/bin/../lib/gcc/arm-none-eabi/12.3.1/../../../../arm-none-eabi/lib/thumb/v7-m/nofp\libc_nano.a(libc_a-strlen.o)
 .ARM.attributes
                0x0000067c       0x2d C:/ST/STM32CubeIDE_1.16.1/STM32CubeIDE/plugins/com.st.stm32cube.ide.mcu.externaltools.gnu-tools-for-stm32.12.3.rel1.win32_1.0.200.202406191623/tools/bin/../lib/gcc/arm-none-eabi/12.3.1/../../../../arm-none-eabi/lib/thumb/v7-m/nofp\libc_nano.a(libc_a-freer.o)
 .ARM.attributes
                0x000006a9       0x2d C:/ST/STM32CubeIDE_1.16.1/STM32CubeIDE/plugins/com.st.stm32cube.ide.mcu.externaltools.gnu-tools-for-stm32.12.3.rel1.win32_1.0.200.202406191623/tools/bin/../lib/gcc/arm-none-eabi/12.3.1/../../../../arm-none-eabi/lib/thumb/v7-m/nofp\libc_nano.a(libc_a-mallocr.o)
 .ARM.attributes
                0x000006d6       0x2d C:/ST/STM32CubeIDE_1.16.1/STM32CubeIDE/plugins/com.st.stm32cube.ide.mcu.externaltools.gnu-tools-for-stm32.12.3.rel1.win32_1.0.200.202406191623/tools/bin/../lib/gcc/arm-none-eabi/12.3.1/../../../../arm-none-eabi/lib/thumb/v7-m/nofp\libc_nano.a(libc_a-mlock.o)
 .ARM.attributes
                0x00000703       0x2d C:/ST/STM32CubeIDE_1.16.1/STM32CubeIDE/plugins/com.st.stm32cube.ide.mcu.externaltools.gnu-tools-for-stm32.12.3.rel1.win32_1.0.200.202406191623/tools/bin/../lib/gcc/arm-none-eabi/12.3.1/../../../../arm-none-eabi/lib/thumb/v7-m/nofp\libc_nano.a(libc_a-nano-svfprintf.o)
 .ARM.attributes
                0x00000730       0x2d C:/ST/STM32CubeIDE_1.16.1/STM32CubeIDE/plugins/com.st.stm32cube.ide.mcu.externaltools.gnu-tools-for-stm32.12.3.rel1.win32_1.0.200.202406191623/tools/bin/../lib/gcc/arm-none-eabi/12.3.1/../../../../arm-none-eabi/lib/thumb/v7-m/nofp\libc_nano.a(libc_a-nano-vfprintf_i.o)
 .ARM.attributes
                0x0000075d       0x2d C:/ST/STM32CubeIDE_1.16.1/STM32CubeIDE/plugins/com.st.stm32cube.ide.mcu.externaltools.gnu-tools-for-stm32.12.3.rel1.win32_1.0.200.202406191623/tools/bin/../lib/gcc/arm-none-eabi/12.3.1/../../../../arm-none-eabi/lib/thumb/v7-m/nofp\libc_nano.a(libc_a-memmove.o)
 .ARM.attributes
                0x0000078a       0x2d C:/ST/STM32CubeIDE_1.16.1/STM32CubeIDE/plugins/com.st.stm32cube.ide.mcu.externaltools.gnu-tools-for-stm32.12.3.rel1.win32_1.0.200.202406191623/tools/bin/../lib/gcc/arm-none-eabi/12.3.1/../../../../arm-none-eabi/lib/thumb/v7-m/nofp\libc_nano.a(libc_a-sbrkr.o)
 .ARM.attributes
                0x000007b7       0x2d C:/ST/STM32CubeIDE_1.16.1/STM32CubeIDE/plugins/com.st.stm32cube.ide.mcu.externaltools.gnu-tools-for-stm32.12.3.rel1.win32_1.0.200.202406191623/tools/bin/../lib/gcc/arm-none-eabi/12.3.1/../../../../arm-none-eabi/lib/thumb/v7-m/nofp\libc_nano.a(libc_a-memchr-stub.o)
 .ARM.attributes
                0x000007e4       0x2d C:/ST/STM32CubeIDE_1.16.1/STM32CubeIDE/plugins/com.st.stm32cube.ide.mcu.externaltools.gnu-tools-for-stm32.12.3.rel1.win32_1.0.200.202406191623/tools/bin/../lib/gcc/arm-none-eabi/12.3.1/../../../../arm-none-eabi/lib/thumb/v7-m/nofp\libc_nano.a(libc_a-reallocr.o)
 .ARM.attributes
                0x00000811       0x2d C:/ST/STM32CubeIDE_1.16.1/STM32CubeIDE/plugins/com.st.stm32cube.ide.mcu.externaltools.gnu-tools-for-stm32.12.3.rel1.win32_1.0.200.202406191623/tools/bin/../lib/gcc/arm-none-eabi/12.3.1/../../../../arm-none-eabi/lib/thumb/v7-m/nofp\libc_nano.a(libc_a-msizer.o)
 .ARM.attributes
                0x0000083e       0x1d C:/ST/STM32CubeIDE_1.16.1/STM32CubeIDE/plugins/com.st.stm32cube.ide.mcu.externaltools.gnu-tools-for-stm32.12.3.rel1.win32_1.0.200.202406191623/tools/bin/../lib/gcc/arm-none-eabi/12.3.1/thumb/v7-m/nofp/crtn.o
OUTPUT(Lab06_SensorNode.elf elf32-littlearm)
LOAD linker stubs
LOAD C:/ST/STM32CubeIDE_1.16.1/STM32CubeIDE/plugins/com.st.stm32cube.ide.mcu.externaltools.gnu-tools-for-stm32.12.3.rel1.win32_1.0.200.202406191623/tools/bin/../lib/gcc/arm-none-eabi/12.3.1/../../../../arm-none-eabi/lib/thumb/v7-m/nofp\libc.a
LOAD C:/ST/STM32CubeIDE_1.16.1/STM32CubeIDE/plugins/com.st.stm32cube.ide.mcu.externaltools.gnu-tools-for-stm32.12.3.rel1.win32_1.0.200.202406191623/tools/bin/../lib/gcc/arm-none-eabi/12.3.1/../../../../arm-none-eabi/lib/thumb/v7-m/nofp\libm.a
LOAD C:/ST/STM32CubeIDE_1.16.1/STM32CubeIDE/plugins/com.st.stm32cube.ide.mcu.externaltools.gnu-tools-for-stm32.12.3.rel1.win32_1.0.200.202406191623/tools/bin/../lib/gcc/arm-none-eabi/12.3.1/thumb/v7-m/nofp\libgcc.a

.debug_info     0x00000000    0x13d13
 .debug_info    0x00000000      0x80c ./Core/Src/CAN_Handler.o
 .debug_info    0x0000080c      0x1ce ./Core/Src/SIGNAL.o
 .debug_info    0x000009da      0x999 ./Core/Src/VL53L1X.o
 .debug_info    0x00001373     0x10cc ./Core/Src/VL53L1X_api.o
 .debug_info    0x0000243f      0x78b ./Core/Src/VL53L1_Handler.o
 .debug_info    0x00002bca      0x867 ./Core/Src/can.o
 .debug_info    0x00003431      0x2d3 ./Core/Src/gpio.o
 .debug_info    0x00003704      0x7e3 ./Core/Src/i2c.o
 .debug_info    0x00003ee7     0x1056 ./Core/Src/main.o
 .debug_info    0x00004f3d      0x1f1 ./Core/Src/stm32f1xx_hal_msp.o
 .debug_info    0x0000512e      0xa6e ./Core/Src/stm32f1xx_it.o
 .debug_info    0x00005b9c      0x168 ./Core/Src/sysmem.o
 .debug_info    0x00005d04      0x222 ./Core/Src/system_stm32f1xx.o
 .debug_info    0x00005f26      0x9bb ./Core/Src/tim.o
 .debug_info    0x000068e1      0x823 ./Core/Src/usart.o
 .debug_info    0x00007104      0xbbc ./Core/Src/vl53l1_platform.o
 .debug_info    0x00007cc0       0x30 ./Core/Startup/startup_stm32f103c8tx.o
 .debug_info    0x00007cf0      0x704 ./Drivers/STM32F1xx_HAL_Driver/Src/stm32f1xx_hal.o
 .debug_info    0x000083f4      0xf13 ./Drivers/STM32F1xx_HAL_Driver/Src/stm32f1xx_hal_can.o
 .debug_info    0x00009307      0xa87 ./Drivers/STM32F1xx_HAL_Driver/Src/stm32f1xx_hal_cortex.o
 .debug_info    0x00009d8e      0x5ab ./Drivers/STM32F1xx_HAL_Driver/Src/stm32f1xx_hal_gpio.o
 .debug_info    0x0000a339     0x2524 ./Drivers/STM32F1xx_HAL_Driver/Src/stm32f1xx_hal_i2c.o
 .debug_info    0x0000c85d      0x7d5 ./Drivers/STM32F1xx_HAL_Driver/Src/stm32f1xx_hal_rcc.o
 .debug_info    0x0000d032     0x2959 ./Drivers/STM32F1xx_HAL_Driver/Src/stm32f1xx_hal_tim.o
 .debug_info    0x0000f98b     0x149b ./Drivers/STM32F1xx_HAL_Driver/Src/stm32f1xx_hal_tim_ex.o
 .debug_info    0x00010e26     0x2eed ./Drivers/STM32F1xx_HAL_Driver/Src/stm32f1xx_hal_uart.o

.debug_abbrev   0x00000000     0x3188
 .debug_abbrev  0x00000000      0x1c3 ./Core/Src/CAN_Handler.o
 .debug_abbrev  0x000001c3       0xc6 ./Core/Src/SIGNAL.o
 .debug_abbrev  0x00000289      0x249 ./Core/Src/VL53L1X.o
 .debug_abbrev  0x000004d2      0x19d ./Core/Src/VL53L1X_api.o
 .debug_abbrev  0x0000066f      0x1e3 ./Core/Src/VL53L1_Handler.o
 .debug_abbrev  0x00000852      0x232 ./Core/Src/can.o
 .debug_abbrev  0x00000a84      0x13f ./Core/Src/gpio.o
 .debug_abbrev  0x00000bc3      0x1de ./Core/Src/i2c.o
 .debug_abbrev  0x00000da1      0x2b3 ./Core/Src/main.o
 .debug_abbrev  0x00001054       0xdb ./Core/Src/stm32f1xx_hal_msp.o
 .debug_abbrev  0x0000112f      0x1eb ./Core/Src/stm32f1xx_it.o
 .debug_abbrev  0x0000131a       0xbc ./Core/Src/sysmem.o
 .debug_abbrev  0x000013d6      0x13f ./Core/Src/system_stm32f1xx.o
 .debug_abbrev  0x00001515      0x20e ./Core/Src/tim.o
 .debug_abbrev  0x00001723      0x1ff ./Core/Src/usart.o
 .debug_abbrev  0x00001922      0x21c ./Core/Src/vl53l1_platform.o
 .debug_abbrev  0x00001b3e       0x24 ./Core/Startup/startup_stm32f103c8tx.o
 .debug_abbrev  0x00001b62      0x201 ./Drivers/STM32F1xx_HAL_Driver/Src/stm32f1xx_hal.o
 .debug_abbrev  0x00001d63      0x21c ./Drivers/STM32F1xx_HAL_Driver/Src/stm32f1xx_hal_can.o
 .debug_abbrev  0x00001f7f      0x2f8 ./Drivers/STM32F1xx_HAL_Driver/Src/stm32f1xx_hal_cortex.o
 .debug_abbrev  0x00002277      0x1ca ./Drivers/STM32F1xx_HAL_Driver/Src/stm32f1xx_hal_gpio.o
 .debug_abbrev  0x00002441      0x2a3 ./Drivers/STM32F1xx_HAL_Driver/Src/stm32f1xx_hal_i2c.o
 .debug_abbrev  0x000026e4      0x2b3 ./Drivers/STM32F1xx_HAL_Driver/Src/stm32f1xx_hal_rcc.o
 .debug_abbrev  0x00002997      0x277 ./Drivers/STM32F1xx_HAL_Driver/Src/stm32f1xx_hal_tim.o
 .debug_abbrev  0x00002c0e      0x282 ./Drivers/STM32F1xx_HAL_Driver/Src/stm32f1xx_hal_tim_ex.o
 .debug_abbrev  0x00002e90      0x2f8 ./Drivers/STM32F1xx_HAL_Driver/Src/stm32f1xx_hal_uart.o

.debug_aranges  0x00000000     0x12b8
 .debug_aranges
                0x00000000       0x30 ./Core/Src/CAN_Handler.o
 .debug_aranges
                0x00000030       0x28 ./Core/Src/SIGNAL.o
 .debug_aranges
                0x00000058       0x50 ./Core/Src/VL53L1X.o
 .debug_aranges
                0x000000a8      0x168 ./Core/Src/VL53L1X_api.o
 .debug_aranges
                0x00000210       0x30 ./Core/Src/VL53L1_Handler.o
 .debug_aranges
                0x00000240       0x30 ./Core/Src/can.o
 .debug_aranges
                0x00000270       0x20 ./Core/Src/gpio.o
 .debug_aranges
                0x00000290       0x30 ./Core/Src/i2c.o
 .debug_aranges
                0x000002c0       0x38 ./Core/Src/main.o
 .debug_aranges
                0x000002f8       0x20 ./Core/Src/stm32f1xx_hal_msp.o
 .debug_aranges
                0x00000318       0x70 ./Core/Src/stm32f1xx_it.o
 .debug_aranges
                0x00000388       0x20 ./Core/Src/sysmem.o
 .debug_aranges
                0x000003a8       0x28 ./Core/Src/system_stm32f1xx.o
 .debug_aranges
                0x000003d0       0x30 ./Core/Src/tim.o
 .debug_aranges
                0x00000400       0x38 ./Core/Src/usart.o
 .debug_aranges
                0x00000438       0x70 ./Core/Src/vl53l1_platform.o
 .debug_aranges
                0x000004a8       0x28 ./Core/Startup/startup_stm32f103c8tx.o
 .debug_aranges
                0x000004d0       0xe0 ./Drivers/STM32F1xx_HAL_Driver/Src/stm32f1xx_hal.o
 .debug_aranges
                0x000005b0      0x138 ./Drivers/STM32F1xx_HAL_Driver/Src/stm32f1xx_hal_can.o
 .debug_aranges
                0x000006e8      0x100 ./Drivers/STM32F1xx_HAL_Driver/Src/stm32f1xx_hal_cortex.o
 .debug_aranges
                0x000007e8       0x58 ./Drivers/STM32F1xx_HAL_Driver/Src/stm32f1xx_hal_gpio.o
 .debug_aranges
                0x00000840      0x2a8 ./Drivers/STM32F1xx_HAL_Driver/Src/stm32f1xx_hal_i2c.o
 .debug_aranges
                0x00000ae8       0x90 ./Drivers/STM32F1xx_HAL_Driver/Src/stm32f1xx_hal_rcc.o
 .debug_aranges
                0x00000b78      0x3d0 ./Drivers/STM32F1xx_HAL_Driver/Src/stm32f1xx_hal_tim.o
 .debug_aranges
                0x00000f48      0x168 ./Drivers/STM32F1xx_HAL_Driver/Src/stm32f1xx_hal_tim_ex.o
 .debug_aranges
                0x000010b0      0x208 ./Drivers/STM32F1xx_HAL_Driver/Src/stm32f1xx_hal_uart.o

.debug_rnglists
                0x00000000      0xe8a
 .debug_rnglists
                0x00000000       0x1f ./Core/Src/CAN_Handler.o
 .debug_rnglists
                0x0000001f       0x19 ./Core/Src/SIGNAL.o
 .debug_rnglists
                0x00000038       0x39 ./Core/Src/VL53L1X.o
 .debug_rnglists
                0x00000071      0x114 ./Core/Src/VL53L1X_api.o
 .debug_rnglists
                0x00000185       0x1f ./Core/Src/VL53L1_Handler.o
 .debug_rnglists
                0x000001a4       0x20 ./Core/Src/can.o
 .debug_rnglists
                0x000001c4       0x14 ./Core/Src/gpio.o
 .debug_rnglists
                0x000001d8       0x1f ./Core/Src/i2c.o
 .debug_rnglists
                0x000001f7       0x27 ./Core/Src/main.o
 .debug_rnglists
                0x0000021e       0x13 ./Core/Src/stm32f1xx_hal_msp.o
 .debug_rnglists
                0x00000231       0x4f ./Core/Src/stm32f1xx_it.o
 .debug_rnglists
                0x00000280       0x13 ./Core/Src/sysmem.o
 .debug_rnglists
                0x00000293       0x1a ./Core/Src/system_stm32f1xx.o
 .debug_rnglists
                0x000002ad       0x20 ./Core/Src/tim.o
 .debug_rnglists
                0x000002cd       0x26 ./Core/Src/usart.o
 .debug_rnglists
                0x000002f3       0x51 ./Core/Src/vl53l1_platform.o
 .debug_rnglists
                0x00000344       0x19 ./Core/Startup/startup_stm32f103c8tx.o
 .debug_rnglists
                0x0000035d       0xa3 ./Drivers/STM32F1xx_HAL_Driver/Src/stm32f1xx_hal.o
 .debug_rnglists
                0x00000400       0xed ./Drivers/STM32F1xx_HAL_Driver/Src/stm32f1xx_hal_can.o
 .debug_rnglists
                0x000004ed       0xbb ./Drivers/STM32F1xx_HAL_Driver/Src/stm32f1xx_hal_cortex.o
 .debug_rnglists
                0x000005a8       0x3f ./Drivers/STM32F1xx_HAL_Driver/Src/stm32f1xx_hal_gpio.o
 .debug_rnglists
                0x000005e7      0x23c ./Drivers/STM32F1xx_HAL_Driver/Src/stm32f1xx_hal_i2c.o
 .debug_rnglists
                0x00000823       0x6c ./Drivers/STM32F1xx_HAL_Driver/Src/stm32f1xx_hal_rcc.o
 .debug_rnglists
                0x0000088f      0x31a ./Drivers/STM32F1xx_HAL_Driver/Src/stm32f1xx_hal_tim.o
 .debug_rnglists
                0x00000ba9      0x125 ./Drivers/STM32F1xx_HAL_Driver/Src/stm32f1xx_hal_tim_ex.o
 .debug_rnglists
                0x00000cce      0x1bc ./Drivers/STM32F1xx_HAL_Driver/Src/stm32f1xx_hal_uart.o

.debug_macro    0x00000000    0x1a47d
 .debug_macro   0x00000000      0x1df ./Core/Src/CAN_Handler.o
 .debug_macro   0x000001df      0xaa8 ./Core/Src/CAN_Handler.o
 .debug_macro   0x00000c87      0x227 ./Core/Src/CAN_Handler.o
 .debug_macro   0x00000eae       0x2e ./Core/Src/CAN_Handler.o
 .debug_macro   0x00000edc       0x22 ./Core/Src/CAN_Handler.o
 .debug_macro   0x00000efe       0x22 ./Core/Src/CAN_Handler.o
 .debug_macro   0x00000f20       0x8e ./Core/Src/CAN_Handler.o
 .debug_macro   0x00000fae       0x51 ./Core/Src/CAN_Handler.o
 .debug_macro   0x00000fff      0x103 ./Core/Src/CAN_Handler.o
 .debug_macro   0x00001102       0x6a ./Core/Src/CAN_Handler.o
 .debug_macro   0x0000116c      0x1df ./Core/Src/CAN_Handler.o
 .debug_macro   0x0000134b       0x1c ./Core/Src/CAN_Handler.o
 .debug_macro   0x00001367       0x22 ./Core/Src/CAN_Handler.o
 .debug_macro   0x00001389       0xbd ./Core/Src/CAN_Handler.o
 .debug_macro   0x00001446      0xd23 ./Core/Src/CAN_Handler.o
 .debug_macro   0x00002169     0xe09e ./Core/Src/CAN_Handler.o
 .debug_macro   0x00010207       0x6d ./Core/Src/CAN_Handler.o
 .debug_macro   0x00010274     0x34a2 ./Core/Src/CAN_Handler.o
 .debug_macro   0x00013716      0x189 ./Core/Src/CAN_Handler.o
 .debug_macro   0x0001389f       0x5c ./Core/Src/CAN_Handler.o
 .debug_macro   0x000138fb      0x5bc ./Core/Src/CAN_Handler.o
 .debug_macro   0x00013eb7      0x289 ./Core/Src/CAN_Handler.o
 .debug_macro   0x00014140      0x1cb ./Core/Src/CAN_Handler.o
 .debug_macro   0x0001430b      0x114 ./Core/Src/CAN_Handler.o
 .debug_macro   0x0001441f      0x1b2 ./Core/Src/CAN_Handler.o
 .debug_macro   0x000145d1       0x27 ./Core/Src/CAN_Handler.o
 .debug_macro   0x000145f8      0x136 ./Core/Src/CAN_Handler.o
 .debug_macro   0x0001472e      0x1bc ./Core/Src/CAN_Handler.o
 .debug_macro   0x000148ea       0x34 ./Core/Src/CAN_Handler.o
 .debug_macro   0x0001491e       0x3c ./Core/Src/CAN_Handler.o
 .debug_macro   0x0001495a      0x408 ./Core/Src/CAN_Handler.o
 .debug_macro   0x00014d62       0x57 ./Core/Src/CAN_Handler.o
 .debug_macro   0x00014db9       0x87 ./Core/Src/CAN_Handler.o
 .debug_macro   0x00014e40      0x240 ./Core/Src/CAN_Handler.o
 .debug_macro   0x00015080      0x287 ./Core/Src/CAN_Handler.o
 .debug_macro   0x00015307      0x140 ./Core/Src/CAN_Handler.o
 .debug_macro   0x00015447      0x8ed ./Core/Src/CAN_Handler.o
 .debug_macro   0x00015d34      0x28e ./Core/Src/CAN_Handler.o
 .debug_macro   0x00015fc2       0x83 ./Core/Src/CAN_Handler.o
 .debug_macro   0x00016045       0x4c ./Core/Src/CAN_Handler.o
 .debug_macro   0x00016091       0x10 ./Core/Src/CAN_Handler.o
 .debug_macro   0x000160a1      0x1d5 ./Core/Src/SIGNAL.o
 .debug_macro   0x00016276       0x34 ./Core/Src/SIGNAL.o
 .debug_macro   0x000162aa      0x34d ./Core/Src/VL53L1X.o
 .debug_macro   0x000165f7       0x61 ./Core/Src/VL53L1X.o
 .debug_macro   0x00016658       0x24 ./Core/Src/VL53L1X.o
 .debug_macro   0x0001667c       0x43 ./Core/Src/VL53L1X.o
 .debug_macro   0x000166bf       0x34 ./Core/Src/VL53L1X.o
 .debug_macro   0x000166f3       0x16 ./Core/Src/VL53L1X.o
 .debug_macro   0x00016709       0x43 ./Core/Src/VL53L1X.o
 .debug_macro   0x0001674c       0x34 ./Core/Src/VL53L1X.o
 .debug_macro   0x00016780       0x10 ./Core/Src/VL53L1X.o
 .debug_macro   0x00016790       0x58 ./Core/Src/VL53L1X.o
 .debug_macro   0x000167e8       0x8e ./Core/Src/VL53L1X.o
 .debug_macro   0x00016876       0x1c ./Core/Src/VL53L1X.o
 .debug_macro   0x00016892      0x177 ./Core/Src/VL53L1X.o
 .debug_macro   0x00016a09      0x369 ./Core/Src/VL53L1X.o
 .debug_macro   0x00016d72       0x10 ./Core/Src/VL53L1X.o
 .debug_macro   0x00016d82       0x35 ./Core/Src/VL53L1X.o
 .debug_macro   0x00016db7       0x20 ./Core/Src/VL53L1X.o
 .debug_macro   0x00016dd7       0x1c ./Core/Src/VL53L1X.o
 .debug_macro   0x00016df3       0x10 ./Core/Src/VL53L1X.o
 .debug_macro   0x00016e03       0x1c ./Core/Src/VL53L1X.o
 .debug_macro   0x00016e1f       0x16 ./Core/Src/VL53L1X.o
 .debug_macro   0x00016e35      0x146 ./Core/Src/VL53L1X.o
 .debug_macro   0x00016f7b       0x16 ./Core/Src/VL53L1X.o
 .debug_macro   0x00016f91       0x16 ./Core/Src/VL53L1X.o
 .debug_macro   0x00016fa7       0x29 ./Core/Src/VL53L1X.o
 .debug_macro   0x00016fd0      0x112 ./Core/Src/VL53L1X.o
 .debug_macro   0x000170e2      0x1c5 ./Core/Src/VL53L1X_api.o
 .debug_macro   0x000172a7      0x355 ./Core/Src/VL53L1_Handler.o
 .debug_macro   0x000175fc      0x1d0 ./Core/Src/can.o
 .debug_macro   0x000177cc      0x1d0 ./Core/Src/gpio.o
 .debug_macro   0x0001799c      0x1d0 ./Core/Src/i2c.o
 .debug_macro   0x00017b6c      0x39b ./Core/Src/main.o
 .debug_macro   0x00017f07       0x16 ./Core/Src/main.o
 .debug_macro   0x00017f1d       0x16 ./Core/Src/main.o
 .debug_macro   0x00017f33       0x3a ./Core/Src/main.o
 .debug_macro   0x00017f6d       0x16 ./Core/Src/main.o
 .debug_macro   0x00017f83      0x1c6 ./Core/Src/stm32f1xx_hal_msp.o
 .debug_macro   0x00018149      0x1d0 ./Core/Src/stm32f1xx_it.o
 .debug_macro   0x00018319       0xff ./Core/Src/sysmem.o
 .debug_macro   0x00018418      0x23c ./Core/Src/sysmem.o
 .debug_macro   0x00018654      0x1b7 ./Core/Src/system_stm32f1xx.o
 .debug_macro   0x0001880b      0x1d0 ./Core/Src/tim.o
 .debug_macro   0x000189db      0x29e ./Core/Src/usart.o
 .debug_macro   0x00018c79      0x3fd ./Core/Src/vl53l1_platform.o
 .debug_macro   0x00019076      0x126 ./Core/Src/vl53l1_platform.o
 .debug_macro   0x0001919c       0x16 ./Core/Src/vl53l1_platform.o
 .debug_macro   0x000191b2       0xc1 ./Core/Src/vl53l1_platform.o
 .debug_macro   0x00019273      0x19b ./Core/Src/vl53l1_platform.o
 .debug_macro   0x0001940e      0x1db ./Drivers/STM32F1xx_HAL_Driver/Src/stm32f1xx_hal.o
 .debug_macro   0x000195e9      0x1c6 ./Drivers/STM32F1xx_HAL_Driver/Src/stm32f1xx_hal_can.o
 .debug_macro   0x000197af      0x1b7 ./Drivers/STM32F1xx_HAL_Driver/Src/stm32f1xx_hal_cortex.o
 .debug_macro   0x00019966      0x222 ./Drivers/STM32F1xx_HAL_Driver/Src/stm32f1xx_hal_gpio.o
 .debug_macro   0x00019b88      0x205 ./Drivers/STM32F1xx_HAL_Driver/Src/stm32f1xx_hal_i2c.o
 .debug_macro   0x00019d8d      0x1c9 ./Drivers/STM32F1xx_HAL_Driver/Src/stm32f1xx_hal_rcc.o
 .debug_macro   0x00019f56      0x1b8 ./Drivers/STM32F1xx_HAL_Driver/Src/stm32f1xx_hal_tim.o
 .debug_macro   0x0001a10e      0x1b7 ./Drivers/STM32F1xx_HAL_Driver/Src/stm32f1xx_hal_tim_ex.o
 .debug_macro   0x0001a2c5      0x1b8 ./Drivers/STM32F1xx_HAL_Driver/Src/stm32f1xx_hal_uart.o

.debug_line     0x00000000    0x180d8
 .debug_line    0x00000000      0x7a2 ./Core/Src/CAN_Handler.o
 .debug_line    0x000007a2      0x77b ./Core/Src/SIGNAL.o
 .debug_line    0x00000f1d      0xb04 ./Core/Src/VL53L1X.o
 .debug_line    0x00001a21      0xe8f ./Core/Src/VL53L1X_api.o
 .debug_line    0x000028b0      0x999 ./Core/Src/VL53L1_Handler.o
 .debug_line    0x00003249      0x7a9 ./Core/Src/can.o
 .debug_line    0x000039f2      0x750 ./Core/Src/gpio.o
 .debug_line    0x00004142      0x798 ./Core/Src/i2c.o
 .debug_line    0x000048da      0xad6 ./Core/Src/main.o
 .debug_line    0x000053b0      0x734 ./Core/Src/stm32f1xx_hal_msp.o
 .debug_line    0x00005ae4      0x825 ./Core/Src/stm32f1xx_it.o
 .debug_line    0x00006309      0x583 ./Core/Src/sysmem.o
 .debug_line    0x0000688c      0x7b1 ./Core/Src/system_stm32f1xx.o
 .debug_line    0x0000703d      0x7a0 ./Core/Src/tim.o
 .debug_line    0x000077dd      0x920 ./Core/Src/usart.o
 .debug_line    0x000080fd      0xc35 ./Core/Src/vl53l1_platform.o
 .debug_line    0x00008d32       0x78 ./Core/Startup/startup_stm32f103c8tx.o
 .debug_line    0x00008daa      0x9de ./Drivers/STM32F1xx_HAL_Driver/Src/stm32f1xx_hal.o
 .debug_line    0x00009788     0x11c0 ./Drivers/STM32F1xx_HAL_Driver/Src/stm32f1xx_hal_can.o
 .debug_line    0x0000a948      0xbca ./Drivers/STM32F1xx_HAL_Driver/Src/stm32f1xx_hal_cortex.o
 .debug_line    0x0000b512      0xa77 ./Drivers/STM32F1xx_HAL_Driver/Src/stm32f1xx_hal_gpio.o
 .debug_line    0x0000bf89     0x3c7b ./Drivers/STM32F1xx_HAL_Driver/Src/stm32f1xx_hal_i2c.o
 .debug_line    0x0000fc04      0xde7 ./Drivers/STM32F1xx_HAL_Driver/Src/stm32f1xx_hal_rcc.o
 .debug_line    0x000109eb     0x3503 ./Drivers/STM32F1xx_HAL_Driver/Src/stm32f1xx_hal_tim.o
 .debug_line    0x00013eee     0x192d ./Drivers/STM32F1xx_HAL_Driver/Src/stm32f1xx_hal_tim_ex.o
 .debug_line    0x0001581b     0x28bd ./Drivers/STM32F1xx_HAL_Driver/Src/stm32f1xx_hal_uart.o

.debug_str      0x00000000    0x92399
 .debug_str     0x00000000    0x8739b ./Core/Src/CAN_Handler.o
                              0x8771d (size before relaxing)
 .debug_str     0x0008739b      0x13e ./Core/Src/SIGNAL.o
                              0x87350 (size before relaxing)
 .debug_str     0x000874d9     0x45c9 ./Core/Src/VL53L1X.o
                              0x8b8b6 (size before relaxing)
 .debug_str     0x0008baa2      0x5ce ./Core/Src/VL53L1X_api.o
                               0x86c9 (size before relaxing)
 .debug_str     0x0008c070       0xab ./Core/Src/VL53L1_Handler.o
                              0x8b755 (size before relaxing)
 .debug_str     0x0008c11b      0x399 ./Core/Src/can.o
                              0x8790c (size before relaxing)
 .debug_str     0x0008c4b4       0x20 ./Core/Src/gpio.o
                              0x8731b (size before relaxing)
 .debug_str     0x0008c4d4       0x51 ./Core/Src/i2c.o
                              0x877d5 (size before relaxing)
 .debug_str     0x0008c525      0x1e5 ./Core/Src/main.o
                              0x8be7a (size before relaxing)
 .debug_str     0x0008c70a       0x50 ./Core/Src/stm32f1xx_hal_msp.o
                              0x872a3 (size before relaxing)
 .debug_str     0x0008c75a      0x36e ./Core/Src/stm32f1xx_it.o
                              0x87a35 (size before relaxing)
 .debug_str     0x0008cac8      0x4dc ./Core/Src/sysmem.o
                               0x60a3 (size before relaxing)
 .debug_str     0x0008cfa4       0x7e ./Core/Src/system_stm32f1xx.o
                              0x871bd (size before relaxing)
 .debug_str     0x0008d022      0x13c ./Core/Src/tim.o
                              0x87bc4 (size before relaxing)
 .debug_str     0x0008d15e      0x249 ./Core/Src/usart.o
                              0x8a8d9 (size before relaxing)
 .debug_str     0x0008d3a7     0x1cb1 ./Core/Src/vl53l1_platform.o
                              0x8cd15 (size before relaxing)
 .debug_str     0x0008f058       0x44 ./Core/Startup/startup_stm32f103c8tx.o
                                 0xae (size before relaxing)
 .debug_str     0x0008f09c      0x384 ./Drivers/STM32F1xx_HAL_Driver/Src/stm32f1xx_hal.o
                              0x878f0 (size before relaxing)
 .debug_str     0x0008f420      0x3ef ./Drivers/STM32F1xx_HAL_Driver/Src/stm32f1xx_hal_can.o
                              0x879c5 (size before relaxing)
 .debug_str     0x0008f80f      0x262 ./Drivers/STM32F1xx_HAL_Driver/Src/stm32f1xx_hal_cortex.o
                              0x8783c (size before relaxing)
 .debug_str     0x0008fa71      0x2e6 ./Drivers/STM32F1xx_HAL_Driver/Src/stm32f1xx_hal_gpio.o
                              0x87543 (size before relaxing)
 .debug_str     0x0008fd57      0xba6 ./Drivers/STM32F1xx_HAL_Driver/Src/stm32f1xx_hal_i2c.o
                              0x88284 (size before relaxing)
 .debug_str     0x000908fd      0x209 ./Drivers/STM32F1xx_HAL_Driver/Src/stm32f1xx_hal_rcc.o
                              0x875ec (size before relaxing)
 .debug_str     0x00090b06      0xdf1 ./Drivers/STM32F1xx_HAL_Driver/Src/stm32f1xx_hal_tim.o
                              0x885ee (size before relaxing)
 .debug_str     0x000918f7      0x493 ./Drivers/STM32F1xx_HAL_Driver/Src/stm32f1xx_hal_tim_ex.o
                              0x87dfa (size before relaxing)
 .debug_str     0x00091d8a      0x60f ./Drivers/STM32F1xx_HAL_Driver/Src/stm32f1xx_hal_uart.o
                              0x87c5d (size before relaxing)

.comment        0x00000000       0x43
 .comment       0x00000000       0x43 ./Core/Src/CAN_Handler.o
                                 0x44 (size before relaxing)
 .comment       0x00000043       0x44 ./Core/Src/SIGNAL.o
 .comment       0x00000043       0x44 ./Core/Src/VL53L1X.o
 .comment       0x00000043       0x44 ./Core/Src/VL53L1X_api.o
 .comment       0x00000043       0x44 ./Core/Src/VL53L1_Handler.o
 .comment       0x00000043       0x44 ./Core/Src/can.o
 .comment       0x00000043       0x44 ./Core/Src/gpio.o
 .comment       0x00000043       0x44 ./Core/Src/i2c.o
 .comment       0x00000043       0x44 ./Core/Src/main.o
 .comment       0x00000043       0x44 ./Core/Src/stm32f1xx_hal_msp.o
 .comment       0x00000043       0x44 ./Core/Src/stm32f1xx_it.o
 .comment       0x00000043       0x44 ./Core/Src/sysmem.o
 .comment       0x00000043       0x44 ./Core/Src/system_stm32f1xx.o
 .comment       0x00000043       0x44 ./Core/Src/tim.o
 .comment       0x00000043       0x44 ./Core/Src/usart.o
 .comment       0x00000043       0x44 ./Core/Src/vl53l1_platform.o
 .comment       0x00000043       0x44 ./Drivers/STM32F1xx_HAL_Driver/Src/stm32f1xx_hal.o
 .comment       0x00000043       0x44 ./Drivers/STM32F1xx_HAL_Driver/Src/stm32f1xx_hal_can.o
 .comment       0x00000043       0x44 ./Drivers/STM32F1xx_HAL_Driver/Src/stm32f1xx_hal_cortex.o
 .comment       0x00000043       0x44 ./Drivers/STM32F1xx_HAL_Driver/Src/stm32f1xx_hal_gpio.o
 .comment       0x00000043       0x44 ./Drivers/STM32F1xx_HAL_Driver/Src/stm32f1xx_hal_i2c.o
 .comment       0x00000043       0x44 ./Drivers/STM32F1xx_HAL_Driver/Src/stm32f1xx_hal_rcc.o
 .comment       0x00000043       0x44 ./Drivers/STM32F1xx_HAL_Driver/Src/stm32f1xx_hal_tim.o
 .comment       0x00000043       0x44 ./Drivers/STM32F1xx_HAL_Driver/Src/stm32f1xx_hal_tim_ex.o
 .comment       0x00000043       0x44 ./Drivers/STM32F1xx_HAL_Driver/Src/stm32f1xx_hal_uart.o

.debug_frame    0x00000000     0x5294
 .debug_frame   0x00000000       0x7c ./Core/Src/CAN_Handler.o
 .debug_frame   0x0000007c       0x5c ./Core/Src/SIGNAL.o
 .debug_frame   0x000000d8      0x110 ./Core/Src/VL53L1X.o
 .debug_frame   0x000001e8      0x610 ./Core/Src/VL53L1X_api.o
 .debug_frame   0x000007f8       0x78 ./Core/Src/VL53L1_Handler.o
 .debug_frame   0x00000870       0x74 ./Core/Src/can.o
 .debug_frame   0x000008e4       0x34 ./Core/Src/gpio.o
 .debug_frame   0x00000918       0x74 ./Core/Src/i2c.o
 .debug_frame   0x0000098c       0x90 ./Core/Src/main.o
 .debug_frame   0x00000a1c       0x38 ./Core/Src/stm32f1xx_hal_msp.o
 .debug_frame   0x00000a54      0x13c ./Core/Src/stm32f1xx_it.o
 .debug_frame   0x00000b90       0x34 ./Core/Src/sysmem.o
 .debug_frame   0x00000bc4       0x58 ./Core/Src/system_stm32f1xx.o
 .debug_frame   0x00000c1c       0x7c ./Core/Src/tim.o
 .debug_frame   0x00000c98       0x98 ./Core/Src/usart.o
 .debug_frame   0x00000d30      0x1a0 ./Core/Src/vl53l1_platform.o
 .debug_frame   0x00000ed0      0x334 ./Drivers/STM32F1xx_HAL_Driver/Src/stm32f1xx_hal.o
 .debug_frame   0x00001204      0x5a0 ./Drivers/STM32F1xx_HAL_Driver/Src/stm32f1xx_hal_can.o
 .debug_frame   0x000017a4      0x428 ./Drivers/STM32F1xx_HAL_Driver/Src/stm32f1xx_hal_cortex.o
 .debug_frame   0x00001bcc      0x14c ./Drivers/STM32F1xx_HAL_Driver/Src/stm32f1xx_hal_gpio.o
 .debug_frame   0x00001d18      0xc84 ./Drivers/STM32F1xx_HAL_Driver/Src/stm32f1xx_hal_i2c.o
 .debug_frame   0x0000299c      0x218 ./Drivers/STM32F1xx_HAL_Driver/Src/stm32f1xx_hal_rcc.o
 .debug_frame   0x00002bb4     0x11b8 ./Drivers/STM32F1xx_HAL_Driver/Src/stm32f1xx_hal_tim.o
 .debug_frame   0x00003d6c      0x638 ./Drivers/STM32F1xx_HAL_Driver/Src/stm32f1xx_hal_tim_ex.o
 .debug_frame   0x000043a4      0x944 ./Drivers/STM32F1xx_HAL_Driver/Src/stm32f1xx_hal_uart.o
 .debug_frame   0x00004ce8      0x144 C:/ST/STM32CubeIDE_1.16.1/STM32CubeIDE/plugins/com.st.stm32cube.ide.mcu.externaltools.gnu-tools-for-stm32.12.3.rel1.win32_1.0.200.202406191623/tools/bin/../lib/gcc/arm-none-eabi/12.3.1/../../../../arm-none-eabi/lib/thumb/v7-m/nofp\libc_nano.a(libc_a-findfp.o)
 .debug_frame   0x00004e2c       0x6c C:/ST/STM32CubeIDE_1.16.1/STM32CubeIDE/plugins/com.st.stm32cube.ide.mcu.externaltools.gnu-tools-for-stm32.12.3.rel1.win32_1.0.200.202406191623/tools/bin/../lib/gcc/arm-none-eabi/12.3.1/../../../../arm-none-eabi/lib/thumb/v7-m/nofp\libc_nano.a(libc_a-sprintf.o)
 .debug_frame   0x00004e98       0x20 C:/ST/STM32CubeIDE_1.16.1/STM32CubeIDE/plugins/com.st.stm32cube.ide.mcu.externaltools.gnu-tools-for-stm32.12.3.rel1.win32_1.0.200.202406191623/tools/bin/../lib/gcc/arm-none-eabi/12.3.1/../../../../arm-none-eabi/lib/thumb/v7-m/nofp\libc_nano.a(libc_a-memset.o)
 .debug_frame   0x00004eb8       0x38 C:/ST/STM32CubeIDE_1.16.1/STM32CubeIDE/plugins/com.st.stm32cube.ide.mcu.externaltools.gnu-tools-for-stm32.12.3.rel1.win32_1.0.200.202406191623/tools/bin/../lib/gcc/arm-none-eabi/12.3.1/../../../../arm-none-eabi/lib/thumb/v7-m/nofp\libc_nano.a(libc_a-reent.o)
 .debug_frame   0x00004ef0       0x20 C:/ST/STM32CubeIDE_1.16.1/STM32CubeIDE/plugins/com.st.stm32cube.ide.mcu.externaltools.gnu-tools-for-stm32.12.3.rel1.win32_1.0.200.202406191623/tools/bin/../lib/gcc/arm-none-eabi/12.3.1/../../../../arm-none-eabi/lib/thumb/v7-m/nofp\libc_nano.a(libc_a-errno.o)
 .debug_frame   0x00004f10       0x2c C:/ST/STM32CubeIDE_1.16.1/STM32CubeIDE/plugins/com.st.stm32cube.ide.mcu.externaltools.gnu-tools-for-stm32.12.3.rel1.win32_1.0.200.202406191623/tools/bin/../lib/gcc/arm-none-eabi/12.3.1/../../../../arm-none-eabi/lib/thumb/v7-m/nofp\libc_nano.a(libc_a-init.o)
 .debug_frame   0x00004f3c       0xb0 C:/ST/STM32CubeIDE_1.16.1/STM32CubeIDE/plugins/com.st.stm32cube.ide.mcu.externaltools.gnu-tools-for-stm32.12.3.rel1.win32_1.0.200.202406191623/tools/bin/../lib/gcc/arm-none-eabi/12.3.1/../../../../arm-none-eabi/lib/thumb/v7-m/nofp\libc_nano.a(libc_a-lock.o)
 .debug_frame   0x00004fec       0x28 C:/ST/STM32CubeIDE_1.16.1/STM32CubeIDE/plugins/com.st.stm32cube.ide.mcu.externaltools.gnu-tools-for-stm32.12.3.rel1.win32_1.0.200.202406191623/tools/bin/../lib/gcc/arm-none-eabi/12.3.1/../../../../arm-none-eabi/lib/thumb/v7-m/nofp\libc_nano.a(libc_a-memcpy-stub.o)
 .debug_frame   0x00005014       0x38 C:/ST/STM32CubeIDE_1.16.1/STM32CubeIDE/plugins/com.st.stm32cube.ide.mcu.externaltools.gnu-tools-for-stm32.12.3.rel1.win32_1.0.200.202406191623/tools/bin/../lib/gcc/arm-none-eabi/12.3.1/../../../../arm-none-eabi/lib/thumb/v7-m/nofp\libc_nano.a(libc_a-freer.o)
 .debug_frame   0x0000504c       0x50 C:/ST/STM32CubeIDE_1.16.1/STM32CubeIDE/plugins/com.st.stm32cube.ide.mcu.externaltools.gnu-tools-for-stm32.12.3.rel1.win32_1.0.200.202406191623/tools/bin/../lib/gcc/arm-none-eabi/12.3.1/../../../../arm-none-eabi/lib/thumb/v7-m/nofp\libc_nano.a(libc_a-mallocr.o)
 .debug_frame   0x0000509c       0x30 C:/ST/STM32CubeIDE_1.16.1/STM32CubeIDE/plugins/com.st.stm32cube.ide.mcu.externaltools.gnu-tools-for-stm32.12.3.rel1.win32_1.0.200.202406191623/tools/bin/../lib/gcc/arm-none-eabi/12.3.1/../../../../arm-none-eabi/lib/thumb/v7-m/nofp\libc_nano.a(libc_a-mlock.o)
 .debug_frame   0x000050cc       0x90 C:/ST/STM32CubeIDE_1.16.1/STM32CubeIDE/plugins/com.st.stm32cube.ide.mcu.externaltools.gnu-tools-for-stm32.12.3.rel1.win32_1.0.200.202406191623/tools/bin/../lib/gcc/arm-none-eabi/12.3.1/../../../../arm-none-eabi/lib/thumb/v7-m/nofp\libc_nano.a(libc_a-nano-svfprintf.o)
 .debug_frame   0x0000515c       0x60 C:/ST/STM32CubeIDE_1.16.1/STM32CubeIDE/plugins/com.st.stm32cube.ide.mcu.externaltools.gnu-tools-for-stm32.12.3.rel1.win32_1.0.200.202406191623/tools/bin/../lib/gcc/arm-none-eabi/12.3.1/../../../../arm-none-eabi/lib/thumb/v7-m/nofp\libc_nano.a(libc_a-nano-vfprintf_i.o)
 .debug_frame   0x000051bc       0x28 C:/ST/STM32CubeIDE_1.16.1/STM32CubeIDE/plugins/com.st.stm32cube.ide.mcu.externaltools.gnu-tools-for-stm32.12.3.rel1.win32_1.0.200.202406191623/tools/bin/../lib/gcc/arm-none-eabi/12.3.1/../../../../arm-none-eabi/lib/thumb/v7-m/nofp\libc_nano.a(libc_a-memmove.o)
 .debug_frame   0x000051e4       0x2c C:/ST/STM32CubeIDE_1.16.1/STM32CubeIDE/plugins/com.st.stm32cube.ide.mcu.externaltools.gnu-tools-for-stm32.12.3.rel1.win32_1.0.200.202406191623/tools/bin/../lib/gcc/arm-none-eabi/12.3.1/../../../../arm-none-eabi/lib/thumb/v7-m/nofp\libc_nano.a(libc_a-sbrkr.o)
 .debug_frame   0x00005210       0x28 C:/ST/STM32CubeIDE_1.16.1/STM32CubeIDE/plugins/com.st.stm32cube.ide.mcu.externaltools.gnu-tools-for-stm32.12.3.rel1.win32_1.0.200.202406191623/tools/bin/../lib/gcc/arm-none-eabi/12.3.1/../../../../arm-none-eabi/lib/thumb/v7-m/nofp\libc_nano.a(libc_a-memchr-stub.o)
 .debug_frame   0x00005238       0x3c C:/ST/STM32CubeIDE_1.16.1/STM32CubeIDE/plugins/com.st.stm32cube.ide.mcu.externaltools.gnu-tools-for-stm32.12.3.rel1.win32_1.0.200.202406191623/tools/bin/../lib/gcc/arm-none-eabi/12.3.1/../../../../arm-none-eabi/lib/thumb/v7-m/nofp\libc_nano.a(libc_a-reallocr.o)
 .debug_frame   0x00005274       0x20 C:/ST/STM32CubeIDE_1.16.1/STM32CubeIDE/plugins/com.st.stm32cube.ide.mcu.externaltools.gnu-tools-for-stm32.12.3.rel1.win32_1.0.200.202406191623/tools/bin/../lib/gcc/arm-none-eabi/12.3.1/../../../../arm-none-eabi/lib/thumb/v7-m/nofp\libc_nano.a(libc_a-msizer.o)

.debug_line_str
                0x00000000       0x92
 .debug_line_str
                0x00000000       0x92 ./Core/Startup/startup_stm32f103c8tx.o