../Core/Src/main.c:64:6:print	32	static
../Core/Src/main.c:83:10:readv	64	static
../Core/Src/main.c:101:6:INA219_SetCalibration	32	static
../Core/Src/main.c:107:10:readCurrent	48	static
../Core/Src/main.c:127:5:main	16	static
../Core/Src/main.c:209:6:SystemClock_Config	88	static
../Core/Src/main.c:256:13:MX_ADC1_Init	24	static
../Core/Src/main.c:303:13:MX_I2C1_Init	8	static
../Core/Src/main.c:337:13:MX_USART1_UART_Init	8	static
../Core/Src/main.c:370:13:MX_GPIO_Init	40	static
../Core/Src/main.c:403:6:Error_Handler	4	static,ignoring_inline_asm
